app/api/emergency/incidents/[id]/route.ts(73,11): error TS2741: Property 'lastUpdatedBy' is missing in type '{ id: string; }' but required in type 'UpdateIncidentInput'.
app/api/emergency/incidents/[id]/route.ts(88,9): error TS2353: Object literal may only specify known properties, and 'latitude' does not exist in type 'Partial<IncidentLocation>'.
app/api/emergency/incidents/[id]/route.ts(154,50): error TS2345: Argument of type '{ id: string; status: "closed"; notes: string; }' is not assignable to parameter of type 'UpdateIncidentInput'.
  Property 'lastUpdatedBy' is missing in type '{ id: string; status: "closed"; notes: string; }' but required in type 'UpdateIncidentInput'.
app/api/emergency/incidents/route.ts(44,7): error TS2322: Type 'string[]' is not assignable to type 'IncidentType[]'.
  Type 'string' is not assignable to type 'IncidentType'.
app/api/emergency/incidents/route.ts(152,9): error TS2353: Object literal may only specify known properties, and 'latitude' does not exist in type 'IncidentLocation'.
app/api/escalation/route.ts(4,10): error TS2724: '"@/types/escalation"' has no exported member named 'escalation_status'. Did you mean 'EscalationStatus'?
app/api/escalation/route.ts(4,29): error TS2724: '"@/types/escalation"' has no exported member named 'escalation_trigger_type'. Did you mean 'EscalationTriggerType'?
app/api/incidents/route.ts(4,10): error TS2724: '"@/types/incident"' has no exported member named 'incident_status'. Did you mean 'IncidentStatus'?
app/api/incidents/route.ts(4,27): error TS2724: '"@/types/incident"' has no exported member named 'incident_severity'. Did you mean 'IncidentSeverity'?
app/api/incidents/route.ts(136,27): error TS2339: Property 'priority' does not exist on type 'IncidentFormData'.
app/api/incidents/route.ts(145,27): error TS2339: Property 'category_id' does not exist on type 'IncidentFormData'.
app/api/incidents/route.ts(151,36): error TS2339: Property 'asset_id' does not exist on type 'IncidentLocation'.
app/api/incidents/route.ts(152,46): error TS2339: Property 'asset_location_lat' does not exist on type 'IncidentLocation'.
app/api/incidents/route.ts(153,46): error TS2339: Property 'asset_location_lng' does not exist on type 'IncidentLocation'.
app/api/incidents/route.ts(156,37): error TS2339: Property 'estimated_restoration' does not exist on type 'IncidentFormData'.
app/api/incidents/route.ts(157,34): error TS2339: Property 'actual_restoration' does not exist on type 'IncidentFormData'.
app/api/incidents/route.ts(158,26): error TS2339: Property 'root_cause' does not exist on type 'IncidentFormData'.
app/api/incidents/route.ts(159,34): error TS2339: Property 'resolution_summary' does not exist on type 'IncidentFormData'.
app/api/incidents/route.ts(160,30): error TS2339: Property 'internal_notes' does not exist on type 'IncidentFormData'.
app/api/incidents/route.ts(161,30): error TS2339: Property 'public_updates' does not exist on type 'IncidentFormData'.
app/api/incidents/route.ts(162,26): error TS2339: Property 'media_urls' does not exist on type 'IncidentFormData'.
app/api/incidents/route.ts(163,27): error TS2339: Property 'reported_by' does not exist on type 'IncidentFormData'.
app/api/incidents/route.ts(164,29): error TS2339: Property 'reporter_name' does not exist on type 'IncidentFormData'.
app/api/incidents/route.ts(165,30): error TS2339: Property 'reporter_phone' does not exist on type 'IncidentFormData'.
app/api/incidents/route.ts(166,30): error TS2339: Property 'reporter_email' does not exist on type 'IncidentFormData'.
app/api/incidents/route.ts(178,46): error TS2339: Property 'auto_escalate' does not exist on type 'IncidentFormData'.
app/api/issues/route.ts(4,10): error TS2724: '"@/types/civic-issue"' has no exported member named 'issueCategory'. Did you mean 'IssueCategory'?
app/api/issues/route.ts(4,25): error TS2724: '"@/types/civic-issue"' has no exported member named 'issuePriority'. Did you mean 'IssuePriority'?
app/api/maintenance/route.ts(3,57): error TS2305: Module '"@/types/maintenance"' has no exported member 'WorkOrder'.
app/api/maintenance/route.ts(4,10): error TS2724: '"@/types/maintenance"' has no exported member named 'maintenance_schedule_status'. Did you mean 'MaintenanceScheduleStatus'?
app/api/maintenance/route.ts(4,39): error TS2724: '"@/types/maintenance"' has no exported member named 'work_order_status'. Did you mean 'WorkOrderStatus'?
app/api/maintenance/route.ts(4,58): error TS2724: '"@/types/maintenance"' has no exported member named 'maintenance_type'. Did you mean 'MaintenanceType'?
app/api/resources/route.ts(4,10): error TS2724: '"@/types/resource"' has no exported member named 'resource_status'. Did you mean 'ResourceStatus'?
app/api/resources/route.ts(4,27): error TS2724: '"@/types/resource"' has no exported member named 'resource_type'. Did you mean 'ResourceType'?
app/api/resources/route.ts(221,32): error TS2339: Property 'status' does not exist on type 'ResourceFormData'.
app/api/service-requests/route.ts(4,10): error TS2305: Module '"@/types/service-request"' has no exported member 'request_status'.
app/api/service-requests/route.ts(4,26): error TS2724: '"@/types/service-request"' has no exported member named 'service_priority'. Did you mean 'ServicePriority'?
app/api/service-requests/route.ts(137,29): error TS2339: Property 'customer_name' does not exist on type 'ServiceRequestFormData'.
app/api/service-requests/route.ts(138,30): error TS2339: Property 'customer_email' does not exist on type 'ServiceRequestFormData'.
app/api/service-requests/route.ts(139,30): error TS2339: Property 'customer_phone' does not exist on type 'ServiceRequestFormData'.
app/api/service-requests/route.ts(140,27): error TS2339: Property 'customer_id' does not exist on type 'ServiceRequestFormData'.
app/api/service-requests/route.ts(147,36): error TS2339: Property 'asset_id' does not exist on type 'ServiceRequestLocation'.
app/api/service-requests/route.ts(148,46): error TS2339: Property 'asset_location_lat' does not exist on type 'ServiceRequestLocation'.
app/api/service-requests/route.ts(149,46): error TS2339: Property 'asset_location_lng' does not exist on type 'ServiceRequestLocation'.
app/api/service-requests/route.ts(151,26): error TS2339: Property 'media_urls' does not exist on type 'ServiceRequestFormData'.
app/api/service-requests/route.ts(152,30): error TS2339: Property 'internal_notes' does not exist on type 'ServiceRequestFormData'.
app/api/service-requests/route.ts(153,29): error TS2339: Property 'custom_fields' does not exist on type 'ServiceRequestFormData'.
app/api/service-requests/route.ts(165,14): error TS2339: Property 'communication' does not exist on type 'ServiceRequestFormData'.
app/api/service-requests/route.ts(169,23): error TS2339: Property 'communication' does not exist on type 'ServiceRequestFormData'.
app/api/service-requests/route.ts(170,25): error TS2339: Property 'communication' does not exist on type 'ServiceRequestFormData'.
app/api/service-requests/route.ts(171,23): error TS2339: Property 'communication' does not exist on type 'ServiceRequestFormData'.
app/api/service-requests/route.ts(172,23): error TS2339: Property 'communication' does not exist on type 'ServiceRequestFormData'.
app/api/service-requests/route.ts(173,22): error TS2339: Property 'customer_email' does not exist on type 'ServiceRequestFormData'.
app/api/service-requests/route.ts(173,45): error TS2339: Property 'customer_name' does not exist on type 'ServiceRequestFormData'.
components/civic/issue-report-form.tsx(56,5): error TS2322: Type 'Resolver<{ title: string; description: string; category: string; reporterName: string; priority?: "low" | "medium" | "high" | "critical" | undefined; reporterPhone?: string | undefined; reporterEmail?: string | undefined; }, any, { ...; }>' is not assignable to type 'Resolver<{ priority: "low" | "medium" | "high" | "critical"; title: string; description: string; category: string; reporterName: string; reporterPhone?: string | undefined; reporterEmail?: string | undefined; }, any, { ...; }>'.
  Types of parameters 'options' and 'options' are incompatible.
    Type 'ResolverOptions<{ priority: "low" | "medium" | "high" | "critical"; title: string; description: string; category: string; reporterName: string; reporterPhone?: string | undefined; reporterEmail?: string | undefined; }>' is not assignable to type 'ResolverOptions<{ title: string; description: string; category: string; reporterName: string; priority?: "low" | "medium" | "high" | "critical" | undefined; reporterPhone?: string | undefined; reporterEmail?: string | undefined; }>'.
      Type '"low" | "medium" | "high" | "critical" | undefined' is not assignable to type '"low" | "medium" | "high" | "critical"'.
        Type 'undefined' is not assignable to type '"low" | "medium" | "high" | "critical"'.
components/civic/issue-report-form.tsx(141,45): error TS2345: Argument of type '(data: IssueFormData) => Promise<void>' is not assignable to parameter of type 'SubmitHandler<TFieldValues>'.
  Types of parameters 'data' and 'data' are incompatible.
    Type 'TFieldValues' is not assignable to type '{ priority: "low" | "medium" | "high" | "critical"; title: string; description: string; category: string; reporterName: string; reporterPhone?: string | undefined; reporterEmail?: string | undefined; }'.
      Type 'FieldValues' is missing the following properties from type '{ priority: "low" | "medium" | "high" | "critical"; title: string; description: string; category: string; reporterName: string; reporterPhone?: string | undefined; reporterEmail?: string | undefined; }': priority, title, description, category, reporterName
components/civic/issue-report-form.tsx(144,15): error TS2322: Type 'Control<{ priority: "low" | "medium" | "high" | "critical"; title: string; description: string; category: string; reporterName: string; reporterPhone?: string | undefined; reporterEmail?: string | undefined; }, any, TFieldValues>' is not assignable to type 'Control<{ priority: "low" | "medium" | "high" | "critical"; title: string; description: string; category: string; reporterName: string; reporterPhone?: string | undefined; reporterEmail?: string | undefined; }, any, { ...; }>'.
  The types of '_options.resolver' are incompatible between these types.
    Type 'Resolver<{ priority: "low" | "medium" | "high" | "critical"; title: string; description: string; category: string; reporterName: string; reporterPhone?: string | undefined; reporterEmail?: string | undefined; }, any, TFieldValues> | undefined' is not assignable to type 'Resolver<{ priority: "low" | "medium" | "high" | "critical"; title: string; description: string; category: string; reporterName: string; reporterPhone?: string | undefined; reporterEmail?: string | undefined; }, any, { ...; }> | undefined'.
      Type 'Resolver<{ priority: "low" | "medium" | "high" | "critical"; title: string; description: string; category: string; reporterName: string; reporterPhone?: string | undefined; reporterEmail?: string | undefined; }, any, TFieldValues>' is not assignable to type 'Resolver<{ priority: "low" | "medium" | "high" | "critical"; title: string; description: string; category: string; reporterName: string; reporterPhone?: string | undefined; reporterEmail?: string | undefined; }, any, { ...; }>'.
        Type 'TFieldValues' is not assignable to type '{ priority: "low" | "medium" | "high" | "critical"; title: string; description: string; category: string; reporterName: string; reporterPhone?: string | undefined; reporterEmail?: string | undefined; }'.
          Type 'FieldValues' is missing the following properties from type '{ priority: "low" | "medium" | "high" | "critical"; title: string; description: string; category: string; reporterName: string; reporterPhone?: string | undefined; reporterEmail?: string | undefined; }': priority, title, description, category, reporterName
components/civic/issue-report-form.tsx(160,15): error TS2322: Type 'Control<{ priority: "low" | "medium" | "high" | "critical"; title: string; description: string; category: string; reporterName: string; reporterPhone?: string | undefined; reporterEmail?: string | undefined; }, any, TFieldValues>' is not assignable to type 'Control<{ priority: "low" | "medium" | "high" | "critical"; title: string; description: string; category: string; reporterName: string; reporterPhone?: string | undefined; reporterEmail?: string | undefined; }, any, { ...; }>'.
  The types of '_options.resolver' are incompatible between these types.
    Type 'Resolver<{ priority: "low" | "medium" | "high" | "critical"; title: string; description: string; category: string; reporterName: string; reporterPhone?: string | undefined; reporterEmail?: string | undefined; }, any, TFieldValues> | undefined' is not assignable to type 'Resolver<{ priority: "low" | "medium" | "high" | "critical"; title: string; description: string; category: string; reporterName: string; reporterPhone?: string | undefined; reporterEmail?: string | undefined; }, any, { ...; }> | undefined'.
      Type 'Resolver<{ priority: "low" | "medium" | "high" | "critical"; title: string; description: string; category: string; reporterName: string; reporterPhone?: string | undefined; reporterEmail?: string | undefined; }, any, TFieldValues>' is not assignable to type 'Resolver<{ priority: "low" | "medium" | "high" | "critical"; title: string; description: string; category: string; reporterName: string; reporterPhone?: string | undefined; reporterEmail?: string | undefined; }, any, { ...; }>'.
        Type 'TFieldValues' is not assignable to type '{ priority: "low" | "medium" | "high" | "critical"; title: string; description: string; category: string; reporterName: string; reporterPhone?: string | undefined; reporterEmail?: string | undefined; }'.
          Type 'FieldValues' is missing the following properties from type '{ priority: "low" | "medium" | "high" | "critical"; title: string; description: string; category: string; reporterName: string; reporterPhone?: string | undefined; reporterEmail?: string | undefined; }': priority, title, description, category, reporterName
components/civic/issue-report-form.tsx(175,15): error TS2322: Type 'Control<{ priority: "low" | "medium" | "high" | "critical"; title: string; description: string; category: string; reporterName: string; reporterPhone?: string | undefined; reporterEmail?: string | undefined; }, any, TFieldValues>' is not assignable to type 'Control<{ priority: "low" | "medium" | "high" | "critical"; title: string; description: string; category: string; reporterName: string; reporterPhone?: string | undefined; reporterEmail?: string | undefined; }, any, { ...; }>'.
  The types of '_options.resolver' are incompatible between these types.
    Type 'Resolver<{ priority: "low" | "medium" | "high" | "critical"; title: string; description: string; category: string; reporterName: string; reporterPhone?: string | undefined; reporterEmail?: string | undefined; }, any, TFieldValues> | undefined' is not assignable to type 'Resolver<{ priority: "low" | "medium" | "high" | "critical"; title: string; description: string; category: string; reporterName: string; reporterPhone?: string | undefined; reporterEmail?: string | undefined; }, any, { ...; }> | undefined'.
      Type 'Resolver<{ priority: "low" | "medium" | "high" | "critical"; title: string; description: string; category: string; reporterName: string; reporterPhone?: string | undefined; reporterEmail?: string | undefined; }, any, TFieldValues>' is not assignable to type 'Resolver<{ priority: "low" | "medium" | "high" | "critical"; title: string; description: string; category: string; reporterName: string; reporterPhone?: string | undefined; reporterEmail?: string | undefined; }, any, { ...; }>'.
        Type 'TFieldValues' is not assignable to type '{ priority: "low" | "medium" | "high" | "critical"; title: string; description: string; category: string; reporterName: string; reporterPhone?: string | undefined; reporterEmail?: string | undefined; }'.
          Type 'FieldValues' is missing the following properties from type '{ priority: "low" | "medium" | "high" | "critical"; title: string; description: string; category: string; reporterName: string; reporterPhone?: string | undefined; reporterEmail?: string | undefined; }': priority, title, description, category, reporterName
components/civic/issue-report-form.tsx(222,15): error TS2322: Type 'Control<{ priority: "low" | "medium" | "high" | "critical"; title: string; description: string; category: string; reporterName: string; reporterPhone?: string | undefined; reporterEmail?: string | undefined; }, any, TFieldValues>' is not assignable to type 'Control<{ priority: "low" | "medium" | "high" | "critical"; title: string; description: string; category: string; reporterName: string; reporterPhone?: string | undefined; reporterEmail?: string | undefined; }, any, { ...; }>'.
  The types of '_options.resolver' are incompatible between these types.
    Type 'Resolver<{ priority: "low" | "medium" | "high" | "critical"; title: string; description: string; category: string; reporterName: string; reporterPhone?: string | undefined; reporterEmail?: string | undefined; }, any, TFieldValues> | undefined' is not assignable to type 'Resolver<{ priority: "low" | "medium" | "high" | "critical"; title: string; description: string; category: string; reporterName: string; reporterPhone?: string | undefined; reporterEmail?: string | undefined; }, any, { ...; }> | undefined'.
      Type 'Resolver<{ priority: "low" | "medium" | "high" | "critical"; title: string; description: string; category: string; reporterName: string; reporterPhone?: string | undefined; reporterEmail?: string | undefined; }, any, TFieldValues>' is not assignable to type 'Resolver<{ priority: "low" | "medium" | "high" | "critical"; title: string; description: string; category: string; reporterName: string; reporterPhone?: string | undefined; reporterEmail?: string | undefined; }, any, { ...; }>'.
        Type 'TFieldValues' is not assignable to type '{ priority: "low" | "medium" | "high" | "critical"; title: string; description: string; category: string; reporterName: string; reporterPhone?: string | undefined; reporterEmail?: string | undefined; }'.
          Type 'FieldValues' is missing the following properties from type '{ priority: "low" | "medium" | "high" | "critical"; title: string; description: string; category: string; reporterName: string; reporterPhone?: string | undefined; reporterEmail?: string | undefined; }': priority, title, description, category, reporterName
components/civic/issue-report-form.tsx(248,17): error TS2322: Type 'Control<{ priority: "low" | "medium" | "high" | "critical"; title: string; description: string; category: string; reporterName: string; reporterPhone?: string | undefined; reporterEmail?: string | undefined; }, any, TFieldValues>' is not assignable to type 'Control<{ priority: "low" | "medium" | "high" | "critical"; title: string; description: string; category: string; reporterName: string; reporterPhone?: string | undefined; reporterEmail?: string | undefined; }, any, { ...; }>'.
  The types of '_options.resolver' are incompatible between these types.
    Type 'Resolver<{ priority: "low" | "medium" | "high" | "critical"; title: string; description: string; category: string; reporterName: string; reporterPhone?: string | undefined; reporterEmail?: string | undefined; }, any, TFieldValues> | undefined' is not assignable to type 'Resolver<{ priority: "low" | "medium" | "high" | "critical"; title: string; description: string; category: string; reporterName: string; reporterPhone?: string | undefined; reporterEmail?: string | undefined; }, any, { ...; }> | undefined'.
      Type 'Resolver<{ priority: "low" | "medium" | "high" | "critical"; title: string; description: string; category: string; reporterName: string; reporterPhone?: string | undefined; reporterEmail?: string | undefined; }, any, TFieldValues>' is not assignable to type 'Resolver<{ priority: "low" | "medium" | "high" | "critical"; title: string; description: string; category: string; reporterName: string; reporterPhone?: string | undefined; reporterEmail?: string | undefined; }, any, { ...; }>'.
        Type 'TFieldValues' is not assignable to type '{ priority: "low" | "medium" | "high" | "critical"; title: string; description: string; category: string; reporterName: string; reporterPhone?: string | undefined; reporterEmail?: string | undefined; }'.
          Type 'FieldValues' is missing the following properties from type '{ priority: "low" | "medium" | "high" | "critical"; title: string; description: string; category: string; reporterName: string; reporterPhone?: string | undefined; reporterEmail?: string | undefined; }': priority, title, description, category, reporterName
components/civic/issue-report-form.tsx(262,17): error TS2322: Type 'Control<{ priority: "low" | "medium" | "high" | "critical"; title: string; description: string; category: string; reporterName: string; reporterPhone?: string | undefined; reporterEmail?: string | undefined; }, any, TFieldValues>' is not assignable to type 'Control<{ priority: "low" | "medium" | "high" | "critical"; title: string; description: string; category: string; reporterName: string; reporterPhone?: string | undefined; reporterEmail?: string | undefined; }, any, { ...; }>'.
  The types of '_options.resolver' are incompatible between these types.
    Type 'Resolver<{ priority: "low" | "medium" | "high" | "critical"; title: string; description: string; category: string; reporterName: string; reporterPhone?: string | undefined; reporterEmail?: string | undefined; }, any, TFieldValues> | undefined' is not assignable to type 'Resolver<{ priority: "low" | "medium" | "high" | "critical"; title: string; description: string; category: string; reporterName: string; reporterPhone?: string | undefined; reporterEmail?: string | undefined; }, any, { ...; }> | undefined'.
      Type 'Resolver<{ priority: "low" | "medium" | "high" | "critical"; title: string; description: string; category: string; reporterName: string; reporterPhone?: string | undefined; reporterEmail?: string | undefined; }, any, TFieldValues>' is not assignable to type 'Resolver<{ priority: "low" | "medium" | "high" | "critical"; title: string; description: string; category: string; reporterName: string; reporterPhone?: string | undefined; reporterEmail?: string | undefined; }, any, { ...; }>'.
        Type 'TFieldValues' is not assignable to type '{ priority: "low" | "medium" | "high" | "critical"; title: string; description: string; category: string; reporterName: string; reporterPhone?: string | undefined; reporterEmail?: string | undefined; }'.
          Type 'FieldValues' is missing the following properties from type '{ priority: "low" | "medium" | "high" | "critical"; title: string; description: string; category: string; reporterName: string; reporterPhone?: string | undefined; reporterEmail?: string | undefined; }': priority, title, description, category, reporterName
components/civic/location-picker-map.tsx(48,13): error TS2709: Cannot use namespace 'LatLngExpression' as a type.
components/civic/location-picker-map.tsx(53,11): error TS7006: Parameter 'e' implicitly has an 'any' type.
components/civic/location-picker-map.tsx(63,7): error TS2322: Type '{ children: Element; position: any; icon: any; }' is not assignable to type 'IntrinsicAttributes & MarkerProps & RefAttributes<LeafletMarker<any>>'.
  Property 'icon' does not exist on type 'IntrinsicAttributes & MarkerProps & RefAttributes<LeafletMarker<any>>'.
components/civic/location-picker-map.tsx(81,44): error TS2709: Cannot use namespace 'LatLngExpression' as a type.
components/civic/location-picker-map.tsx(86,11): error TS7006: Parameter 'e' implicitly has an 'any' type.
components/civic/location-picker-map.tsx(131,11): error TS2322: Type '{ children: Element; position: any; icon: any; }' is not assignable to type 'IntrinsicAttributes & MarkerProps & RefAttributes<LeafletMarker<any>>'.
  Property 'icon' does not exist on type 'IntrinsicAttributes & MarkerProps & RefAttributes<LeafletMarker<any>>'.
components/civic/location-picker-map.tsx(151,44): error TS2709: Cannot use namespace 'LatLngExpression' as a type.
components/civic/location-picker-map.tsx(166,24): error TS2709: Cannot use namespace 'LatLngExpression' as a type.
components/civic/location-picker-map.tsx(282,11): error TS2322: Type '{ children: Element[]; center: any; zoom: number; style: { height: string; width: string; }; scrollWheelZoom: boolean; }' is not assignable to type 'IntrinsicAttributes & MapContainerProps & RefAttributes<LeafletMap>'.
  Property 'center' does not exist on type 'IntrinsicAttributes & MapContainerProps & RefAttributes<LeafletMap>'.
components/civic/location-picker-map.tsx(288,13): error TS2322: Type '{ attribution: string; url: string; }' is not assignable to type 'IntrinsicAttributes & TileLayerProps & RefAttributes<LeafletTileLayer>'.
  Property 'attribution' does not exist on type 'IntrinsicAttributes & TileLayerProps & RefAttributes<LeafletTileLayer>'.
components/emergency/alert-sheet.tsx(134,29): error TS2339: Property 'latitude' does not exist on type 'CommunityAlert'.
components/emergency/alert-sheet.tsx(134,47): error TS2339: Property 'longitude' does not exist on type 'CommunityAlert'.
components/emergency/alert-sheet.tsx(187,18): error TS2339: Property 'category' does not exist on type 'CommunityAlert'.
components/emergency/alert-sheet.tsx(188,45): error TS2339: Property 'category' does not exist on type 'CommunityAlert'.
components/emergency/alert-sheet.tsx(220,24): error TS2339: Property 'latitude' does not exist on type 'CommunityAlert'.
components/emergency/alert-sheet.tsx(220,53): error TS2339: Property 'longitude' does not exist on type 'CommunityAlert'.
components/emergency/alert-sheet.tsx(258,16): error TS2339: Property 'source' does not exist on type 'CommunityAlert'.
components/emergency/alert-sheet.tsx(262,67): error TS2339: Property 'source' does not exist on type 'CommunityAlert'.
components/emergency/incident-list.tsx(160,16): error TS2551: Property 'locationCity' does not exist on type 'EmergencyIncident'. Did you mean 'location'?
components/emergency/incident-list.tsx(332,37): error TS2551: Property 'locationCity' does not exist on type 'EmergencyIncident'. Did you mean 'location'?
components/emergency/incident-list.tsx(332,62): error TS2339: Property 'locationAddress' does not exist on type 'EmergencyIncident'.
components/emergency/incident-report-form.tsx(18,10): error TS2614: Module '"@/components/location-picker-map"' has no exported member 'LocationPickerMap'. Did you mean to use 'import LocationPickerMap from "@/components/location-picker-map"' instead?
components/emergency/incident-report-form.tsx(108,9): error TS2322: Type 'string' is not assignable to type 'IncidentType'.
components/emergency/incident-report-form.tsx(110,9): error TS2322: Type 'string' is not assignable to type 'IncidentPriority'.
components/emergency/incident-report-form.tsx(112,11): error TS2353: Object literal may only specify known properties, and 'latitude' does not exist in type 'IncidentLocation'.
components/emergency/incident-report-form.tsx(119,9): error TS2322: Type 'string | null' is not assignable to type 'string'.
  Type 'null' is not assignable to type 'string'.
components/emergency/index.ts(35,3): error TS2305: Module '"@/types/emergency"' has no exported member 'Location'.
components/emergency/index.ts(37,3): error TS2305: Module '"@/types/emergency"' has no exported member 'StatusHistory'.
components/emergency/safe-zone-sheet.tsx(121,26): error TS2339: Property 'phone' does not exist on type 'SafeZone'.
components/emergency/safe-zone-sheet.tsx(122,35): error TS2339: Property 'phone' does not exist on type 'SafeZone'.
components/emergency/safe-zone-sheet.tsx(150,32): error TS2339: Property 'latitude' does not exist on type 'SafeZone'.
components/emergency/safe-zone-sheet.tsx(150,53): error TS2339: Property 'longitude' does not exist on type 'SafeZone'.
components/emergency/safe-zone-sheet.tsx(235,21): error TS2339: Property 'phone' does not exist on type 'SafeZone'.
components/emergency/safe-zone-sheet.tsx(241,41): error TS2339: Property 'phone' does not exist on type 'SafeZone'.
components/emergency/safe-zone-sheet.tsx(244,29): error TS2339: Property 'phone' does not exist on type 'SafeZone'.
components/emergency/safe-zone-sheet.tsx(272,38): error TS2339: Property 'current' does not exist on type 'number'.
components/emergency/safe-zone-sheet.tsx(272,66): error TS2339: Property 'max' does not exist on type 'number'.
components/emergency/safe-zone-sheet.tsx(321,19): error TS2339: Property 'description' does not exist on type 'SafeZone'.
components/emergency/safe-zone-sheet.tsx(329,70): error TS2339: Property 'description' does not exist on type 'SafeZone'.
components/emergency/safe-zone-sheet.tsx(335,19): error TS2339: Property 'lastUpdated' does not exist on type 'SafeZone'.
components/emergency/safe-zone-sheet.tsx(337,52): error TS2339: Property 'lastUpdated' does not exist on type 'SafeZone'.
components/emergency/safe-zone-sheet.tsx(360,32): error TS2339: Property 'phone' does not exist on type 'SafeZone'.
components/emergency/sos-alert-dialog.tsx(76,5): error TS2322: Type 'Resolver<{ emergencyType: "fire" | "medical_emergency" | "flooding" | "electrocution_hazard" | "building_collapse"; locationConfirmed: boolean; description?: string | undefined; notifyContacts?: boolean | undefined; }, any, { ...; }>' is not assignable to type 'Resolver<{ emergencyType: "fire" | "medical_emergency" | "flooding" | "electrocution_hazard" | "building_collapse"; notifyContacts: boolean; locationConfirmed: boolean; description?: string | undefined; }, any, { ...; }>'.
  Types of parameters 'options' and 'options' are incompatible.
    Type 'ResolverOptions<{ emergencyType: "fire" | "medical_emergency" | "flooding" | "electrocution_hazard" | "building_collapse"; notifyContacts: boolean; locationConfirmed: boolean; description?: string | undefined; }>' is not assignable to type 'ResolverOptions<{ emergencyType: "fire" | "medical_emergency" | "flooding" | "electrocution_hazard" | "building_collapse"; locationConfirmed: boolean; description?: string | undefined; notifyContacts?: boolean | undefined; }>'.
      Type 'boolean | undefined' is not assignable to type 'boolean'.
        Type 'undefined' is not assignable to type 'boolean'.
components/emergency/sos-alert-dialog.tsx(270,42): error TS2345: Argument of type '(data: SOSFormData) => Promise<void>' is not assignable to parameter of type 'SubmitHandler<TFieldValues>'.
  Types of parameters 'data' and 'data' are incompatible.
    Type 'TFieldValues' is not assignable to type '{ emergencyType: "fire" | "medical_emergency" | "flooding" | "electrocution_hazard" | "building_collapse"; notifyContacts: boolean; locationConfirmed: boolean; description?: string | undefined; }'.
      Type 'FieldValues' is missing the following properties from type '{ emergencyType: "fire" | "medical_emergency" | "flooding" | "electrocution_hazard" | "building_collapse"; notifyContacts: boolean; locationConfirmed: boolean; description?: string | undefined; }': emergencyType, notifyContacts, locationConfirmed
components/incidents/incident-dashboard.tsx(18,14): error TS2724: '"@/lib/utils"' has no exported member named 'formatRelativeTime'. Did you mean 'formatDateTime'?
components/incidents/incident-detail-view.tsx(20,30): error TS2724: '"@/lib/utils"' has no exported member named 'formatRelativeTime'. Did you mean 'formatDateTime'?
components/incidents/incident-detail-view.tsx(363,25): error TS2339: Property 'investigation_notes' does not exist on type 'Incident'.
components/incidents/incident-detail-view.tsx(363,57): error TS2339: Property 'investigation_notes' does not exist on type 'Incident'.
components/incidents/incident-detail-view.tsx(365,29): error TS2339: Property 'investigation_notes' does not exist on type 'Incident'.
components/incidents/incident-detail-view.tsx(386,25): error TS2339: Property 'root_cause' does not exist on type 'Incident'.
components/incidents/incident-detail-view.tsx(388,56): error TS2339: Property 'root_cause' does not exist on type 'Incident'.
components/incidents/incident-detail-view.tsx(389,74): error TS2339: Property 'root_cause' does not exist on type 'Incident'.
components/incidents/incident-detail-view.tsx(390,29): error TS2339: Property 'root_cause' does not exist on type 'Incident'.
components/incidents/incident-detail-view.tsx(394,35): error TS2339: Property 'root_cause' does not exist on type 'Incident'.
components/incidents/incident-detail-view.tsx(522,33): error TS2339: Property 'critical_infrastructure' does not exist on type 'Incident'.
components/incidents/incident-detail-view.tsx(523,36): error TS2339: Property 'critical_infrastructure' does not exist on type 'Incident'.
components/incidents/incident-detail-view.tsx(663,8): error TS2304: Cannot find name 'Skeleton'.
components/incidents/incident-detail-view.tsx(666,47): error TS2304: Cannot find name 'Skeleton'.
components/incidents/incident-detail-view.tsx(667,47): error TS2304: Cannot find name 'Skeleton'.
components/incidents/incident-detail-view.tsx(670,47): error TS2304: Cannot find name 'Skeleton'.
components/incidents/incident-detail-view.tsx(671,47): error TS2304: Cannot find name 'Skeleton'.
components/incidents/incident-detail-view.tsx(672,47): error TS2304: Cannot find name 'Skeleton'.
components/location-picker-map.tsx(36,11): error TS7006: Parameter 'e' implicitly has an 'any' type.
components/location-picker-map.tsx(62,7): error TS2322: Type '{ position: [number, number]; icon: any; draggable: boolean; eventHandlers: { dragend: (e: any) => void; }; }' is not assignable to type 'IntrinsicAttributes & MarkerProps & RefAttributes<LeafletMarker<any>>'.
  Property 'icon' does not exist on type 'IntrinsicAttributes & MarkerProps & RefAttributes<LeafletMarker<any>>'.
components/location-picker-map.tsx(65,19): error TS7006: Parameter 'e' implicitly has an 'any' type.
components/location-picker-map.tsx(113,21): error TS2322: Type '{ children: (false | Element)[]; center: [number, number]; zoom: number; style: { height: string; width: string; }; }' is not assignable to type 'IntrinsicAttributes & MapContainerProps & RefAttributes<LeafletMap>'.
  Property 'center' does not exist on type 'IntrinsicAttributes & MapContainerProps & RefAttributes<LeafletMap>'.
components/location-picker-map.tsx(115,11): error TS2322: Type '{ attribution: string; url: string; }' is not assignable to type 'IntrinsicAttributes & TileLayerProps & RefAttributes<LeafletTileLayer>'.
  Property 'attribution' does not exist on type 'IntrinsicAttributes & TileLayerProps & RefAttributes<LeafletTileLayer>'.
components/maintenance/maintenance-calendar.tsx(9,26): error TS2305: Module '"@/lib/utils"' has no exported member 'isSameDay'.
components/maintenance/maintenance-calendar.tsx(9,37): error TS2305: Module '"@/lib/utils"' has no exported member 'getWeekDates'.
components/maintenance/maintenance-calendar.tsx(9,51): error TS2305: Module '"@/lib/utils"' has no exported member 'getMonthDates'.
components/maintenance/maintenance-calendar.tsx(96,38): error TS2554: Expected 1 arguments, but got 2.
components/maintenance/maintenance-calendar.tsx(99,42): error TS2554: Expected 1 arguments, but got 2.
components/maintenance/maintenance-calendar.tsx(99,81): error TS2554: Expected 1 arguments, but got 2.
components/maintenance/maintenance-calendar.tsx(101,38): error TS2554: Expected 1 arguments, but got 2.
components/maintenance/maintenance-calendar.tsx(164,30): error TS7006: Parameter 'date' implicitly has an 'any' type.
components/maintenance/maintenance-calendar.tsx(164,36): error TS7006: Parameter 'index' implicitly has an 'any' type.
components/maintenance/maintenance-calendar.tsx(185,39): error TS2554: Expected 1 arguments, but got 2.
components/maintenance/maintenance-calendar.tsx(267,48): error TS2554: Expected 1 arguments, but got 2.
components/maintenance/maintenance-calendar.tsx(267,87): error TS2554: Expected 1 arguments, but got 2.
components/maintenance/maintenance-scheduler.tsx(143,16): error TS2345: Argument of type '{ required_equipment: string[]; materials: { name: string; quantity: number; unit: string; }[]; safety_precautions: string[]; priority: "low" | "medium" | "high" | "critical"; title: string; type: "emergency" | ... 2 more ... | "corrective"; ... 6 more ...; estimated_duration_hours?: number | undefined; }' is not assignable to parameter of type 'Partial<WorkOrder>'.
  Types of property 'start_date' are incompatible.
    Type 'Date' is not assignable to type 'string'.
components/map/boundary-layer.tsx(40,56): error TS2345: Argument of type 'AdministrativeLevel | null' is not assignable to parameter of type 'AdministrativeLevel'.
  Type 'null' is not assignable to type 'AdministrativeLevel'.
components/map/boundary-layer.tsx(93,7): error TS2322: Type '{ data: FeatureCollection<Geometry, GeoJsonProperties>; pathOptions: (feature: any) => { fillColor: string; weight: number; opacity: number; color: string; dashArray: string; fillOpacity: number; }; onEachFeature: (feature: any, layer: any) => void; }' is not assignable to type 'IntrinsicAttributes & GeoJSONProps & RefAttributes<LeafletGeoJSON<any, Geometry>>'.
  Property 'onEachFeature' does not exist on type 'IntrinsicAttributes & GeoJSONProps & RefAttributes<LeafletGeoJSON<any, Geometry>>'.
components/map/boundary-layer.tsx(93,23): error TS7006: Parameter 'feature' implicitly has an 'any' type.
components/map/boundary-layer.tsx(93,32): error TS7006: Parameter 'layer' implicitly has an 'any' type.
components/resources/resource-allocation-modal.tsx(15,26): error TS2305: Module '"@/lib/utils"' has no exported member 'calculateDistance'.
components/resources/resource-allocation-modal.tsx(15,45): error TS2305: Module '"@/lib/utils"' has no exported member 'formatCurrency'.
components/statistics-client.tsx(49,22): error TS2345: Argument of type '{ [x: string]: unknown; }[]' is not assignable to parameter of type 'SetStateAction<Location[]>'.
  Type '{ [x: string]: unknown; }[]' is not assignable to type 'Location[]'.
    Type '{ [x: string]: unknown; }' is missing the following properties from type 'Location': id, latitude, longitude, has_electricity, and 2 more.
components/statistics-client.tsx(50,27): error TS2345: Argument of type '{ [x: string]: unknown; }[]' is not assignable to parameter of type 'Location[]'.
  Type '{ [x: string]: unknown; }' is missing the following properties from type 'Location': id, latitude, longitude, has_electricity, and 2 more.
components/statistics-content.tsx(49,22): error TS2345: Argument of type '{ [x: string]: unknown; }[]' is not assignable to parameter of type 'SetStateAction<Location[]>'.
  Type '{ [x: string]: unknown; }[]' is not assignable to type 'Location[]'.
    Type '{ [x: string]: unknown; }' is missing the following properties from type 'Location': id, latitude, longitude, has_electricity, and 2 more.
components/statistics-content.tsx(50,27): error TS2345: Argument of type '{ [x: string]: unknown; }[]' is not assignable to parameter of type 'Location[]'.
  Type '{ [x: string]: unknown; }' is missing the following properties from type 'Location': id, latitude, longitude, has_electricity, and 2 more.
components/support/my-requests.tsx(15,30): error TS2724: '"@/lib/utils"' has no exported member named 'formatRelativeTime'. Did you mean 'formatDateTime'?
components/support/request-dashboard.tsx(17,14): error TS2724: '"@/lib/utils"' has no exported member named 'formatRelativeTime'. Did you mean 'formatDateTime'?
components/support/request-dashboard.tsx(284,19): error TS2322: Type 'boolean | "" | undefined' is not assignable to type 'boolean | undefined'.
  Type '""' is not assignable to type 'boolean | undefined'.
components/support/request-detail-view.tsx(17,30): error TS2724: '"@/lib/utils"' has no exported member named 'formatRelativeTime'. Did you mean 'formatDateTime'?
components/support/request-detail-view.tsx(145,10): error TS2304: Cannot find name 'Skeleton'.
components/support/request-detail-view.tsx(148,14): error TS2304: Cannot find name 'Skeleton'.
components/support/request-detail-view.tsx(149,14): error TS2304: Cannot find name 'Skeleton'.
components/support/request-detail-view.tsx(150,14): error TS2304: Cannot find name 'Skeleton'.
components/support/request-detail-view.tsx(332,24): error TS2339: Property 'internal_notes' does not exist on type 'ServiceRequest'.
components/support/request-detail-view.tsx(333,69): error TS2339: Property 'internal_notes' does not exist on type 'ServiceRequest'.
components/support/service-request-form.tsx(62,5): error TS2322: Type 'Resolver<{ title: string; description: string; category: string; customer_name: string; priority?: "low" | "medium" | "high" | undefined; location_address?: string | undefined; customer_email?: string | undefined; customer_phone?: string | undefined; }, any, { ...; }>' is not assignable to type 'Resolver<{ priority: "low" | "medium" | "high"; title: string; description: string; category: string; customer_name: string; location_address?: string | undefined; customer_email?: string | undefined; customer_phone?: string | undefined; }, any, { ...; }>'.
  Types of parameters 'options' and 'options' are incompatible.
    Type 'ResolverOptions<{ priority: "low" | "medium" | "high"; title: string; description: string; category: string; customer_name: string; location_address?: string | undefined; customer_email?: string | undefined; customer_phone?: string | undefined; }>' is not assignable to type 'ResolverOptions<{ title: string; description: string; category: string; customer_name: string; priority?: "low" | "medium" | "high" | undefined; location_address?: string | undefined; customer_email?: string | undefined; customer_phone?: string | undefined; }>'.
      Type '"low" | "medium" | "high" | undefined' is not assignable to type '"low" | "medium" | "high"'.
        Type 'undefined' is not assignable to type '"low" | "medium" | "high"'.
components/support/service-request-form.tsx(134,45): error TS2345: Argument of type '(data: ServiceRequestFormData) => Promise<void>' is not assignable to parameter of type 'SubmitHandler<TFieldValues>'.
  Types of parameters 'data' and 'data' are incompatible.
    Type 'TFieldValues' is not assignable to type '{ priority: "low" | "medium" | "high"; title: string; description: string; category: string; customer_name: string; location_address?: string | undefined; customer_email?: string | undefined; customer_phone?: string | undefined; }'.
      Type 'FieldValues' is missing the following properties from type '{ priority: "low" | "medium" | "high"; title: string; description: string; category: string; customer_name: string; location_address?: string | undefined; customer_email?: string | undefined; customer_phone?: string | undefined; }': priority, title, description, category, customer_name
components/support/service-request-form.tsx(137,15): error TS2322: Type 'Control<{ priority: "low" | "medium" | "high"; title: string; description: string; category: string; customer_name: string; location_address?: string | undefined; customer_email?: string | undefined; customer_phone?: string | undefined; }, any, TFieldValues>' is not assignable to type 'Control<{ priority: "low" | "medium" | "high"; title: string; description: string; category: string; customer_name: string; location_address?: string | undefined; customer_email?: string | undefined; customer_phone?: string | undefined; }, any, { ...; }>'.
  The types of '_options.resolver' are incompatible between these types.
    Type 'Resolver<{ priority: "low" | "medium" | "high"; title: string; description: string; category: string; customer_name: string; location_address?: string | undefined; customer_email?: string | undefined; customer_phone?: string | undefined; }, any, TFieldValues> | undefined' is not assignable to type 'Resolver<{ priority: "low" | "medium" | "high"; title: string; description: string; category: string; customer_name: string; location_address?: string | undefined; customer_email?: string | undefined; customer_phone?: string | undefined; }, any, { ...; }> | undefined'.
      Type 'Resolver<{ priority: "low" | "medium" | "high"; title: string; description: string; category: string; customer_name: string; location_address?: string | undefined; customer_email?: string | undefined; customer_phone?: string | undefined; }, any, TFieldValues>' is not assignable to type 'Resolver<{ priority: "low" | "medium" | "high"; title: string; description: string; category: string; customer_name: string; location_address?: string | undefined; customer_email?: string | undefined; customer_phone?: string | undefined; }, any, { ...; }>'.
        Type 'TFieldValues' is not assignable to type '{ priority: "low" | "medium" | "high"; title: string; description: string; category: string; customer_name: string; location_address?: string | undefined; customer_email?: string | undefined; customer_phone?: string | undefined; }'.
          Type 'FieldValues' is missing the following properties from type '{ priority: "low" | "medium" | "high"; title: string; description: string; category: string; customer_name: string; location_address?: string | undefined; customer_email?: string | undefined; customer_phone?: string | undefined; }': priority, title, description, category, customer_name
components/support/service-request-form.tsx(171,15): error TS2322: Type 'Control<{ priority: "low" | "medium" | "high"; title: string; description: string; category: string; customer_name: string; location_address?: string | undefined; customer_email?: string | undefined; customer_phone?: string | undefined; }, any, TFieldValues>' is not assignable to type 'Control<{ priority: "low" | "medium" | "high"; title: string; description: string; category: string; customer_name: string; location_address?: string | undefined; customer_email?: string | undefined; customer_phone?: string | undefined; }, any, { ...; }>'.
  The types of '_options.resolver' are incompatible between these types.
    Type 'Resolver<{ priority: "low" | "medium" | "high"; title: string; description: string; category: string; customer_name: string; location_address?: string | undefined; customer_email?: string | undefined; customer_phone?: string | undefined; }, any, TFieldValues> | undefined' is not assignable to type 'Resolver<{ priority: "low" | "medium" | "high"; title: string; description: string; category: string; customer_name: string; location_address?: string | undefined; customer_email?: string | undefined; customer_phone?: string | undefined; }, any, { ...; }> | undefined'.
      Type 'Resolver<{ priority: "low" | "medium" | "high"; title: string; description: string; category: string; customer_name: string; location_address?: string | undefined; customer_email?: string | undefined; customer_phone?: string | undefined; }, any, TFieldValues>' is not assignable to type 'Resolver<{ priority: "low" | "medium" | "high"; title: string; description: string; category: string; customer_name: string; location_address?: string | undefined; customer_email?: string | undefined; customer_phone?: string | undefined; }, any, { ...; }>'.
        Type 'TFieldValues' is not assignable to type '{ priority: "low" | "medium" | "high"; title: string; description: string; category: string; customer_name: string; location_address?: string | undefined; customer_email?: string | undefined; customer_phone?: string | undefined; }'.
          Type 'FieldValues' is missing the following properties from type '{ priority: "low" | "medium" | "high"; title: string; description: string; category: string; customer_name: string; location_address?: string | undefined; customer_email?: string | undefined; customer_phone?: string | undefined; }': priority, title, description, category, customer_name
components/support/service-request-form.tsx(186,15): error TS2322: Type 'Control<{ priority: "low" | "medium" | "high"; title: string; description: string; category: string; customer_name: string; location_address?: string | undefined; customer_email?: string | undefined; customer_phone?: string | undefined; }, any, TFieldValues>' is not assignable to type 'Control<{ priority: "low" | "medium" | "high"; title: string; description: string; category: string; customer_name: string; location_address?: string | undefined; customer_email?: string | undefined; customer_phone?: string | undefined; }, any, { ...; }>'.
  The types of '_options.resolver' are incompatible between these types.
    Type 'Resolver<{ priority: "low" | "medium" | "high"; title: string; description: string; category: string; customer_name: string; location_address?: string | undefined; customer_email?: string | undefined; customer_phone?: string | undefined; }, any, TFieldValues> | undefined' is not assignable to type 'Resolver<{ priority: "low" | "medium" | "high"; title: string; description: string; category: string; customer_name: string; location_address?: string | undefined; customer_email?: string | undefined; customer_phone?: string | undefined; }, any, { ...; }> | undefined'.
      Type 'Resolver<{ priority: "low" | "medium" | "high"; title: string; description: string; category: string; customer_name: string; location_address?: string | undefined; customer_email?: string | undefined; customer_phone?: string | undefined; }, any, TFieldValues>' is not assignable to type 'Resolver<{ priority: "low" | "medium" | "high"; title: string; description: string; category: string; customer_name: string; location_address?: string | undefined; customer_email?: string | undefined; customer_phone?: string | undefined; }, any, { ...; }>'.
        Type 'TFieldValues' is not assignable to type '{ priority: "low" | "medium" | "high"; title: string; description: string; category: string; customer_name: string; location_address?: string | undefined; customer_email?: string | undefined; customer_phone?: string | undefined; }'.
          Type 'FieldValues' is missing the following properties from type '{ priority: "low" | "medium" | "high"; title: string; description: string; category: string; customer_name: string; location_address?: string | undefined; customer_email?: string | undefined; customer_phone?: string | undefined; }': priority, title, description, category, customer_name
components/support/service-request-form.tsx(205,15): error TS2322: Type 'Control<{ priority: "low" | "medium" | "high"; title: string; description: string; category: string; customer_name: string; location_address?: string | undefined; customer_email?: string | undefined; customer_phone?: string | undefined; }, any, TFieldValues>' is not assignable to type 'Control<{ priority: "low" | "medium" | "high"; title: string; description: string; category: string; customer_name: string; location_address?: string | undefined; customer_email?: string | undefined; customer_phone?: string | undefined; }, any, { ...; }>'.
  The types of '_options.resolver' are incompatible between these types.
    Type 'Resolver<{ priority: "low" | "medium" | "high"; title: string; description: string; category: string; customer_name: string; location_address?: string | undefined; customer_email?: string | undefined; customer_phone?: string | undefined; }, any, TFieldValues> | undefined' is not assignable to type 'Resolver<{ priority: "low" | "medium" | "high"; title: string; description: string; category: string; customer_name: string; location_address?: string | undefined; customer_email?: string | undefined; customer_phone?: string | undefined; }, any, { ...; }> | undefined'.
      Type 'Resolver<{ priority: "low" | "medium" | "high"; title: string; description: string; category: string; customer_name: string; location_address?: string | undefined; customer_email?: string | undefined; customer_phone?: string | undefined; }, any, TFieldValues>' is not assignable to type 'Resolver<{ priority: "low" | "medium" | "high"; title: string; description: string; category: string; customer_name: string; location_address?: string | undefined; customer_email?: string | undefined; customer_phone?: string | undefined; }, any, { ...; }>'.
        Type 'TFieldValues' is not assignable to type '{ priority: "low" | "medium" | "high"; title: string; description: string; category: string; customer_name: string; location_address?: string | undefined; customer_email?: string | undefined; customer_phone?: string | undefined; }'.
          Type 'FieldValues' is missing the following properties from type '{ priority: "low" | "medium" | "high"; title: string; description: string; category: string; customer_name: string; location_address?: string | undefined; customer_email?: string | undefined; customer_phone?: string | undefined; }': priority, title, description, category, customer_name
components/support/service-request-form.tsx(233,15): error TS2322: Type 'Control<{ priority: "low" | "medium" | "high"; title: string; description: string; category: string; customer_name: string; location_address?: string | undefined; customer_email?: string | undefined; customer_phone?: string | undefined; }, any, TFieldValues>' is not assignable to type 'Control<{ priority: "low" | "medium" | "high"; title: string; description: string; category: string; customer_name: string; location_address?: string | undefined; customer_email?: string | undefined; customer_phone?: string | undefined; }, any, { ...; }>'.
  The types of '_options.resolver' are incompatible between these types.
    Type 'Resolver<{ priority: "low" | "medium" | "high"; title: string; description: string; category: string; customer_name: string; location_address?: string | undefined; customer_email?: string | undefined; customer_phone?: string | undefined; }, any, TFieldValues> | undefined' is not assignable to type 'Resolver<{ priority: "low" | "medium" | "high"; title: string; description: string; category: string; customer_name: string; location_address?: string | undefined; customer_email?: string | undefined; customer_phone?: string | undefined; }, any, { ...; }> | undefined'.
      Type 'Resolver<{ priority: "low" | "medium" | "high"; title: string; description: string; category: string; customer_name: string; location_address?: string | undefined; customer_email?: string | undefined; customer_phone?: string | undefined; }, any, TFieldValues>' is not assignable to type 'Resolver<{ priority: "low" | "medium" | "high"; title: string; description: string; category: string; customer_name: string; location_address?: string | undefined; customer_email?: string | undefined; customer_phone?: string | undefined; }, any, { ...; }>'.
        Type 'TFieldValues' is not assignable to type '{ priority: "low" | "medium" | "high"; title: string; description: string; category: string; customer_name: string; location_address?: string | undefined; customer_email?: string | undefined; customer_phone?: string | undefined; }'.
          Type 'FieldValues' is missing the following properties from type '{ priority: "low" | "medium" | "high"; title: string; description: string; category: string; customer_name: string; location_address?: string | undefined; customer_email?: string | undefined; customer_phone?: string | undefined; }': priority, title, description, category, customer_name
components/support/service-request-form.tsx(260,17): error TS2322: Type 'Control<{ priority: "low" | "medium" | "high"; title: string; description: string; category: string; customer_name: string; location_address?: string | undefined; customer_email?: string | undefined; customer_phone?: string | undefined; }, any, TFieldValues>' is not assignable to type 'Control<{ priority: "low" | "medium" | "high"; title: string; description: string; category: string; customer_name: string; location_address?: string | undefined; customer_email?: string | undefined; customer_phone?: string | undefined; }, any, { ...; }>'.
  The types of '_options.resolver' are incompatible between these types.
    Type 'Resolver<{ priority: "low" | "medium" | "high"; title: string; description: string; category: string; customer_name: string; location_address?: string | undefined; customer_email?: string | undefined; customer_phone?: string | undefined; }, any, TFieldValues> | undefined' is not assignable to type 'Resolver<{ priority: "low" | "medium" | "high"; title: string; description: string; category: string; customer_name: string; location_address?: string | undefined; customer_email?: string | undefined; customer_phone?: string | undefined; }, any, { ...; }> | undefined'.
      Type 'Resolver<{ priority: "low" | "medium" | "high"; title: string; description: string; category: string; customer_name: string; location_address?: string | undefined; customer_email?: string | undefined; customer_phone?: string | undefined; }, any, TFieldValues>' is not assignable to type 'Resolver<{ priority: "low" | "medium" | "high"; title: string; description: string; category: string; customer_name: string; location_address?: string | undefined; customer_email?: string | undefined; customer_phone?: string | undefined; }, any, { ...; }>'.
        Type 'TFieldValues' is not assignable to type '{ priority: "low" | "medium" | "high"; title: string; description: string; category: string; customer_name: string; location_address?: string | undefined; customer_email?: string | undefined; customer_phone?: string | undefined; }'.
          Type 'FieldValues' is missing the following properties from type '{ priority: "low" | "medium" | "high"; title: string; description: string; category: string; customer_name: string; location_address?: string | undefined; customer_email?: string | undefined; customer_phone?: string | undefined; }': priority, title, description, category, customer_name
components/support/service-request-form.tsx(274,17): error TS2322: Type 'Control<{ priority: "low" | "medium" | "high"; title: string; description: string; category: string; customer_name: string; location_address?: string | undefined; customer_email?: string | undefined; customer_phone?: string | undefined; }, any, TFieldValues>' is not assignable to type 'Control<{ priority: "low" | "medium" | "high"; title: string; description: string; category: string; customer_name: string; location_address?: string | undefined; customer_email?: string | undefined; customer_phone?: string | undefined; }, any, { ...; }>'.
  The types of '_options.resolver' are incompatible between these types.
    Type 'Resolver<{ priority: "low" | "medium" | "high"; title: string; description: string; category: string; customer_name: string; location_address?: string | undefined; customer_email?: string | undefined; customer_phone?: string | undefined; }, any, TFieldValues> | undefined' is not assignable to type 'Resolver<{ priority: "low" | "medium" | "high"; title: string; description: string; category: string; customer_name: string; location_address?: string | undefined; customer_email?: string | undefined; customer_phone?: string | undefined; }, any, { ...; }> | undefined'.
      Type 'Resolver<{ priority: "low" | "medium" | "high"; title: string; description: string; category: string; customer_name: string; location_address?: string | undefined; customer_email?: string | undefined; customer_phone?: string | undefined; }, any, TFieldValues>' is not assignable to type 'Resolver<{ priority: "low" | "medium" | "high"; title: string; description: string; category: string; customer_name: string; location_address?: string | undefined; customer_email?: string | undefined; customer_phone?: string | undefined; }, any, { ...; }>'.
        Type 'TFieldValues' is not assignable to type '{ priority: "low" | "medium" | "high"; title: string; description: string; category: string; customer_name: string; location_address?: string | undefined; customer_email?: string | undefined; customer_phone?: string | undefined; }'.
          Type 'FieldValues' is missing the following properties from type '{ priority: "low" | "medium" | "high"; title: string; description: string; category: string; customer_name: string; location_address?: string | undefined; customer_email?: string | undefined; customer_phone?: string | undefined; }': priority, title, description, category, customer_name
components/support/service-request-form.tsx(289,15): error TS2322: Type 'Control<{ priority: "low" | "medium" | "high"; title: string; description: string; category: string; customer_name: string; location_address?: string | undefined; customer_email?: string | undefined; customer_phone?: string | undefined; }, any, TFieldValues>' is not assignable to type 'Control<{ priority: "low" | "medium" | "high"; title: string; description: string; category: string; customer_name: string; location_address?: string | undefined; customer_email?: string | undefined; customer_phone?: string | undefined; }, any, { ...; }>'.
  The types of '_options.resolver' are incompatible between these types.
    Type 'Resolver<{ priority: "low" | "medium" | "high"; title: string; description: string; category: string; customer_name: string; location_address?: string | undefined; customer_email?: string | undefined; customer_phone?: string | undefined; }, any, TFieldValues> | undefined' is not assignable to type 'Resolver<{ priority: "low" | "medium" | "high"; title: string; description: string; category: string; customer_name: string; location_address?: string | undefined; customer_email?: string | undefined; customer_phone?: string | undefined; }, any, { ...; }> | undefined'.
      Type 'Resolver<{ priority: "low" | "medium" | "high"; title: string; description: string; category: string; customer_name: string; location_address?: string | undefined; customer_email?: string | undefined; customer_phone?: string | undefined; }, any, TFieldValues>' is not assignable to type 'Resolver<{ priority: "low" | "medium" | "high"; title: string; description: string; category: string; customer_name: string; location_address?: string | undefined; customer_email?: string | undefined; customer_phone?: string | undefined; }, any, { ...; }>'.
        Type 'TFieldValues' is not assignable to type '{ priority: "low" | "medium" | "high"; title: string; description: string; category: string; customer_name: string; location_address?: string | undefined; customer_email?: string | undefined; customer_phone?: string | undefined; }'.
          Type 'FieldValues' is missing the following properties from type '{ priority: "low" | "medium" | "high"; title: string; description: string; category: string; customer_name: string; location_address?: string | undefined; customer_email?: string | undefined; customer_phone?: string | undefined; }': priority, title, description, category, customer_name
lib/i18n/translations.ts(2,64): error TS2307: Cannot find module './civic-issue' or its corresponding type declarations.
lib/services/accessibility-alerts-service.ts(958,23): error TS2345: Argument of type 'unknown' is not assignable to parameter of type '{}'.
lib/services/accessibility-alerts-service.ts(967,23): error TS2345: Argument of type 'unknown' is not assignable to parameter of type '{}'.
lib/services/accessibility-alerts-service.ts(976,23): error TS2345: Argument of type 'unknown' is not assignable to parameter of type '{}'.
lib/services/accessibility-alerts-service.ts(997,5): error TS2322: Type 'unknown' is not assignable to type 'string'.
lib/services/accessibility-alerts-service.ts(998,5): error TS2322: Type 'unknown' is not assignable to type 'string'.
lib/services/accessibility-alerts-service.ts(999,5): error TS2322: Type 'unknown' is not assignable to type 'string'.
lib/services/accessibility-alerts-service.ts(1001,5): error TS2322: Type 'unknown' is not assignable to type 'boolean'.
lib/services/accessibility-alerts-service.ts(1002,5): error TS2322: Type 'unknown' is not assignable to type 'boolean'.
lib/services/accessibility-alerts-service.ts(1003,5): error TS2322: Type 'unknown' is not assignable to type 'boolean'.
lib/services/accessibility-alerts-service.ts(1004,5): error TS2322: Type 'unknown' is not assignable to type 'boolean'.
lib/services/accessibility-alerts-service.ts(1006,5): error TS2322: Type 'unknown' is not assignable to type 'boolean'.
lib/services/accessibility-alerts-service.ts(1007,5): error TS2322: Type 'unknown' is not assignable to type 'boolean'.
lib/services/accessibility-alerts-service.ts(1009,5): error TS2322: Type 'unknown' is not assignable to type 'number'.
lib/services/accessibility-alerts-service.ts(1012,5): error TS2322: Type 'unknown' is not assignable to type 'boolean'.
lib/services/accessibility-alerts-service.ts(1014,5): error TS2322: Type 'unknown' is not assignable to type 'boolean'.
lib/services/accessibility-alerts-service.ts(1016,5): error TS2322: Type 'unknown' is not assignable to type 'number'.
lib/services/accessibility-alerts-service.ts(1019,5): error TS2322: Type 'unknown' is not assignable to type 'boolean'.
lib/services/accessibility-alerts-service.ts(1020,5): error TS2322: Type 'unknown' is not assignable to type 'boolean'.
lib/services/accessibility-alerts-service.ts(1021,5): error TS2322: Type 'unknown' is not assignable to type 'boolean'.
lib/services/accessibility-alerts-service.ts(1022,5): error TS2322: Type 'unknown' is not assignable to type 'boolean'.
lib/services/accessibility-alerts-service.ts(1023,5): error TS2322: Type 'unknown' is not assignable to type 'string'.
lib/services/accessibility-alerts-service.ts(1024,5): error TS2322: Type 'unknown' is not assignable to type 'boolean'.
lib/services/accessibility-alerts-service.ts(1026,5): error TS2322: Type 'unknown' is not assignable to type 'boolean'.
lib/services/accessibility-alerts-service.ts(1028,5): error TS2322: Type 'unknown' is not assignable to type 'boolean'.
lib/services/accessibility-alerts-service.ts(1029,5): error TS2322: Type 'unknown' is not assignable to type 'boolean'.
lib/services/accessibility-alerts-service.ts(1030,5): error TS2322: Type 'unknown' is not assignable to type 'string'.
lib/services/accessibility-alerts-service.ts(1031,5): error TS2322: Type 'unknown' is not assignable to type 'string'.
lib/services/accessibility-alerts-service.ts(1040,5): error TS2322: Type 'unknown' is not assignable to type 'string'.
lib/services/accessibility-alerts-service.ts(1041,5): error TS2322: Type 'unknown' is not assignable to type 'string'.
lib/services/accessibility-alerts-service.ts(1043,5): error TS2322: Type 'unknown' is not assignable to type 'boolean'.
lib/services/accessibility-alerts-service.ts(1046,5): error TS2322: Type 'unknown' is not assignable to type 'number'.
lib/services/accessibility-alerts-service.ts(1051,5): error TS2322: Type 'unknown' is not assignable to type 'boolean'.
lib/services/accessibility-alerts-service.ts(1054,5): error TS2322: Type 'unknown' is not assignable to type 'string'.
lib/services/accessibility-alerts-service.ts(1055,5): error TS2322: Type 'unknown' is not assignable to type 'string'.
lib/services/accessibility-alerts-service.ts(1064,5): error TS2322: Type 'unknown' is not assignable to type 'string'.
lib/services/accessibility-alerts-service.ts(1065,5): error TS2322: Type 'unknown' is not assignable to type 'string'.
lib/services/accessibility-alerts-service.ts(1067,5): error TS2322: Type 'unknown' is not assignable to type 'boolean'.
lib/services/accessibility-alerts-service.ts(1070,5): error TS2322: Type 'unknown' is not assignable to type 'number'.
lib/services/accessibility-alerts-service.ts(1071,5): error TS2322: Type 'unknown' is not assignable to type 'number'.
lib/services/accessibility-alerts-service.ts(1075,5): error TS2322: Type 'unknown' is not assignable to type 'string'.
lib/services/accessibility-alerts-service.ts(1076,5): error TS2322: Type 'unknown' is not assignable to type 'number'.
lib/services/accessibility-alerts-service.ts(1078,5): error TS2322: Type 'unknown' is not assignable to type 'boolean'.
lib/services/accessibility-alerts-service.ts(1080,5): error TS2322: Type 'unknown' is not assignable to type 'string'.
lib/services/accessibility-alerts-service.ts(1081,5): error TS2322: Type 'unknown' is not assignable to type 'string'.
lib/services/accessibility-alerts-service.ts(1090,5): error TS2322: Type 'unknown' is not assignable to type 'string'.
lib/services/accessibility-alerts-service.ts(1091,5): error TS2322: Type 'unknown' is not assignable to type 'string'.
lib/services/accessibility-alerts-service.ts(1093,5): error TS2322: Type 'unknown' is not assignable to type 'boolean'.
lib/services/accessibility-alerts-service.ts(1097,5): error TS2322: Type 'unknown' is not assignable to type 'number'.
lib/services/accessibility-alerts-service.ts(1098,5): error TS2322: Type 'number | undefined' is not assignable to type 'number'.
  Type 'undefined' is not assignable to type 'number'.
lib/services/accessibility-alerts-service.ts(1099,5): error TS2322: Type 'unknown' is not assignable to type 'boolean'.
lib/services/accessibility-alerts-service.ts(1102,5): error TS2322: Type 'unknown' is not assignable to type 'string'.
lib/services/accessibility-alerts-service.ts(1103,5): error TS2322: Type 'unknown' is not assignable to type 'string'.
lib/services/accessibility-alerts-service.ts(1112,5): error TS2322: Type 'unknown' is not assignable to type 'string'.
lib/services/accessibility-alerts-service.ts(1113,5): error TS2322: Type 'unknown' is not assignable to type 'string'.
lib/services/accessibility-alerts-service.ts(1114,5): error TS2322: Type 'unknown' is not assignable to type 'string'.
lib/services/accessibility-alerts-service.ts(1116,5): error TS2322: Type 'unknown' is not assignable to type 'boolean'.
lib/services/accessibility-alerts-service.ts(1117,5): error TS2322: Type 'unknown' is not assignable to type 'boolean'.
lib/services/accessibility-alerts-service.ts(1121,5): error TS2322: Type 'unknown' is not assignable to type 'string'.
lib/services/accessibility-alerts-service.ts(1122,5): error TS2322: Type 'unknown' is not assignable to type 'string'.
lib/services/accessibility-alerts-service.ts(1131,5): error TS2322: Type 'unknown' is not assignable to type 'string'.
lib/services/accessibility-alerts-service.ts(1132,5): error TS2322: Type 'unknown' is not assignable to type 'string'.
lib/services/accessibility-alerts-service.ts(1133,5): error TS2322: Type 'unknown' is not assignable to type 'boolean'.
lib/services/accessibility-alerts-service.ts(1134,5): error TS2322: Type 'unknown' is not assignable to type 'boolean'.
lib/services/accessibility-alerts-service.ts(1135,5): error TS2322: Type 'unknown' is not assignable to type 'boolean'.
lib/services/accessibility-alerts-service.ts(1136,5): error TS2322: Type 'unknown' is not assignable to type 'boolean'.
lib/services/accessibility-alerts-service.ts(1137,5): error TS2322: Type 'unknown' is not assignable to type 'boolean'.
lib/services/accessibility-alerts-service.ts(1138,5): error TS2322: Type 'unknown' is not assignable to type 'boolean'.
lib/services/accessibility-alerts-service.ts(1139,5): error TS2322: Type 'unknown' is not assignable to type 'boolean'.
lib/services/accessibility-alerts-service.ts(1141,5): error TS2322: Type 'unknown' is not assignable to type 'boolean'.
lib/services/accessibility-alerts-service.ts(1142,5): error TS2322: Type 'unknown' is not assignable to type 'boolean'.
lib/services/accessibility-alerts-service.ts(1143,5): error TS2322: Type 'unknown' is not assignable to type 'boolean'.
lib/services/accessibility-alerts-service.ts(1144,5): error TS2322: Type 'unknown' is not assignable to type 'boolean'.
lib/services/accessibility-alerts-service.ts(1145,5): error TS2322: Type 'unknown' is not assignable to type 'string'.
lib/services/accessibility-alerts-service.ts(1146,5): error TS2322: Type 'unknown' is not assignable to type 'string'.
lib/services/accessibility-mode-service.ts(764,5): error TS2322: Type 'unknown' is not assignable to type 'string'.
lib/services/accessibility-mode-service.ts(765,5): error TS2322: Type 'unknown' is not assignable to type 'string'.
lib/services/accessibility-mode-service.ts(766,5): error TS2322: Type 'unknown' is not assignable to type 'string'.
lib/services/accessibility-mode-service.ts(767,5): error TS2322: Type 'unknown' is not assignable to type 'number'.
lib/services/accessibility-mode-service.ts(768,5): error TS2322: Type 'unknown' is not assignable to type 'number'.
lib/services/accessibility-mode-service.ts(769,5): error TS2322: Type 'unknown' is not assignable to type 'number'.
lib/services/accessibility-mode-service.ts(770,5): error TS2322: Type 'unknown' is not assignable to type '{ alerts: boolean; navigation: boolean; formErrors: boolean; pageChanges: boolean; liveRegions: boolean; }'.
lib/services/accessibility-mode-service.ts(771,5): error TS2322: Type 'unknown' is not assignable to type '{ readPageStructure: boolean; readImages: boolean; readFormLabels: boolean; autoReadPage: boolean; skipLinks: boolean; }'.
lib/services/accessibility-mode-service.ts(796,5): error TS2741: Property 'keyboard' is missing in type '{ id: string; userId: string; voice: string; voiceSpeed: number; voicePitch: number; voiceVolume: number; announcements: { alerts: true; navigation: true; formErrors: true; pageChanges: true; liveRegions: true; }; reading: { ...; }; }' but required in type 'ScreenReaderConfig'.
lib/services/accessibility-mode-service.ts(821,5): error TS2322: Type 'unknown' is not assignable to type 'string'.
lib/services/accessibility-mode-service.ts(822,5): error TS2322: Type 'unknown' is not assignable to type 'string'.
lib/services/accessibility-mode-service.ts(823,5): error TS2322: Type 'unknown' is not assignable to type 'string'.
lib/services/accessibility-mode-service.ts(824,5): error TS2322: Type 'unknown' is not assignable to type 'number'.
lib/services/accessibility-mode-service.ts(825,5): error TS2322: Type 'unknown' is not assignable to type 'number'.
lib/services/accessibility-mode-service.ts(826,5): error TS2322: Type 'unknown' is not assignable to type 'number'.
lib/services/accessibility-mode-service.ts(827,5): error TS2322: Type 'unknown' is not assignable to type '{ alerts: boolean; navigation: boolean; formErrors: boolean; pageChanges: boolean; liveRegions: boolean; }'.
lib/services/accessibility-mode-service.ts(828,5): error TS2322: Type 'unknown' is not assignable to type '{ readPageStructure: boolean; readImages: boolean; readFormLabels: boolean; autoReadPage: boolean; skipLinks: boolean; }'.
lib/services/accessibility-mode-service.ts(865,5): error TS2322: Type 'unknown' is not assignable to type 'string'.
lib/services/accessibility-mode-service.ts(866,5): error TS2322: Type 'unknown' is not assignable to type 'string'.
lib/services/accessibility-mode-service.ts(867,5): error TS2322: Type 'unknown' is not assignable to type '"custom" | "light" | "dark"'.
lib/services/accessibility-mode-service.ts(868,5): error TS2322: Type 'unknown' is not assignable to type '{ foreground: string; background: string; linkColor: string; buttonBackground: string; buttonForeground: string; borderColor: string; focusColor: string; } | undefined'.
lib/services/accessibility-mode-service.ts(869,5): error TS2322: Type 'unknown' is not assignable to type '"normal" | "large" | "extra_large"'.
lib/services/accessibility-mode-service.ts(870,5): error TS2322: Type 'unknown' is not assignable to type '"bold" | "normal"'.
lib/services/accessibility-mode-service.ts(871,5): error TS2322: Type 'unknown' is not assignable to type '"normal" | "increased"'.
lib/services/accessibility-mode-service.ts(872,5): error TS2322: Type 'unknown' is not assignable to type '"normal" | "thick" | "very_thick"'.
lib/services/accessibility-mode-service.ts(873,5): error TS2322: Type 'unknown' is not assignable to type '"normal" | "thick" | "very_thick"'.
lib/services/accessibility-mode-service.ts(874,5): error TS2322: Type 'unknown' is not assignable to type 'boolean'.
lib/services/accessibility-mode-service.ts(875,5): error TS2322: Type 'unknown' is not assignable to type '"grayscale" | "monochrome" | "high_saturation" | undefined'.
lib/services/accessibility-mode-service.ts(903,5): error TS2322: Type 'unknown' is not assignable to type 'string'.
lib/services/accessibility-mode-service.ts(904,5): error TS2322: Type 'unknown' is not assignable to type 'string'.
lib/services/accessibility-mode-service.ts(905,5): error TS2322: Type 'unknown' is not assignable to type '"custom" | "light" | "dark"'.
lib/services/accessibility-mode-service.ts(906,5): error TS2322: Type 'unknown' is not assignable to type '{ foreground: string; background: string; linkColor: string; buttonBackground: string; buttonForeground: string; borderColor: string; focusColor: string; } | undefined'.
lib/services/accessibility-mode-service.ts(907,5): error TS2322: Type 'unknown' is not assignable to type '"normal" | "large" | "extra_large"'.
lib/services/accessibility-mode-service.ts(908,5): error TS2322: Type 'unknown' is not assignable to type '"bold" | "normal"'.
lib/services/accessibility-mode-service.ts(909,5): error TS2322: Type 'unknown' is not assignable to type '"normal" | "increased"'.
lib/services/accessibility-mode-service.ts(910,5): error TS2322: Type 'unknown' is not assignable to type '"normal" | "thick" | "very_thick"'.
lib/services/accessibility-mode-service.ts(911,5): error TS2322: Type 'unknown' is not assignable to type '"normal" | "thick" | "very_thick"'.
lib/services/accessibility-mode-service.ts(912,5): error TS2322: Type 'unknown' is not assignable to type 'boolean'.
lib/services/accessibility-mode-service.ts(913,5): error TS2322: Type 'unknown' is not assignable to type '"grayscale" | "monochrome" | "high_saturation" | undefined'.
lib/services/accessibility-mode-service.ts(960,21): error TS2538: Type 'unknown' cannot be used as an index type.
lib/services/accessibility-mode-service.ts(960,46): error TS2538: Type 'unknown' cannot be used as an index type.
lib/services/accessibility-mode-service.ts(1079,5): error TS2322: Type 'unknown' is not assignable to type 'string'.
lib/services/accessibility-mode-service.ts(1080,5): error TS2322: Type 'unknown' is not assignable to type 'string'.
lib/services/accessibility-mode-service.ts(1081,5): error TS2322: Type 'unknown' is not assignable to type 'string'.
lib/services/accessibility-mode-service.ts(1084,5): error TS2322: Type 'unknown' is not assignable to type '{ enabled: boolean; settings: VisualAccessibilitySetting[]; screenReaderVoice?: string | undefined; screenReaderSpeed?: number | undefined; zoomLevel?: number | undefined; ... 4 more ...; brailleDisplay?: { ...; } | undefined; } | undefined'.
lib/services/accessibility-mode-service.ts(1085,5): error TS2322: Type 'unknown' is not assignable to type '{ enabled: boolean; settings: HearingAccessibilitySetting[]; captionsEnabled: boolean; captionsSize?: "medium" | "small" | "large" | "extra_large" | undefined; captionsStyle?: "high_contrast" | ... 1 more ... | undefined; visualAlertType?: "flash" | ... 2 more ... | undefined; vibrationIntensity?: number | undefined...'.
lib/services/accessibility-mode-service.ts(1086,5): error TS2322: Type 'unknown' is not assignable to type '{ enabled: boolean; settings: MotorAccessibilitySetting[]; voiceControlEnabled: boolean; switchControlEnabled: boolean; dwellClickEnabled: boolean; dwellTimeMs?: number | undefined; touchTargetSize?: number | undefined; swipeSensitivity?: number | undefined; } | undefined'.
lib/services/accessibility-mode-service.ts(1087,5): error TS2322: Type 'unknown' is not assignable to type '{ enabled: boolean; settings: CognitiveAccessibilitySetting[]; interfaceComplexity?: "medium" | "full" | "simple" | undefined; timeMultiplier?: number | undefined; enablePredictive?: boolean | undefined; routineNotifications?: boolean | undefined; } | undefined'.
lib/services/accessibility-mode-service.ts(1092,5): error TS2322: Type 'unknown' is not assignable to type 'string'.
lib/services/accessibility-mode-service.ts(1093,5): error TS2322: Type 'unknown' is not assignable to type 'string'.
lib/services/accessibility-mode-service.ts(1102,5): error TS2322: Type 'unknown' is not assignable to type 'string'.
lib/services/accessibility-mode-service.ts(1103,5): error TS2322: Type 'unknown' is not assignable to type 'string'.
lib/services/accessibility-mode-service.ts(1105,5): error TS2322: Type 'unknown' is not assignable to type 'string'.
lib/services/accessibility-mode-service.ts(1110,5): error TS2322: Type 'unknown' is not assignable to type 'Record<string, unknown> | undefined'.
lib/services/accessibility-mode-service.ts(1112,5): error TS2322: Type 'unknown' is not assignable to type 'string'.
lib/services/accessibility-mode-service.ts(1113,5): error TS2322: Type 'unknown' is not assignable to type 'string'.
lib/services/accessibility-service.ts(450,17): error TS2345: Argument of type 'unknown' is not assignable to parameter of type '{}'.
lib/services/accessibility-service.ts(534,5): error TS2322: Type 'unknown' is not assignable to type 'string'.
lib/services/accessibility-service.ts(535,5): error TS2322: Type 'unknown' is not assignable to type 'string'.
lib/services/accessibility-service.ts(536,5): error TS2322: Type 'unknown' is not assignable to type 'string'.
lib/services/accessibility-service.ts(537,5): error TS2322: Type 'unknown' is not assignable to type 'number'.
lib/services/accessibility-service.ts(538,13): error TS18046: 'data.issues' is of type 'unknown'.
lib/services/accessibility-service.ts(547,5): error TS2322: Type 'unknown' is not assignable to type 'string'.
lib/services/accessibility-service.ts(548,5): error TS2322: Type 'unknown' is not assignable to type 'string'.
lib/services/accessibility-service.ts(549,5): error TS2322: Type 'unknown' is not assignable to type 'boolean'.
lib/services/accessibility-service.ts(550,5): error TS2322: Type 'unknown' is not assignable to type 'string'.
lib/services/accessibility-service.ts(590,3): error TS2322: Type '{ id: unknown; pageUrl: unknown; pageTitle: unknown; score: unknown; issues: {}; testedWith: unknown; testedAt: unknown; isResolved: unknown; resolvedAt: {} | undefined; createdAt: unknown; }[]' is not assignable to type 'AccessibilityAudit[]'.
  Type '{ id: unknown; pageUrl: unknown; pageTitle: unknown; score: unknown; issues: {}; testedWith: unknown; testedAt: unknown; isResolved: unknown; resolvedAt: {} | undefined; createdAt: unknown; }' is not assignable to type 'AccessibilityAudit'.
    Types of property 'id' are incompatible.
      Type 'unknown' is not assignable to type 'string'.
lib/services/accessibility-service.ts(626,29): error TS2339: Property 'findIndex' does not exist on type '{}'.
lib/services/accessibility-service.ts(632,3): error TS7053: Element implicitly has an 'any' type because expression of type 'any' can't be used to index type '{}'.
lib/services/accessibility-service.ts(633,8): error TS7053: Element implicitly has an 'any' type because expression of type 'any' can't be used to index type '{}'.
lib/services/accessibility-service.ts(638,30): error TS2339: Property 'every' does not exist on type '{}'.
lib/services/accessibility-service.ts(686,37): error TS2345: Argument of type 'unknown' is not assignable to parameter of type 'string'.
lib/services/accessibility-service.ts(687,23): error TS18046: 'audit.score' is of type 'unknown'.
lib/services/accessibility-service.ts(689,20): error TS2345: Argument of type 'unknown' is not assignable to parameter of type 'string'.
lib/services/accessibility-service.ts(701,25): error TS2488: Type '{}' must have a '[Symbol.iterator]()' method that returns an iterator.
lib/services/accessibility-service.ts(729,23): error TS18046: 'audit.score' is of type 'unknown'.
lib/services/accessibility-service.ts(773,5): error TS2322: Type 'unknown' is not assignable to type 'string'.
lib/services/accessibility-service.ts(774,5): error TS2322: Type 'unknown' is not assignable to type 'string'.
lib/services/accessibility-service.ts(775,5): error TS2322: Type 'unknown' is not assignable to type '"assertive" | "polite"'.
lib/services/accessibility-service.ts(776,5): error TS2322: Type '{} | undefined' is not assignable to type 'string | undefined'.
  Type '{}' is not assignable to type 'string'.
lib/services/accessibility-service.ts(777,5): error TS2322: Type 'unknown' is not assignable to type 'boolean'.
lib/services/accessibility-service.ts(778,5): error TS2322: Type 'unknown' is not assignable to type 'string'.
lib/services/accessibility-service.ts(799,3): error TS2322: Type '{ id: unknown; message: unknown; priority: unknown; pageSection: {} | undefined; isRead: unknown; readAt: {} | undefined; createdAt: unknown; }[]' is not assignable to type 'ScreenReaderAnnouncement[]'.
  Type '{ id: unknown; message: unknown; priority: unknown; pageSection: {} | undefined; isRead: unknown; readAt: {} | undefined; createdAt: unknown; }' is not assignable to type 'ScreenReaderAnnouncement'.
    Types of property 'id' are incompatible.
      Type 'unknown' is not assignable to type 'string'.
lib/services/accessibility-service.ts(842,3): error TS2322: Type '{ id: unknown; key: unknown; modifiers: unknown; action: unknown; description: unknown; isEnabled: unknown; createdAt: unknown; }[]' is not assignable to type 'AccessibilityShortcut[]'.
  Type '{ id: unknown; key: unknown; modifiers: unknown; action: unknown; description: unknown; isEnabled: unknown; createdAt: unknown; }' is not assignable to type 'AccessibilityShortcut'.
    Types of property 'id' are incompatible.
      Type 'unknown' is not assignable to type 'string'.
lib/services/accessibility-service.ts(973,5): error TS2322: Type 'unknown' is not assignable to type 'string'.
lib/services/accessibility-service.ts(993,5): error TS2322: Type 'unknown' is not assignable to type 'string'.
lib/services/accessibility-service.ts(994,5): error TS2322: Type 'unknown' is not assignable to type 'string'.
lib/services/accessibility/accessible-alert-service.ts(506,10): error TS7053: Element implicitly has an 'any' type because expression of type 'AlertPriority' can't be used to index type '{ emergency: { pattern: number[]; repeat: number; description: string; }; warning: { pattern: number[]; repeat: number; description: string; }; information: { pattern: number[]; repeat: number; description: string; }; sos: { ...; }; }'.
  Property 'test' does not exist on type '{ emergency: { pattern: number[]; repeat: number; description: string; }; warning: { pattern: number[]; repeat: number; description: string; }; information: { pattern: number[]; repeat: number; description: string; }; sos: { ...; }; }'.
lib/services/accessibility/accessible-alert-service.ts(593,3): error TS2322: Type '{ [x: string]: unknown; } | null' is not assignable to type 'AccessibilityProfile | null'.
  Type '{ [x: string]: unknown; }' is missing the following properties from type 'AccessibilityProfile': id, user_id, profile_name, is_default, and 5 more.
lib/services/accessibility/accessible-alert-service.ts(623,17): error TS2345: Argument of type 'unknown' is not assignable to parameter of type '{}'.
lib/services/accessibility/accessible-alert-service.ts(628,5): error TS2740: Type '{ [x: string]: unknown; }' is missing the following properties from type 'AccessibilityProfile': id, user_id, profile_name, is_default, and 5 more.
lib/services/accessibility/accessible-alert-service.ts(649,3): error TS2740: Type '{ [x: string]: unknown; }' is missing the following properties from type 'AccessibilityProfile': id, user_id, profile_name, is_default, and 5 more.
lib/services/accessibility/accessible-alert-service.ts(666,3): error TS2322: Type '{ [x: string]: unknown; }[]' is not assignable to type 'UserAlertPreference[]'.
  Type '{ [x: string]: unknown; }' is missing the following properties from type 'UserAlertPreference': id, user_id, modality, priority_threshold, is_enabled
lib/services/accessibility/accessible-alert-service.ts(691,17): error TS2345: Argument of type 'unknown' is not assignable to parameter of type '{}'.
lib/services/accessibility/accessible-alert-service.ts(696,5): error TS2739: Type '{ [x: string]: unknown; }' is missing the following properties from type 'UserAlertPreference': id, user_id, modality, priority_threshold, is_enabled
lib/services/accessibility/accessible-alert-service.ts(712,3): error TS2739: Type '{ [x: string]: unknown; }' is missing the following properties from type 'UserAlertPreference': id, user_id, modality, priority_threshold, is_enabled
lib/services/accessibility/accessible-alert-service.ts(734,3): error TS2740: Type '{ [x: string]: unknown; }' is missing the following properties from type 'AssistiveDevice': id, user_id, device_name, device_type, and 2 more.
lib/services/accessibility/accessible-alert-service.ts(751,3): error TS2322: Type '{ [x: string]: unknown; }[]' is not assignable to type 'AssistiveDevice[]'.
  Type '{ [x: string]: unknown; }' is missing the following properties from type 'AssistiveDevice': id, user_id, device_name, device_type, and 2 more.
lib/services/accessibility/accessible-alert-service.ts(779,3): error TS2740: Type '{ [x: string]: unknown; }' is missing the following properties from type 'AlertFeedback': id, alert_id, user_id, was_perceived, and 3 more.
lib/services/accessibility/accessible-alert-service.ts(821,25): error TS2365: Operator '+' cannot be applied to types 'number' and '{}'.
lib/services/accessibility/accessible-alert-service.ts(826,25): error TS2365: Operator '+' cannot be applied to types 'number' and '{}'.
lib/services/accessibility/accessible-alert-service.ts(831,25): error TS2365: Operator '+' cannot be applied to types 'number' and '{}'.
lib/services/accessibility/accessible-alert-service.ts(838,27): error TS2538: Type '{}' cannot be used as an index type.
lib/services/accessibility/accessible-alert-service.ts(838,67): error TS2538: Type '{}' cannot be used as an index type.
lib/services/accessibility/accessible-alert-service.ts(878,3): error TS2740: Type '{ [x: string]: unknown; }' is missing the following properties from type 'AccessibleAlert': id, alert_id, title, message, and 4 more.
lib/services/accessibility/accessible-alert-service.ts(900,9): error TS2322: Type '{}' is not assignable to type '"normal" | "large" | "extra_large"'.
lib/services/accessibility/accessible-alert-service.ts(901,9): error TS2322: Type '{}' is not assignable to type 'boolean'.
lib/services/accessibility/accessible-alert-service.ts(902,9): error TS2322: Type '{}' is not assignable to type '"none" | "protanopia" | "deuteranopia" | "tritanopia"'.
lib/services/accessibility/accessible-alert-service.ts(903,9): error TS2322: Type '{}' is not assignable to type 'boolean'.
lib/services/accessibility/accessible-alert-service.ts(904,9): error TS2322: Type '{}' is not assignable to type 'boolean'.
lib/services/accessibility/accessible-alert-service.ts(907,9): error TS2322: Type '{}' is not assignable to type 'boolean'.
lib/services/accessibility/accessible-alert-service.ts(908,9): error TS2322: Type '{}' is not assignable to type '"normal" | "large" | "extra_large"'.
lib/services/accessibility/accessible-alert-service.ts(909,9): error TS2322: Type '{}' is not assignable to type 'boolean'.
lib/services/accessibility/accessible-alert-service.ts(910,9): error TS2322: Type '{}' is not assignable to type 'boolean'.
lib/services/accessibility/accessible-alert-service.ts(911,9): error TS2322: Type '{}' is not assignable to type 'boolean'.
lib/services/accessibility/accessible-alert-service.ts(914,9): error TS2322: Type '{}' is not assignable to type 'boolean'.
lib/services/accessibility/accessible-alert-service.ts(915,9): error TS2322: Type '{}' is not assignable to type 'boolean'.
lib/services/accessibility/accessible-alert-service.ts(916,9): error TS2322: Type '{}' is not assignable to type '"low" | "high" | "normal"'.
lib/services/accessibility/accessible-alert-service.ts(917,9): error TS2740: Type '{}' is missing the following properties from type 'string[]': length, pop, push, concat, and 35 more.
lib/services/accessibility/accessible-alert-service.ts(918,9): error TS2322: Type '{}' is not assignable to type 'boolean'.
lib/services/accessibility/accessible-alert-service.ts(921,9): error TS2322: Type '{}' is not assignable to type 'boolean'.
lib/services/accessibility/accessible-alert-service.ts(922,9): error TS2322: Type '{}' is not assignable to type 'boolean'.
lib/services/accessibility/accessible-alert-service.ts(923,9): error TS2322: Type '{}' is not assignable to type 'boolean'.
lib/services/accessibility/accessible-alert-service.ts(924,9): error TS2322: Type '{}' is not assignable to type 'boolean'.
lib/services/accessibility/accessible-alert-service.ts(925,9): error TS2322: Type '{}' is not assignable to type 'boolean'.
lib/services/accessibility/accessible-alert-service.ts(1028,3): error TS2322: Type 'unknown[]' is not assignable to type 'string[]'.
  Type 'unknown' is not assignable to type 'string'.
lib/services/account-linking-service.ts(330,30): error TS2551: Property 'providerId' does not exist on type 'LinkAccountInput'. Did you mean 'provider'?
lib/services/account-linking-service.ts(347,17): error TS2345: Argument of type 'unknown' is not assignable to parameter of type '{}'.
lib/services/account-linking-service.ts(373,20): error TS2365: Operator '>=' cannot be applied to types 'number' and '{}'.
lib/services/account-linking-service.ts(391,26): error TS2551: Property 'providerId' does not exist on type 'LinkAccountInput'. Did you mean 'provider'?
lib/services/account-linking-service.ts(437,16): error TS2769: No overload matches this call.
  Overload 1 of 4, '(value: string | number | Date): Date', gave the following error.
    Argument of type 'unknown' is not assignable to parameter of type 'string | number | Date'.
  Overload 2 of 4, '(value: string | number): Date', gave the following error.
    Argument of type 'unknown' is not assignable to parameter of type 'string | number'.
lib/services/account-linking-service.ts(449,15): error TS2345: Argument of type 'unknown' is not assignable to parameter of type '{}'.
lib/services/account-linking-service.ts(611,29): error TS2339: Property 'raw' does not exist on type 'SupabaseClient<unknown, never, GenericSchema>'.
lib/services/account-linking-service.ts(629,29): error TS2339: Property 'raw' does not exist on type 'SupabaseClient<unknown, never, GenericSchema>'.
lib/services/account-linking-service.ts(666,5): error TS2322: Type 'unknown' is not assignable to type 'string'.
lib/services/account-linking-service.ts(667,5): error TS2322: Type 'unknown' is not assignable to type 'string'.
lib/services/account-linking-service.ts(668,5): error TS2322: Type 'unknown' is not assignable to type 'boolean'.
lib/services/account-linking-service.ts(669,5): error TS2322: Type 'unknown' is not assignable to type 'boolean'.
lib/services/account-linking-service.ts(671,5): error TS2322: Type 'unknown' is not assignable to type 'boolean'.
lib/services/account-linking-service.ts(672,5): error TS2322: Type 'unknown' is not assignable to type 'boolean'.
lib/services/account-linking-service.ts(673,5): error TS2322: Type 'unknown' is not assignable to type 'boolean'.
lib/services/account-linking-service.ts(674,5): error TS2322: Type 'unknown' is not assignable to type 'number'.
lib/services/account-linking-service.ts(675,5): error TS2322: Type 'unknown' is not assignable to type 'string'.
lib/services/account-linking-service.ts(676,5): error TS2322: Type 'unknown' is not assignable to type 'string'.
lib/services/account-linking-service.ts(717,5): error TS2322: Type 'unknown' is not assignable to type 'string'.
lib/services/account-linking-service.ts(718,5): error TS2322: Type 'unknown' is not assignable to type 'string'.
lib/services/account-linking-service.ts(719,5): error TS2322: Type 'unknown' is not assignable to type 'boolean'.
lib/services/account-linking-service.ts(720,5): error TS2322: Type 'unknown' is not assignable to type 'boolean'.
lib/services/account-linking-service.ts(722,5): error TS2322: Type 'unknown' is not assignable to type 'boolean'.
lib/services/account-linking-service.ts(723,5): error TS2322: Type 'unknown' is not assignable to type 'boolean'.
lib/services/account-linking-service.ts(724,5): error TS2322: Type 'unknown' is not assignable to type 'boolean'.
lib/services/account-linking-service.ts(725,5): error TS2322: Type 'unknown' is not assignable to type 'number'.
lib/services/account-linking-service.ts(726,5): error TS2322: Type 'unknown' is not assignable to type 'string'.
lib/services/account-linking-service.ts(727,5): error TS2322: Type 'unknown' is not assignable to type 'string'.
lib/services/account-linking-service.ts(792,6): error TS2551: Property 'catch' does not exist on type 'PostgrestFilterBuilder<GenericSchema, Record<string, unknown>, null, "account_linking_requests", GenericRelationship[]>'. Did you mean 'match'?
lib/services/account-linking-service.ts(854,5): error TS2322: Type 'unknown' is not assignable to type 'string'.
lib/services/account-linking-service.ts(855,5): error TS2322: Type 'unknown' is not assignable to type 'string'.
lib/services/account-linking-service.ts(857,5): error TS2322: Type 'unknown' is not assignable to type 'string'.
lib/services/account-linking-service.ts(869,5): error TS2322: Type 'unknown' is not assignable to type 'number'.
lib/services/account-linking-service.ts(871,5): error TS2322: Type 'unknown' is not assignable to type 'number'.
lib/services/account-linking-service.ts(872,5): error TS2322: Type 'unknown' is not assignable to type 'string'.
lib/services/account-linking-service.ts(873,5): error TS2322: Type 'unknown' is not assignable to type 'string'.
lib/services/ai/report-validation-service.ts(725,27): error TS2345: Argument of type 'unknown' is not assignable to parameter of type 'string'.
lib/services/ai/report-validation-service.ts(727,3): error TS2740: Type '{ [x: string]: unknown; }' is missing the following properties from type 'Report': id, report_id, report_type, source, and 4 more.
lib/services/ai/report-validation-service.ts(812,5): error TS2345: Argument of type 'WeatherData | null' is not assignable to parameter of type 'WeatherData | undefined'.
  Type 'null' is not assignable to type 'WeatherData | undefined'.
lib/services/ai/report-validation-service.ts(897,34): error TS2339: Property 'processing_ms' does not exist on type 'ValidationResult'.
lib/services/ai/report-validation-service.ts(912,3): error TS2740: Type '{ [x: string]: unknown; }' is missing the following properties from type 'ValidationResult': id, report_id, confidence, confidence_score, and 10 more.
lib/services/ai/report-validation-service.ts(929,3): error TS2322: Type '{ [x: string]: unknown; } | null' is not assignable to type 'Report | null'.
  Type '{ [x: string]: unknown; }' is missing the following properties from type 'Report': id, report_id, report_type, source, and 4 more.
lib/services/ai/report-validation-service.ts(950,3): error TS2322: Type '{ [x: string]: unknown; } | null' is not assignable to type 'ValidationResult | null'.
  Type '{ [x: string]: unknown; }' is missing the following properties from type 'ValidationResult': id, report_id, confidence, confidence_score, and 10 more.
lib/services/ai/report-validation-service.ts(968,3): error TS2322: Type '{ [x: string]: unknown; }[]' is not assignable to type 'SensorReading[]'.
  Type '{ [x: string]: unknown; }' is missing the following properties from type 'SensorReading': id, sensor_id, sensor_type, location, and 4 more.
lib/services/ai/report-validation-service.ts(969,50): error TS2345: Argument of type 'unknown' is not assignable to parameter of type '{ lat: number; lng: number; }'.
lib/services/ai/report-validation-service.ts(992,3): error TS2322: Type '{ [x: string]: unknown; } | null' is not assignable to type 'WeatherData | null'.
  Type '{ [x: string]: unknown; }' is missing the following properties from type 'WeatherData': id, location, timestamp, temperature_c, and 8 more.
lib/services/ai/report-validation-service.ts(1011,3): error TS2322: Type '{ [x: string]: unknown; }[]' is not assignable to type 'SocialMediaPost[]'.
  Type '{ [x: string]: unknown; }' is missing the following properties from type 'SocialMediaPost': id, platform, post_id, content, and 3 more.
lib/services/ai/report-validation-service.ts(1013,50): error TS2345: Argument of type '{}' is not assignable to parameter of type '{ lat: number; lng: number; }'.
  Type '{}' is missing the following properties from type '{ lat: number; lng: number; }': lat, lng
lib/services/ai/report-validation-service.ts(1035,3): error TS2322: Type '{ [x: string]: unknown; } | null' is not assignable to type 'HistoricalPattern | null'.
  Type '{ [x: string]: unknown; }' is missing the following properties from type 'HistoricalPattern': id, pattern_type, location, time_patterns, and 5 more.
lib/services/ai/report-validation-service.ts(1057,3): error TS2322: Type '{ [x: string]: unknown; }[]' is not assignable to type 'Report[]'.
  Type '{ [x: string]: unknown; }' is missing the following properties from type 'Report': id, report_id, report_type, source, and 4 more.
lib/services/ai/report-validation-service.ts(1058,31): error TS2345: Argument of type '{ [x: string]: unknown; }' is not assignable to parameter of type 'Report'.
  Type '{ [x: string]: unknown; }' is missing the following properties from type 'Report': id, report_id, report_type, source, and 4 more.
lib/services/ai/report-validation-service.ts(1154,22): error TS2538: Type 'unknown' cannot be used as an index type.
lib/services/ai/report-validation-service.ts(1154,57): error TS2538: Type 'unknown' cannot be used as an index type.
lib/services/ai/report-validation-service.ts(1159,22): error TS2538: Type 'unknown' cannot be used as an index type.
lib/services/ai/report-validation-service.ts(1159,56): error TS2538: Type 'unknown' cannot be used as an index type.
lib/services/ai/report-validation-service.ts(1170,49): error TS18046: 'v.processing_time_ms' is of type 'unknown'.
lib/services/ai/report-validation-service.ts(1218,3): error TS2740: Type '{ [x: string]: unknown; }' is missing the following properties from type 'MLModel': id, model_name, model_type, version, and 7 more.
lib/services/ai/report-validation-service.ts(1231,3): error TS2322: Type '{ [x: string]: unknown; }[]' is not assignable to type 'MLModel[]'.
  Type '{ [x: string]: unknown; }' is missing the following properties from type 'MLModel': id, model_name, model_type, version, and 7 more.
lib/services/alert-preferences-service.ts(753,5): error TS2322: Type 'unknown' is not assignable to type 'string'.
lib/services/alert-preferences-service.ts(754,5): error TS2322: Type 'unknown' is not assignable to type 'string'.
lib/services/alert-preferences-service.ts(755,5): error TS2322: Type 'unknown' is not assignable to type 'boolean'.
lib/services/alert-preferences-service.ts(767,5): error TS2322: Type 'unknown' is not assignable to type 'string'.
lib/services/alert-preferences-service.ts(768,5): error TS2322: Type 'unknown' is not assignable to type 'string'.
lib/services/alert-preferences-service.ts(777,5): error TS2322: Type 'unknown' is not assignable to type 'string'.
lib/services/alert-preferences-service.ts(778,5): error TS2322: Type 'unknown' is not assignable to type 'string'.
lib/services/alert-preferences-service.ts(779,5): error TS2322: Type 'unknown' is not assignable to type 'string'.
lib/services/alert-preferences-service.ts(780,5): error TS2322: Type 'unknown' is not assignable to type 'boolean'.
lib/services/alert-preferences-service.ts(781,5): error TS2322: Type 'unknown' is not assignable to type 'boolean'.
lib/services/alert-preferences-service.ts(783,16): error TS18046: 'data.preferences' is of type 'unknown'.
lib/services/alert-preferences-service.ts(784,24): error TS18046: 'data.preferences' is of type 'unknown'.
lib/services/alert-preferences-service.ts(785,17): error TS18046: 'data.preferences' is of type 'unknown'.
lib/services/alert-preferences-service.ts(786,19): error TS18046: 'data.preferences' is of type 'unknown'.
lib/services/alert-preferences-service.ts(787,19): error TS18046: 'data.preferences' is of type 'unknown'.
lib/services/alert-preferences-service.ts(788,19): error TS18046: 'data.preferences' is of type 'unknown'.
lib/services/alert-preferences-service.ts(789,23): error TS18046: 'data.preferences' is of type 'unknown'.
lib/services/alert-scheduling-service.ts(582,3): error TS2322: Type '{ id: unknown; runAt: unknown; status: unknown; alertId: unknown; }[]' is not assignable to type '{ id: string; runAt: string; status: string; alertId?: string | undefined; }[]'.
  Type '{ id: unknown; runAt: unknown; status: unknown; alertId: unknown; }' is not assignable to type '{ id: string; runAt: string; status: string; alertId?: string | undefined; }'.
    Types of property 'id' are incompatible.
      Type 'unknown' is not assignable to type 'string'.
lib/services/alert-scheduling-service.ts(633,5): error TS2322: Type '{ scheduleId: unknown; name: unknown; scheduledFor: unknown; }[]' is not assignable to type '{ scheduleId: string; name: string; scheduledFor: string; }[]'.
  Type '{ scheduleId: unknown; name: unknown; scheduledFor: unknown; }' is not assignable to type '{ scheduleId: string; name: string; scheduledFor: string; }'.
    Types of property 'scheduleId' are incompatible.
      Type 'unknown' is not assignable to type 'string'.
lib/services/alert-scheduling-service.ts(670,5): error TS2322: Type 'unknown' is not assignable to type 'string'.
lib/services/alert-scheduling-service.ts(671,5): error TS2322: Type 'unknown' is not assignable to type 'string'.
lib/services/alert-scheduling-service.ts(674,5): error TS2322: Type 'unknown' is not assignable to type 'string'.
lib/services/alert-scheduling-service.ts(676,5): error TS2322: Type 'unknown' is not assignable to type 'string'.
lib/services/alert-scheduling-service.ts(677,5): error TS2322: Type 'unknown' is not assignable to type 'string'.
lib/services/alert-scheduling-service.ts(681,5): error TS2322: Type 'unknown' is not assignable to type 'string'.
lib/services/alert-scheduling-service.ts(684,5): error TS2322: Type 'unknown' is not assignable to type 'number'.
lib/services/alert-scheduling-service.ts(685,5): error TS2322: Type 'unknown' is not assignable to type 'string'.
lib/services/alert-scheduling-service.ts(686,5): error TS2322: Type 'unknown' is not assignable to type 'string'.
lib/services/alert-targeting-service.ts(317,5): error TS2322: Type 'unknown' is not assignable to type 'string'.
lib/services/alert-targeting-service.ts(390,17): error TS2345: Argument of type '{}' is not assignable to parameter of type 'GeoCoordinate'.
  Type '{}' is missing the following properties from type 'GeoCoordinate': latitude, longitude
lib/services/alert-targeting-service.ts(393,38): error TS2345: Argument of type 'unknown' is not assignable to parameter of type 'string'.
lib/services/alert-targeting-service.ts(399,50): error TS2339: Property 'coordinates' does not exist on type 'GeoRadiusTarget | GeoPolygonTarget'.
  Property 'coordinates' does not exist on type 'GeoRadiusTarget'.
lib/services/alert-targeting-service.ts(408,36): error TS2345: Argument of type '{}' is not assignable to parameter of type 'GeoCoordinate'.
  Type '{}' is missing the following properties from type 'GeoCoordinate': latitude, longitude
lib/services/alert-targeting-service.ts(409,38): error TS2345: Argument of type 'unknown' is not assignable to parameter of type 'string'.
lib/services/alert-targeting-service.ts(430,32): error TS2345: Argument of type 'unknown' is not assignable to parameter of type 'string'.
lib/services/alert-targeting-service.ts(450,32): error TS2345: Argument of type 'unknown' is not assignable to parameter of type 'string'.
lib/services/alert-targeting-service.ts(464,48): error TS2339: Property 'includes' does not exist on type '{}'.
lib/services/alert-targeting-service.ts(467,34): error TS2345: Argument of type 'unknown' is not assignable to parameter of type 'string'.
lib/services/alert-targeting-service.ts(483,56): error TS2345: Argument of type 'unknown' is not assignable to parameter of type 'string'.
lib/services/alert-targeting-service.ts(484,58): error TS2345: Argument of type 'unknown' is not assignable to parameter of type 'string'.
lib/services/alert-targeting-service.ts(485,54): error TS2345: Argument of type 'unknown' is not assignable to parameter of type 'string'.
lib/services/alert-targeting-service.ts(486,60): error TS2345: Argument of type 'unknown' is not assignable to parameter of type 'string'.
lib/services/alert-targeting-service.ts(549,64): error TS2339: Property 'length' does not exist on type '{}'.
lib/services/alert-targeting-service.ts(550,58): error TS2345: Argument of type '{}' is not assignable to parameter of type 'readonly unknown[]'.
  Type '{}' is missing the following properties from type 'readonly unknown[]': length, concat, join, slice, and 26 more.
lib/services/alert-targeting-service.ts(580,54): error TS2339: Property 'includes' does not exist on type '{}'.
lib/services/alert-targeting-service.ts(583,62): error TS2339: Property 'includes' does not exist on type '{}'.
lib/services/alert-targeting-service.ts(590,38): error TS2345: Argument of type '{}' is not assignable to parameter of type 'GeoCoordinate'.
  Type '{}' is missing the following properties from type 'GeoCoordinate': latitude, longitude
lib/services/alert-targeting-service.ts(596,46): error TS2339: Property 'includes' does not exist on type '{}'.
lib/services/alert-targeting-service.ts(603,9): error TS2322: Type 'unknown' is not assignable to type 'string'.
lib/services/alert-targeting-service.ts(604,9): error TS2322: Type 'unknown' is not assignable to type 'string'.
lib/services/alert-targeting-service.ts(605,9): error TS2322: Type 'unknown' is not assignable to type 'string'.
lib/services/alert-targeting-service.ts(606,9): error TS2322: Type 'unknown' is not assignable to type 'string'.
lib/services/alert-targeting-service.ts(607,9): error TS2322: Type 'unknown' is not assignable to type 'string'.
lib/services/alert-targeting-service.ts(609,9): error TS2322: Type 'unknown' is not assignable to type 'string'.
lib/services/alert-targeting-service.ts(610,9): error TS2322: Type '{} | undefined' is not assignable to type 'string | undefined'.
  Type '{}' is not assignable to type 'string'.
lib/services/alert-targeting-service.ts(697,7): error TS2552: Cannot find name 'administratoryTarget'. Did you mean 'administrativeTarget'?
lib/services/alert-targeting-service.ts(698,71): error TS2345: Argument of type 'string | undefined' is not assignable to parameter of type '{}'.
  Type 'undefined' is not assignable to type '{}'.
lib/services/alert-targeting-service.ts(712,24): error TS2538: Type 'unknown' cannot be used as an index type.
lib/services/alert-targeting-service.ts(712,64): error TS2538: Type 'unknown' cannot be used as an index type.
lib/services/alert-targeting-service.ts(714,28): error TS2538: Type 'unknown' cannot be used as an index type.
lib/services/alert-targeting-service.ts(714,70): error TS2538: Type 'unknown' cannot be used as an index type.
lib/services/alert-targeting-service.ts(718,3): error TS2322: Type '{ id: unknown; title: unknown; alertType: unknown; priority: unknown; createdAt: unknown; }[]' is not assignable to type '{ id: string; title: string; alertType: string; priority: string; createdAt: string; }[]'.
  Type '{ id: unknown; title: unknown; alertType: unknown; priority: unknown; createdAt: unknown; }' is not assignable to type '{ id: string; title: string; alertType: string; priority: string; createdAt: string; }'.
    Types of property 'id' are incompatible.
      Type 'unknown' is not assignable to type 'string'.
lib/services/alert/emergency-alert-gateway-service.ts(463,9): error TS2304: Cannot find name 'updateIntegrationMetrics'.
lib/services/alert/emergency-alert-gateway-service.ts(466,27): error TS2345: Argument of type '{ [x: string]: unknown; }' is not assignable to parameter of type 'Alert'.
  Type '{ [x: string]: unknown; }' is missing the following properties from type 'Alert': id, alert_id, source, status, and 11 more.
lib/services/alert/emergency-alert-gateway-service.ts(468,3): error TS2740: Type '{ [x: string]: unknown; }' is missing the following properties from type 'Alert': id, alert_id, source, status, and 11 more.
lib/services/alert/emergency-alert-gateway-service.ts(487,5): error TS2740: Type '{}' is missing the following properties from type '{ area_desc: string; polygon?: string | undefined; circle?: { center: { lat: number; lng: number; }; radius: number; } | undefined; geocode?: Record<string, string> | undefined; }[]': length, pop, push, concat, and 35 more.
lib/services/alert/emergency-alert-gateway-service.ts(505,22): error TS2345: Argument of type '{ [x: string]: unknown; }' is not assignable to parameter of type 'AlertRoutingRule'.
  Type '{ [x: string]: unknown; }' is missing the following properties from type 'AlertRoutingRule': id, rule_id, name, priority, and 6 more.
lib/services/alert/emergency-alert-gateway-service.ts(506,27): error TS2345: Argument of type 'unknown' is not assignable to parameter of type '{ type: "filter" | "transform" | "escalate" | "forward" | "enrich" | "notify"; target?: string | undefined; parameters?: Record<string, unknown> | undefined; }[]'.
lib/services/alert/emergency-alert-gateway-service.ts(511,26): error TS18046: 'rule.trigger_count' is of type 'unknown'.
lib/services/alert/emergency-alert-gateway-service.ts(513,19): error TS2345: Argument of type 'unknown' is not assignable to parameter of type '{}'.
lib/services/alert/emergency-alert-gateway-service.ts(526,20): error TS2352: Conversion of type 'Alert' to type 'Record<string, unknown>' may be a mistake because neither type sufficiently overlaps with the other. If this was intentional, convert the expression to 'unknown' first.
  Index signature for type 'string' is missing in type 'Alert'.
lib/services/alert/emergency-alert-gateway-service.ts(603,3): error TS2322: Type '{ [x: string]: unknown; }[]' is not assignable to type 'Alert[]'.
  Type '{ [x: string]: unknown; }' is missing the following properties from type 'Alert': id, alert_id, source, status, and 11 more.
lib/services/alert/emergency-alert-gateway-service.ts(624,5): error TS2322: Type '{ [x: string]: unknown; }[]' is not assignable to type 'Alert[]'.
  Type '{ [x: string]: unknown; }' is missing the following properties from type 'Alert': id, alert_id, source, status, and 11 more.
lib/services/alert/emergency-alert-gateway-service.ts(625,14): error TS18046: 'alert.areas' is of type 'unknown'.
lib/services/alert/emergency-alert-gateway-service.ts(625,31): error TS7006: Parameter 'a' implicitly has an 'any' type.
lib/services/alert/emergency-alert-gateway-service.ts(632,3): error TS2322: Type '{ [x: string]: unknown; }[]' is not assignable to type 'Alert[]'.
  Type '{ [x: string]: unknown; }' is missing the following properties from type 'Alert': id, alert_id, source, status, and 11 more.
lib/services/alert/emergency-alert-gateway-service.ts(648,3): error TS2322: Type '{ [x: string]: unknown; } | null' is not assignable to type 'Alert | null'.
  Type '{ [x: string]: unknown; }' is missing the following properties from type 'Alert': id, alert_id, source, status, and 11 more.
lib/services/alert/emergency-alert-gateway-service.ts(689,3): error TS2740: Type '{ [x: string]: unknown; }' is missing the following properties from type 'Alert': id, alert_id, source, status, and 11 more.
lib/services/api-rate-limit-service.ts(542,5): error TS2322: Type '{}' is not assignable to type 'string'.
lib/services/api-rate-limit-service.ts(594,3): error TS2322: Type '{ id: unknown; key: unknown; keyType: unknown; endpoint: unknown; method: unknown; limitsExceeded: unknown; action: unknown; requestHeaders: unknown; requestBody: unknown; timestamp: unknown; }[]' is not assignable to type 'RateLimitViolation[]'.
  Type '{ id: unknown; key: unknown; keyType: unknown; endpoint: unknown; method: unknown; limitsExceeded: unknown; action: unknown; requestHeaders: unknown; requestBody: unknown; timestamp: unknown; }' is not assignable to type 'RateLimitViolation'.
    Types of property 'id' are incompatible.
      Type 'unknown' is not assignable to type 'string'.
lib/services/api-rate-limit-service.ts(641,5): error TS2322: Type 'unknown' is not assignable to type 'string'.
lib/services/api-rate-limit-service.ts(642,5): error TS2322: Type 'unknown' is not assignable to type '"endpoint" | "ip_range" | "user_group" | "api_key_tier"'.
lib/services/api-rate-limit-service.ts(643,5): error TS2322: Type 'unknown' is not assignable to type 'string'.
lib/services/api-rate-limit-service.ts(644,5): error TS2322: Type 'unknown' is not assignable to type 'RateLimitWindow[]'.
lib/services/api-rate-limit-service.ts(645,5): error TS2322: Type 'unknown' is not assignable to type 'number'.
lib/services/api-rate-limit-service.ts(646,5): error TS2322: Type 'unknown' is not assignable to type 'boolean'.
lib/services/api-rate-limit-service.ts(647,5): error TS2322: Type 'unknown' is not assignable to type 'string'.
lib/services/api-rate-limit-service.ts(648,5): error TS2322: Type 'unknown' is not assignable to type 'string'.
lib/services/api-rate-limit-service.ts(688,3): error TS2322: Type '{ id: unknown; scopeType: unknown; scopeValue: unknown; limits: unknown; priority: unknown; enabled: unknown; createdAt: unknown; updatedAt: unknown; }[]' is not assignable to type 'CustomRateLimitRule[]'.
  Type '{ id: unknown; scopeType: unknown; scopeValue: unknown; limits: unknown; priority: unknown; enabled: unknown; createdAt: unknown; updatedAt: unknown; }' is not assignable to type 'CustomRateLimitRule'.
    Types of property 'id' are incompatible.
      Type 'unknown' is not assignable to type 'string'.
lib/services/api-rate-limit-service.ts(731,5): error TS2322: Type 'unknown' is not assignable to type 'string'.
lib/services/api-rate-limit-service.ts(732,5): error TS2322: Type 'unknown' is not assignable to type '"endpoint" | "ip_range" | "user_group" | "api_key_tier"'.
lib/services/api-rate-limit-service.ts(733,5): error TS2322: Type 'unknown' is not assignable to type 'string'.
lib/services/api-rate-limit-service.ts(734,5): error TS2322: Type 'unknown' is not assignable to type 'RateLimitWindow[]'.
lib/services/api-rate-limit-service.ts(735,5): error TS2322: Type 'unknown' is not assignable to type 'number'.
lib/services/api-rate-limit-service.ts(736,5): error TS2322: Type 'unknown' is not assignable to type 'boolean'.
lib/services/api-rate-limit-service.ts(737,5): error TS2322: Type 'unknown' is not assignable to type 'string'.
lib/services/api-rate-limit-service.ts(738,5): error TS2322: Type 'unknown' is not assignable to type 'string'.
lib/services/api-rate-limit-service.ts(799,5): error TS2322: Type 'unknown' is not assignable to type 'boolean'.
lib/services/api-rate-limit-service.ts(800,5): error TS2322: Type 'unknown' is not assignable to type 'number'.
lib/services/api-rate-limit-service.ts(801,5): error TS2322: Type 'unknown' is not assignable to type 'number'.
lib/services/api-rate-limit-service.ts(802,5): error TS2322: Type 'unknown' is not assignable to type 'number'.
lib/services/api-rate-limit-service.ts(803,5): error TS2322: Type 'unknown' is not assignable to type 'number'.
lib/services/api-rate-limit-service.ts(804,5): error TS2322: Type 'unknown' is not assignable to type 'number'.
lib/services/api-rate-limit-service.ts(805,5): error TS2322: Type 'unknown' is not assignable to type 'number'.
lib/services/api-rate-limit-service.ts(806,5): error TS2322: Type 'unknown' is not assignable to type 'boolean'.
lib/services/api-rate-limit-service.ts(807,5): error TS2322: Type 'unknown' is not assignable to type 'number'.
lib/services/api-rate-limit-service.ts(846,5): error TS2322: Type 'unknown' is not assignable to type 'boolean'.
lib/services/api-rate-limit-service.ts(847,5): error TS2322: Type 'unknown' is not assignable to type 'number'.
lib/services/api-rate-limit-service.ts(848,5): error TS2322: Type 'unknown' is not assignable to type 'number'.
lib/services/api-rate-limit-service.ts(849,5): error TS2322: Type 'unknown' is not assignable to type 'number'.
lib/services/api-rate-limit-service.ts(850,5): error TS2322: Type 'unknown' is not assignable to type 'number'.
lib/services/api-rate-limit-service.ts(851,5): error TS2322: Type 'unknown' is not assignable to type 'number'.
lib/services/api-rate-limit-service.ts(852,5): error TS2322: Type 'unknown' is not assignable to type 'number'.
lib/services/api-rate-limit-service.ts(853,5): error TS2322: Type 'unknown' is not assignable to type 'boolean'.
lib/services/api-rate-limit-service.ts(854,5): error TS2322: Type 'unknown' is not assignable to type 'number'.
lib/services/api-rate-limit-service.ts(905,19): error TS2538: Type 'unknown' cannot be used as an index type.
lib/services/api-rate-limit-service.ts(906,17): error TS2538: Type 'unknown' cannot be used as an index type.
lib/services/api-rate-limit-service.ts(1010,5): error TS2322: Type 'unknown' is not assignable to type 'string'.
lib/services/api-rate-limit-service.ts(1011,5): error TS2322: Type 'unknown' is not assignable to type '"user" | "global" | "api_key" | "ip"'.
lib/services/api-rate-limit-service.ts(1012,5): error TS2322: Type 'unknown' is not assignable to type 'string | undefined'.
lib/services/api-rate-limit-service.ts(1013,5): error TS2322: Type 'unknown' is not assignable to type '{ windowSeconds: number; maxRequests: number; }[]'.
lib/services/api-rate-limit-service.ts(1014,5): error TS2322: Type 'unknown' is not assignable to type '"block" | "throttle" | "queue"'.
lib/services/api-rate-limit-service.ts(1015,5): error TS2322: Type 'unknown' is not assignable to type 'number'.
lib/services/api-rate-limit-service.ts(1016,5): error TS2322: Type 'unknown' is not assignable to type 'boolean'.
lib/services/api-rate-limit-service.ts(1017,5): error TS2322: Type 'unknown' is not assignable to type 'string'.
lib/services/api-rate-limit-service.ts(1018,5): error TS2322: Type 'unknown' is not assignable to type 'string'.
lib/services/api-rate-limit-service.ts(1058,3): error TS2322: Type '{ id: unknown; scopeType: unknown; scopeId: unknown; limits: unknown; policy: unknown; priority: unknown; enabled: unknown; createdAt: unknown; updatedAt: unknown; }[]' is not assignable to type 'RateLimitConfig[]'.
  Type '{ id: unknown; scopeType: unknown; scopeId: unknown; limits: unknown; policy: unknown; priority: unknown; enabled: unknown; createdAt: unknown; updatedAt: unknown; }' is not assignable to type 'RateLimitConfig'.
    Types of property 'id' are incompatible.
      Type 'unknown' is not assignable to type 'string'.
lib/services/api-rate-limit-service.ts(1102,5): error TS2322: Type 'unknown' is not assignable to type 'string'.
lib/services/api-rate-limit-service.ts(1103,5): error TS2322: Type 'unknown' is not assignable to type '"user" | "global" | "api_key" | "ip"'.
lib/services/api-rate-limit-service.ts(1104,5): error TS2322: Type 'unknown' is not assignable to type 'string | undefined'.
lib/services/api-rate-limit-service.ts(1105,5): error TS2322: Type 'unknown' is not assignable to type '{ windowSeconds: number; maxRequests: number; }[]'.
lib/services/api-rate-limit-service.ts(1106,5): error TS2322: Type 'unknown' is not assignable to type '"block" | "throttle" | "queue"'.
lib/services/api-rate-limit-service.ts(1107,5): error TS2322: Type 'unknown' is not assignable to type 'number'.
lib/services/api-rate-limit-service.ts(1108,5): error TS2322: Type 'unknown' is not assignable to type 'boolean'.
lib/services/api-rate-limit-service.ts(1109,5): error TS2322: Type 'unknown' is not assignable to type 'string'.
lib/services/api-rate-limit-service.ts(1110,5): error TS2322: Type 'unknown' is not assignable to type 'string'.
lib/services/batch-operations-service.ts(622,57): error TS2365: Operator '+' cannot be applied to types 'number' and '{}'.
lib/services/batch-operations-service.ts(623,54): error TS2365: Operator '+' cannot be applied to types 'number' and '{}'.
lib/services/boundaries/responsibility-service.ts(34,10): error TS2352: Conversion of type '{ [x: string]: unknown; }' to type 'BoundaryAssignment' may be a mistake because neither type sufficiently overlaps with the other. If this was intentional, convert the expression to 'unknown' first.
  Type '{ [x: string]: unknown; }' is missing the following properties from type 'BoundaryAssignment': id, country_code, level_id, boundary_code, and 3 more.
lib/services/boundaries/responsibility-service.ts(69,10): error TS2352: Conversion of type '{ [x: string]: unknown; }[]' to type 'BoundaryAssignment[]' may be a mistake because neither type sufficiently overlaps with the other. If this was intentional, convert the expression to 'unknown' first.
  Type '{ [x: string]: unknown; }' is missing the following properties from type 'BoundaryAssignment': id, country_code, level_id, boundary_code, and 3 more.
lib/services/communication/communication-redundancy-service.ts(524,54): error TS2339: Property 'webhook_critical' does not exist on type '{ cellular: string; wifi: string; sms: string; push: string; email: string; satellite: string; mesh: string; radio: string; webhook: string; pager: string; landline: string; satellite_phone: string; }'.
lib/services/communication/communication-redundancy-service.ts(591,15): error TS2322: Type 'string[]' is not assignable to type 'CommunicationChannel[]'.
  Type 'string' is not assignable to type 'CommunicationChannel'.
lib/services/communication/communication-redundancy-service.ts(591,33): error TS2322: Type 'string[] | never[]' is not assignable to type 'CommunicationChannel[]'.
  Type 'string[]' is not assignable to type 'CommunicationChannel[]'.
    Type 'string' is not assignable to type 'CommunicationChannel'.
lib/services/communication/communication-redundancy-service.ts(591,53): error TS2322: Type 'string[] | never[]' is not assignable to type 'CommunicationChannel[]'.
  Type 'string[]' is not assignable to type 'CommunicationChannel[]'.
    Type 'string' is not assignable to type 'CommunicationChannel'.
lib/services/communication/communication-redundancy-service.ts(593,15): error TS2322: Type 'string[]' is not assignable to type 'CommunicationChannel[]'.
  Type 'string' is not assignable to type 'CommunicationChannel'.
lib/services/communication/communication-redundancy-service.ts(595,15): error TS2322: Type 'string[]' is not assignable to type 'CommunicationChannel[]'.
  Type 'string' is not assignable to type 'CommunicationChannel'.
lib/services/communication/communication-redundancy-service.ts(595,33): error TS2322: Type 'string[]' is not assignable to type 'CommunicationChannel[]'.
  Type 'string' is not assignable to type 'CommunicationChannel'.
lib/services/communication/communication-redundancy-service.ts(598,15): error TS2322: Type 'string[]' is not assignable to type 'CommunicationChannel[]'.
  Type 'string' is not assignable to type 'CommunicationChannel'.
lib/services/communication/communication-redundancy-service.ts(598,33): error TS2322: Type 'string[] | never[]' is not assignable to type 'CommunicationChannel[]'.
  Type 'string[]' is not assignable to type 'CommunicationChannel[]'.
    Type 'string' is not assignable to type 'CommunicationChannel'.
lib/services/communication/communication-redundancy-service.ts(598,53): error TS2322: Type 'string[] | never[]' is not assignable to type 'CommunicationChannel[]'.
  Type 'string[]' is not assignable to type 'CommunicationChannel[]'.
    Type 'string' is not assignable to type 'CommunicationChannel'.
lib/services/communication/communication-redundancy-service.ts(633,23): error TS7053: Element implicitly has an 'any' type because expression of type 'CommunicationChannel' can't be used to index type '{ push: number; sms: number; cellular: number; wifi: number; email: number; satellite: number; mesh: number; radio: number; webhook: number; webhook_critical: number; }'.
  Property 'pager' does not exist on type '{ push: number; sms: number; cellular: number; wifi: number; email: number; satellite: number; mesh: number; radio: number; webhook: number; webhook_critical: number; }'.
lib/services/communication/communication-redundancy-service.ts(739,3): error TS2322: Type '{ [x: string]: unknown; }[]' is not assignable to type 'CommunicationPath[]'.
  Type '{ [x: string]: unknown; }' is missing the following properties from type 'CommunicationPath': id, user_id, channel, destination, and 5 more.
lib/services/communication/communication-redundancy-service.ts(763,3): error TS2740: Type '{ [x: string]: unknown; }' is missing the following properties from type 'CommunicationPath': id, user_id, channel, destination, and 5 more.
lib/services/communication/communication-redundancy-service.ts(806,3): error TS2740: Type '{ [x: string]: unknown; }' is missing the following properties from type 'MessagePayload': id, message_id, channel, priority, and 2 more.
lib/services/communication/communication-redundancy-service.ts(835,3): error TS2740: Type '{ [x: string]: unknown; }' is missing the following properties from type 'MessageDelivery': id, message_id, channel, destination, and 4 more.
lib/services/communication/communication-redundancy-service.ts(907,3): error TS2740: Type '{ [x: string]: unknown; }' is missing the following properties from type 'MessageBatch': id, batch_id, message, recipients, and 7 more.
lib/services/communication/communication-redundancy-service.ts(923,18): error TS18046: 'res.data.total_recipients' is of type 'unknown'.
lib/services/communication/communication-redundancy-service.ts(955,3): error TS2322: Type '{ [x: string]: unknown; }[]' is not assignable to type 'ChannelConfig[]'.
  Type '{ [x: string]: unknown; }' is missing the following properties from type 'ChannelConfig': id, channel, name, status, and 6 more.
lib/services/communication/communication-redundancy-service.ts(996,3): error TS2740: Type '{ [x: string]: unknown; }' is missing the following properties from type 'NetworkStatus': id, timestamp, cellular, wifi, and 2 more.
lib/services/communication/communication-redundancy-service.ts(1050,21): error TS7053: Element implicitly has an 'any' type because expression of type 'CommunicationChannel' can't be used to index type '{ push: number; sms: number; cellular: number; wifi: number; email: number; satellite: number; mesh: number; radio: number; webhook: number; webhook_critical: number; }'.
  Property 'pager' does not exist on type '{ push: number; sms: number; cellular: number; wifi: number; email: number; satellite: number; mesh: number; radio: number; webhook: number; webhook_critical: number; }'.
lib/services/communication/communication-redundancy-service.ts(1082,3): error TS2740: Type '{ [x: string]: unknown; }' is missing the following properties from type 'MeshNetworkNode': id, node_id, device_id, location, and 7 more.
lib/services/communication/communication-redundancy-service.ts(1131,3): error TS2322: Type '{ [x: string]: unknown; }[]' is not assignable to type 'MeshNetworkNode[]'.
  Type '{ [x: string]: unknown; }' is missing the following properties from type 'MeshNetworkNode': id, node_id, device_id, location, and 7 more.
lib/services/communication/communication-redundancy-service.ts(1132,40): error TS2345: Argument of type 'unknown' is not assignable to parameter of type '{ lat: number; lng: number; }'.
lib/services/communication/communication-redundancy-service.ts(1200,3): error TS2740: Type '{ [x: string]: unknown; }' is missing the following properties from type 'EmergencyContactRelay': id, relay_id, user_id, contact_name, and 5 more.
lib/services/communication/communication-redundancy-service.ts(1224,9): error TS18046: 'relay.forward_count' is of type 'unknown'.
lib/services/communication/communication-redundancy-service.ts(1224,32): error TS18046: 'relay.relay_preferences' is of type 'unknown'.
lib/services/communication/communication-redundancy-service.ts(1239,24): error TS18046: 'relay.forward_count' is of type 'unknown'.
lib/services/communication/communication-redundancy-service.ts(1241,17): error TS2345: Argument of type 'unknown' is not assignable to parameter of type '{}'.
lib/services/communication/communication-redundancy-service.ts(1316,24): error TS2769: No overload matches this call.
  Overload 1 of 4, '(value: string | number | Date): Date', gave the following error.
    Argument of type '{}' is not assignable to parameter of type 'string | number | Date'.
  Overload 2 of 4, '(value: string | number): Date', gave the following error.
    Argument of type '{}' is not assignable to parameter of type 'string | number'.
lib/services/communication/communication-redundancy-service.ts(1316,61): error TS2769: No overload matches this call.
  Overload 1 of 4, '(value: string | number | Date): Date', gave the following error.
    Argument of type 'unknown' is not assignable to parameter of type 'string | number | Date'.
  Overload 2 of 4, '(value: string | number): Date', gave the following error.
    Argument of type 'unknown' is not assignable to parameter of type 'string | number'.
lib/services/communication/communication-redundancy-service.ts(1321,5): error TS2322: Type '{ channel: unknown; status: unknown; deliveryTime: number | undefined; }[]' is not assignable to type '{ channel: CommunicationChannel; status: MessageStatus; deliveryTime?: number | undefined; }[]'.
  Type '{ channel: unknown; status: unknown; deliveryTime: number | undefined; }' is not assignable to type '{ channel: CommunicationChannel; status: MessageStatus; deliveryTime?: number | undefined; }'.
    Types of property 'channel' are incompatible.
      Type 'unknown' is not assignable to type 'CommunicationChannel'.
lib/services/communication/communication-redundancy-service.ts(1325,20): error TS2769: No overload matches this call.
  Overload 1 of 4, '(value: string | number | Date): Date', gave the following error.
    Argument of type '{}' is not assignable to parameter of type 'string | number | Date'.
  Overload 2 of 4, '(value: string | number): Date', gave the following error.
    Argument of type '{}' is not assignable to parameter of type 'string | number'.
lib/services/communication/communication-redundancy-service.ts(1325,57): error TS2769: No overload matches this call.
  Overload 1 of 4, '(value: string | number | Date): Date', gave the following error.
    Argument of type 'unknown' is not assignable to parameter of type 'string | number | Date'.
  Overload 2 of 4, '(value: string | number): Date', gave the following error.
    Argument of type 'unknown' is not assignable to parameter of type 'string | number'.
lib/services/communication/communication-redundancy-service.ts(1358,9): error TS2345: Argument of type 'CommunicationPath | { failure_count: number; total_attempts: number; }' is not assignable to parameter of type 'CommunicationPath'.
  Type '{ failure_count: number; total_attempts: number; }' is missing the following properties from type 'CommunicationPath': id, user_id, channel, destination, and 3 more.
lib/services/communication/unified-communication-service.ts(654,3): error TS2740: Type '{ [x: string]: unknown; }' is missing the following properties from type 'Channel': id, channel_id, name, type, and 6 more.
lib/services/communication/unified-communication-service.ts(670,3): error TS2322: Type '{ [x: string]: unknown; } | null' is not assignable to type 'Channel | null'.
  Type '{ [x: string]: unknown; }' is missing the following properties from type 'Channel': id, channel_id, name, type, and 6 more.
lib/services/communication/unified-communication-service.ts(690,3): error TS2322: Type 'SelectQueryError<"could not find the relation between channel_members and channels">[]' is not assignable to type 'Channel[]'.
  Type '{ error: true; } & String' is missing the following properties from type 'Channel': id, channel_id, name, type, and 6 more.
lib/services/communication/unified-communication-service.ts(742,3): error TS2740: Type '{ [x: string]: unknown; }' is missing the following properties from type 'Message': id, message_id, channel_id, sender_id, and 5 more.
lib/services/communication/unified-communication-service.ts(767,3): error TS2322: Type '{ [x: string]: unknown; }[]' is not assignable to type 'Message[]'.
  Type '{ [x: string]: unknown; }' is missing the following properties from type 'Message': id, message_id, channel_id, sender_id, and 5 more.
lib/services/communication/unified-communication-service.ts(815,3): error TS2740: Type '{ [x: string]: unknown; }' is missing the following properties from type 'Call': id, call_id, type, status, and 3 more.
lib/services/communication/unified-communication-service.ts(851,3): error TS2740: Type '{ [x: string]: unknown; }' is missing the following properties from type 'Participant': id, participant_id, call_id, user_id, and 7 more.
lib/services/communication/unified-communication-service.ts(907,3): error TS2740: Type '{ [x: string]: unknown; }' is missing the following properties from type 'Recording': id, recording_id, type, start_time, and 5 more.
lib/services/communication/unified-communication-service.ts(947,3): error TS2740: Type '{ [x: string]: unknown; }' is missing the following properties from type 'Transcript': id, transcript_id, recording_id, language, and 3 more.
lib/services/communication/unified-communication-service.ts(965,3): error TS2322: Type '{ [x: string]: unknown; } | null' is not assignable to type 'Transcript | null'.
  Type '{ [x: string]: unknown; }' is missing the following properties from type 'Transcript': id, transcript_id, recording_id, language, and 3 more.
lib/services/communication/unified-communication-service.ts(992,3): error TS2740: Type '{ [x: string]: unknown; }' is missing the following properties from type 'RadioTransmission': id, transmission_id, radio_channel, unit_id, and 6 more.
lib/services/communication/unified-communication-service.ts(1030,3): error TS2740: Type '{ [x: string]: unknown; }' is missing the following properties from type 'PushToTalk': id, ptt_id, user_id, device_id, and 2 more.
lib/services/communication/unified-communication-service.ts(1079,3): error TS2740: Type '{ [x: string]: unknown; }' is missing the following properties from type 'Conversation': id, conversation_id, participants, type, and 5 more.
lib/services/communication/unified-communication-service.ts(1099,7): error TS2698: Spread types may only be created from object types.
lib/services/communication/unified-communication-service.ts(1121,3): error TS2322: Type '{ [x: string]: unknown; }[]' is not assignable to type 'Contact[]'.
  Type '{ [x: string]: unknown; }' is missing the following properties from type 'Contact': id, contact_id, user_id, name, and 3 more.
lib/services/communication/unified-communication-service.ts(1149,3): error TS2740: Type '{ [x: string]: unknown; }' is missing the following properties from type 'Contact': id, contact_id, user_id, name, and 3 more.
lib/services/communication/unified-communication-service.ts(1191,3): error TS2322: Type '{ [x: string]: unknown; } | null' is not assignable to type 'NotificationPreferences | null'.
  Type '{ [x: string]: unknown; }' is missing the following properties from type 'NotificationPreferences': user_id, sound_enabled, vibration_enabled, desktop_notifications, and 4 more.
lib/services/communication/unified-communication-service.ts(1217,3): error TS2740: Type '{ [x: string]: unknown; }' is missing the following properties from type 'EncryptionKey': id, key_id, public_key, algorithm, and 3 more.
lib/services/communication/unified-communication-service.ts(1260,3): error TS2322: Type '{ [x: string]: unknown; } | null' is not assignable to type 'ChannelActivity | null'.
  Type '{ [x: string]: unknown; }' is missing the following properties from type 'ChannelActivity': channel_id, timestamp, active_participants, messages_in_last_hour, and 3 more.
lib/services/community-alert-service.ts(411,27): error TS2365: Operator '+' cannot be applied to types '{}' and 'number'.
lib/services/community-alert-service.ts(484,27): error TS2339: Property 'latitude' does not exist on type 'CommunityAlert'.
lib/services/community-alert-service.ts(484,54): error TS2339: Property 'longitude' does not exist on type 'CommunityAlert'.
lib/services/community-alert-service.ts(616,17): error TS2345: Argument of type 'unknown' is not assignable to parameter of type '{}'.
lib/services/community-alert-service.ts(680,5): error TS2322: Type 'unknown' is not assignable to type 'string'.
lib/services/community-alert-service.ts(681,5): error TS2322: Type 'unknown' is not assignable to type 'string'.
lib/services/community-alert-service.ts(682,5): error TS2322: Type 'unknown' is not assignable to type 'string'.
lib/services/community-alert-service.ts(683,5): error TS2322: Type 'unknown' is not assignable to type 'string'.
lib/services/community-alert-service.ts(684,5): error TS2322: Type 'unknown' is not assignable to type 'boolean'.
lib/services/community-alert-service.ts(685,5): error TS2322: Type '{} | undefined' is not assignable to type 'string | undefined'.
  Type '{}' is not assignable to type 'string'.
lib/services/community-alert-service.ts(686,5): error TS2322: Type 'unknown' is not assignable to type 'string'.
lib/services/community-alert-service.ts(687,5): error TS2322: Type 'unknown' is not assignable to type 'string'.
lib/services/community-alert-service.ts(719,32): error TS2345: Argument of type 'unknown' is not assignable to parameter of type '{}'.
lib/services/community-alert-service.ts(723,7): error TS2322: Type 'unknown' is not assignable to type 'string'.
lib/services/community-alert-service.ts(724,7): error TS2322: Type 'unknown' is not assignable to type 'string'.
lib/services/community-alert-service.ts(725,7): error TS2322: Type 'unknown' is not assignable to type 'string'.
lib/services/community-alert-service.ts(726,7): error TS2322: Type 'unknown' is not assignable to type 'string'.
lib/services/community-alert-service.ts(727,7): error TS2322: Type 'unknown' is not assignable to type 'boolean'.
lib/services/community-alert-service.ts(728,7): error TS2322: Type '{} | undefined' is not assignable to type 'string | undefined'.
  Type '{}' is not assignable to type 'string'.
lib/services/community-alert-service.ts(729,7): error TS2322: Type 'unknown' is not assignable to type 'string'.
lib/services/community-alert-service.ts(730,7): error TS2322: Type 'unknown' is not assignable to type 'string'.
lib/services/community-alert-service.ts(736,9): error TS2322: Type 'unknown' is not assignable to type 'string'.
lib/services/community-alert-service.ts(737,9): error TS2322: Type 'unknown' is not assignable to type 'string'.
lib/services/community-alert-service.ts(738,9): error TS2322: Type 'unknown' is not assignable to type 'string'.
lib/services/community-alert-service.ts(739,9): error TS2322: Type 'unknown' is not assignable to type 'string'.
lib/services/community-alert-service.ts(740,9): error TS2322: Type 'unknown' is not assignable to type 'boolean'.
lib/services/community-alert-service.ts(741,9): error TS2322: Type '{} | undefined' is not assignable to type 'string | undefined'.
  Type '{}' is not assignable to type 'string'.
lib/services/community-alert-service.ts(742,9): error TS2322: Type 'unknown' is not assignable to type 'string'.
lib/services/community-alert-service.ts(743,9): error TS2322: Type 'unknown' is not assignable to type 'string'.
lib/services/community-alert-service.ts(770,7): error TS2322: Type 'unknown' is not assignable to type 'string'.
lib/services/community-alert-service.ts(771,7): error TS2322: Type 'unknown' is not assignable to type 'string'.
lib/services/community-alert-service.ts(772,7): error TS2322: Type 'unknown' is not assignable to type 'string'.
lib/services/community-alert-service.ts(773,7): error TS2322: Type 'unknown' is not assignable to type 'string'.
lib/services/community-alert-service.ts(792,5): error TS2322: Type 'unknown' is not assignable to type 'string'.
lib/services/community-alert-service.ts(793,5): error TS2322: Type 'unknown' is not assignable to type 'string'.
lib/services/community-alert-service.ts(794,5): error TS2322: Type 'unknown' is not assignable to type 'string'.
lib/services/community-alert-service.ts(795,5): error TS2322: Type 'unknown' is not assignable to type 'string'.
lib/services/community-alert-service.ts(843,10): error TS2345: Argument of type '(data: Record<string, unknown>) => CommunityAlert' is not assignable to parameter of type '(value: SelectQueryError<"could not find the relation between alert_subscriptions and community_alerts">, index: number, array: SelectQueryError<"could not find the relation between alert_subscriptions and community_alerts">[]) => CommunityAlert'.
  Types of parameters 'data' and 'value' are incompatible.
    Type 'SelectQueryError<"could not find the relation between alert_subscriptions and community_alerts">' is not assignable to type 'Record<string, unknown>'.
      Index signature for type 'string' is missing in type '{ error: true; } & String'.
lib/services/community-alert-service.ts(870,19): error TS2345: Argument of type 'unknown' is not assignable to parameter of type '{}'.
lib/services/community-alert-service.ts(874,9): error TS2322: Type 'unknown' is not assignable to type 'string'.
lib/services/community-alert-service.ts(875,9): error TS2322: Type 'unknown' is not assignable to type 'string'.
lib/services/community-alert-service.ts(876,9): error TS2322: Type 'unknown' is not assignable to type 'string'.
lib/services/community-alert-service.ts(877,9): error TS2322: Type 'unknown' is not assignable to type '"up" | "down"'.
lib/services/community-alert-service.ts(878,9): error TS2322: Type 'unknown' is not assignable to type 'string'.
lib/services/community-alert-service.ts(886,17): error TS2345: Argument of type 'unknown' is not assignable to parameter of type '{}'.
lib/services/community-alert-service.ts(897,7): error TS2322: Type 'unknown' is not assignable to type 'string'.
lib/services/community-alert-service.ts(898,7): error TS2322: Type 'unknown' is not assignable to type 'string'.
lib/services/community-alert-service.ts(899,7): error TS2322: Type 'unknown' is not assignable to type 'string'.
lib/services/community-alert-service.ts(900,7): error TS2322: Type 'unknown' is not assignable to type '"up" | "down"'.
lib/services/community-alert-service.ts(901,7): error TS2322: Type 'unknown' is not assignable to type 'string'.
lib/services/community-alert-service.ts(923,5): error TS2322: Type 'unknown' is not assignable to type 'string'.
lib/services/community-alert-service.ts(924,5): error TS2322: Type 'unknown' is not assignable to type 'string'.
lib/services/community-alert-service.ts(925,5): error TS2322: Type 'unknown' is not assignable to type 'string'.
lib/services/community-alert-service.ts(926,5): error TS2322: Type 'unknown' is not assignable to type '"up" | "down"'.
lib/services/community-alert-service.ts(927,5): error TS2322: Type 'unknown' is not assignable to type 'string'.
lib/services/community-alert-service.ts(951,21): error TS2339: Property 'latitude' does not exist on type 'CommunityAlert'.
lib/services/community-alert-service.ts(951,44): error TS2339: Property 'longitude' does not exist on type 'CommunityAlert'.
lib/services/community-alert-service.ts(955,21): error TS2339: Property 'latitude' does not exist on type 'CommunityAlert'.
lib/services/community-alert-service.ts(955,44): error TS2339: Property 'longitude' does not exist on type 'CommunityAlert'.
lib/services/community-alert-service.ts(990,15): error TS2339: Property 'verification_status' does not exist on type '{ status: unknown; category: unknown; municipality: unknown; }'.
lib/services/community-alert-service.ts(994,24): error TS2538: Type '{}' cannot be used as an index type.
lib/services/community-alert-service.ts(994,60): error TS2538: Type '{}' cannot be used as an index type.
lib/services/community-alert-service.ts(997,28): error TS2538: Type '{}' cannot be used as an index type.
lib/services/community-alert-service.ts(997,72): error TS2538: Type '{}' cannot be used as an index type.
lib/services/community-alert-service.ts(1054,5): error TS2322: Type 'unknown' is not assignable to type 'string'.
lib/services/community-alert-service.ts(1056,5): error TS2322: Type 'unknown' is not assignable to type 'string'.
lib/services/community-alert-service.ts(1057,5): error TS2322: Type 'unknown' is not assignable to type 'string'.
lib/services/community-alert-service.ts(1058,5): error TS2322: Type 'unknown' is not assignable to type 'string'.
lib/services/community-alert-service.ts(1073,5): error TS2322: Type '{}' is not assignable to type 'number'.
lib/services/community-alert-service.ts(1076,5): error TS2322: Type 'unknown' is not assignable to type 'string'.
lib/services/community-alert-service.ts(1088,5): error TS2322: Type '{}' is not assignable to type 'number'.
lib/services/community-alert-service.ts(1089,5): error TS2322: Type '{}' is not assignable to type 'number'.
lib/services/community-alert-service.ts(1090,5): error TS2322: Type '{}' is not assignable to type 'number'.
lib/services/community-alert-service.ts(1091,5): error TS2322: Type 'unknown' is not assignable to type 'string'.
lib/services/community-alert-service.ts(1092,5): error TS2322: Type 'unknown' is not assignable to type 'string'.
lib/services/community-alert-service.ts(1101,5): error TS2322: Type 'unknown' is not assignable to type 'string'.
lib/services/community-alert-service.ts(1102,5): error TS2322: Type 'unknown' is not assignable to type 'string'.
lib/services/community-alert-service.ts(1103,5): error TS2322: Type 'unknown' is not assignable to type 'string'.
lib/services/community-alert-service.ts(1107,5): error TS2322: Type 'unknown' is not assignable to type 'string'.
lib/services/community-analytics-service.ts(312,19): error TS2769: No overload matches this call.
  Overload 1 of 4, '(value: string | number | Date): Date', gave the following error.
    Argument of type 'unknown' is not assignable to parameter of type 'string | number | Date'.
  Overload 2 of 4, '(value: string | number): Date', gave the following error.
    Argument of type 'unknown' is not assignable to parameter of type 'string | number'.
lib/services/community-analytics-service.ts(320,18): error TS2538: Type 'unknown' cannot be used as an index type.
lib/services/community-analytics-service.ts(320,46): error TS2538: Type 'unknown' cannot be used as an index type.
lib/services/community-analytics-service.ts(321,22): error TS2538: Type 'unknown' cannot be used as an index type.
lib/services/community-analytics-service.ts(321,58): error TS2538: Type 'unknown' cannot be used as an index type.
lib/services/community-analytics-service.ts(429,5): error TS2741: Property 'config' is missing in type '{ id: string; type: "engagement_score"; title: string; size: "small"; position: { x: number; y: number; }; }' but required in type 'AnalyticsWidget'.
lib/services/community-analytics-service.ts(430,5): error TS2741: Property 'config' is missing in type '{ id: string; type: "active_members"; title: string; size: "small"; position: { x: number; y: number; }; }' but required in type 'AnalyticsWidget'.
lib/services/community-analytics-service.ts(431,5): error TS2741: Property 'config' is missing in type '{ id: string; type: "total_alerts"; title: string; size: "small"; position: { x: number; y: number; }; }' but required in type 'AnalyticsWidget'.
lib/services/community-analytics-service.ts(432,5): error TS2741: Property 'config' is missing in type '{ id: string; type: "resolution_rate"; title: string; size: "small"; position: { x: number; y: number; }; }' but required in type 'AnalyticsWidget'.
lib/services/community-analytics-service.ts(433,5): error TS2741: Property 'config' is missing in type '{ id: string; type: "alert_trend"; title: string; size: "medium"; position: { x: number; y: number; }; }' but required in type 'AnalyticsWidget'.
lib/services/community-analytics-service.ts(434,5): error TS2741: Property 'config' is missing in type '{ id: string; type: "member_growth"; title: string; size: "medium"; position: { x: number; y: number; }; }' but required in type 'AnalyticsWidget'.
lib/services/community-analytics-service.ts(556,60): error TS2345: Argument of type '"daily" | "weekly" | "monthly" | "yearly" | "quarterly"' is not assignable to parameter of type '"daily" | "weekly" | "monthly" | "yearly" | undefined'.
  Type '"quarterly"' is not assignable to type '"daily" | "weekly" | "monthly" | "yearly" | undefined'.
lib/services/community-analytics-service.ts(575,25): error TS2352: Conversion of type 'CommunityAnalytics' to type 'Record<string, unknown>' may be a mistake because neither type sufficiently overlaps with the other. If this was intentional, convert the expression to 'unknown' first.
  Index signature for type 'string' is missing in type 'CommunityAnalytics'.
lib/services/community-analytics-service.ts(640,5): error TS2322: Type 'unknown' is not assignable to type 'string'.
lib/services/community-analytics-service.ts(643,5): error TS2322: Type 'unknown' is not assignable to type 'string'.
lib/services/community-analytics-service.ts(644,5): error TS2322: Type 'unknown' is not assignable to type 'string'.
lib/services/community-analytics-service.ts(645,5): error TS2322: Type 'unknown' is not assignable to type 'number'.
lib/services/community-analytics-service.ts(646,5): error TS2322: Type 'unknown' is not assignable to type 'number'.
lib/services/community-analytics-service.ts(647,5): error TS2322: Type 'unknown' is not assignable to type 'number'.
lib/services/community-analytics-service.ts(648,5): error TS2322: Type '{}' is not assignable to type 'number'.
lib/services/community-analytics-service.ts(649,5): error TS2322: Type '{}' is not assignable to type 'number'.
lib/services/community-analytics-service.ts(650,5): error TS2322: Type '{}' is not assignable to type 'number'.
lib/services/community-analytics-service.ts(651,5): error TS2322: Type 'unknown' is not assignable to type 'number'.
lib/services/community-analytics-service.ts(654,5): error TS2322: Type '{}' is not assignable to type 'number'.
lib/services/community-analytics-service.ts(655,5): error TS2322: Type 'unknown' is not assignable to type 'number'.
lib/services/community-analytics-service.ts(656,5): error TS2322: Type '{}' is not assignable to type 'number'.
lib/services/community-analytics-service.ts(657,5): error TS2322: Type 'unknown' is not assignable to type 'number'.
lib/services/community-analytics-service.ts(658,5): error TS2322: Type '{}' is not assignable to type 'number'.
lib/services/community-analytics-service.ts(659,5): error TS2322: Type '{}' is not assignable to type 'number'.
lib/services/community-analytics-service.ts(674,5): error TS2322: Type 'unknown' is not assignable to type 'string'.
lib/services/community-analytics-service.ts(675,5): error TS2322: Type 'unknown' is not assignable to type 'string'.
lib/services/community-analytics-service.ts(681,5): error TS2322: Type 'unknown' is not assignable to type 'string'.
lib/services/community-analytics-service.ts(682,5): error TS2322: Type 'unknown' is not assignable to type 'string'.
lib/services/community-analytics-service.ts(684,5): error TS2322: Type 'unknown' is not assignable to type 'number'.
lib/services/community-analytics-service.ts(687,5): error TS2322: Type 'unknown' is not assignable to type 'string'.
lib/services/community-analytics-service.ts(688,5): error TS2322: Type 'unknown' is not assignable to type 'string'.
lib/services/community-reporting-service.ts(704,19): error TS2345: Argument of type 'unknown' is not assignable to parameter of type '{}'.
lib/services/community-reporting-service.ts(876,5): error TS2322: Type 'unknown' is not assignable to type 'string'.
lib/services/community-reporting-service.ts(877,5): error TS2322: Type 'unknown' is not assignable to type 'string'.
lib/services/community-reporting-service.ts(878,5): error TS2322: Type '{} | undefined' is not assignable to type 'string | undefined'.
  Type '{}' is not assignable to type 'string'.
lib/services/community-reporting-service.ts(879,5): error TS2322: Type 'unknown' is not assignable to type 'boolean'.
lib/services/community-reporting-service.ts(880,5): error TS2322: Type 'unknown' is not assignable to type 'string'.
lib/services/community-reporting-service.ts(881,5): error TS2322: Type '{} | undefined' is not assignable to type 'string | undefined'.
  Type '{}' is not assignable to type 'string'.
lib/services/community-reporting-service.ts(882,5): error TS2322: Type 'unknown' is not assignable to type 'boolean'.
lib/services/community-reporting-service.ts(883,5): error TS2322: Type 'unknown' is not assignable to type 'string'.
lib/services/community-reporting-service.ts(884,5): error TS2322: Type 'unknown' is not assignable to type 'string'.
lib/services/community-reporting-service.ts(933,12): error TS2538: Type 'unknown' cannot be used as an index type.
lib/services/community-reporting-service.ts(933,35): error TS2538: Type 'unknown' cannot be used as an index type.
lib/services/community-reporting-service.ts(936,14): error TS2538: Type 'unknown' cannot be used as an index type.
lib/services/community-reporting-service.ts(936,41): error TS2538: Type 'unknown' cannot be used as an index type.
lib/services/community-reporting-service.ts(939,16): error TS2538: Type 'unknown' cannot be used as an index type.
lib/services/community-reporting-service.ts(939,47): error TS2538: Type 'unknown' cannot be used as an index type.
lib/services/community-reporting-service.ts(943,39): error TS2769: No overload matches this call.
  Overload 1 of 4, '(value: string | number | Date): Date', gave the following error.
    Argument of type '{}' is not assignable to parameter of type 'string | number | Date'.
  Overload 2 of 4, '(value: string | number): Date', gave the following error.
    Argument of type '{}' is not assignable to parameter of type 'string | number'.
lib/services/community-reporting-service.ts(943,80): error TS2769: No overload matches this call.
  Overload 1 of 4, '(value: string | number | Date): Date', gave the following error.
    Argument of type '{}' is not assignable to parameter of type 'string | number | Date'.
  Overload 2 of 4, '(value: string | number): Date', gave the following error.
    Argument of type '{}' is not assignable to parameter of type 'string | number'.
lib/services/community-reporting-service.ts(989,3): error TS2322: Type '{ id: unknown; type: ReportType; title: unknown; description: unknown; requiredFields: unknown; optionalFields: unknown; mediaRequired: unknown; mediaTypes: {} | undefined; instructions: {} | undefined; examples: {} | undefined; isActive: unknown; createdAt: unknown; updatedAt: unknown; }[]' is not assignable to type 'ReportTemplate[]'.
  Type '{ id: unknown; type: ReportType; title: unknown; description: unknown; requiredFields: unknown; optionalFields: unknown; mediaRequired: unknown; mediaTypes: {} | undefined; instructions: {} | undefined; examples: {} | undefined; isActive: unknown; createdAt: unknown; updatedAt: unknown; }' is not assignable to type 'ReportTemplate'.
    Types of property 'id' are incompatible.
      Type 'unknown' is not assignable to type 'string'.
lib/services/community-reporting-service.ts(1101,5): error TS2322: Type 'unknown' is not assignable to type 'string'.
lib/services/community-reporting-service.ts(1103,5): error TS2322: Type 'unknown' is not assignable to type 'string'.
lib/services/community-reporting-service.ts(1104,5): error TS2322: Type 'unknown' is not assignable to type 'string'.
lib/services/community-reporting-service.ts(1105,5): error TS2322: Type 'unknown' is not assignable to type 'number'.
lib/services/community-reporting-service.ts(1106,5): error TS2322: Type 'unknown' is not assignable to type 'number'.
lib/services/community-reporting-service.ts(1115,5): error TS2322: Type 'unknown' is not assignable to type 'number'.
lib/services/community-reporting-service.ts(1117,5): error TS2322: Type 'unknown' is not assignable to type 'boolean'.
lib/services/community-reporting-service.ts(1119,5): error TS2322: Type 'unknown' is not assignable to type 'boolean'.
lib/services/community-reporting-service.ts(1122,5): error TS2322: Type 'unknown' is not assignable to type '"pending" | "approved" | "rejected"'.
lib/services/community-reporting-service.ts(1127,5): error TS2322: Type 'unknown' is not assignable to type 'string'.
lib/services/community-reporting-service.ts(1128,5): error TS2322: Type 'unknown' is not assignable to type 'string'.
lib/services/community-reporting-service.ts(1137,5): error TS2322: Type 'unknown' is not assignable to type 'string'.
lib/services/community-reporting-service.ts(1138,5): error TS2322: Type 'unknown' is not assignable to type 'string'.
lib/services/community-reporting-service.ts(1140,5): error TS2322: Type 'unknown' is not assignable to type 'boolean'.
lib/services/community-reporting-service.ts(1146,5): error TS2322: Type 'unknown' is not assignable to type 'string'.
lib/services/data-import-service.ts(607,56): error TS2365: Operator '+' cannot be applied to types 'number' and '{}'.
lib/services/data-import-service.ts(608,52): error TS2365: Operator '+' cannot be applied to types 'number' and '{}'.
lib/services/data-import-service.ts(631,33): error TS2345: Argument of type '(row: Record<string, unknown>) => Promise<{ success: true; id?: undefined; error?: undefined; } | { success: true; id: unknown; error?: undefined; } | { success: false; error: string; id?: undefined; }>' is not assignable to parameter of type '(row: Record<string, unknown>) => Promise<{ success: boolean; id?: string | undefined; error?: string | undefined; }>'.
  Type 'Promise<{ success: true; id?: undefined; error?: undefined; } | { success: true; id: unknown; error?: undefined; } | { success: false; error: string; id?: undefined; }>' is not assignable to type 'Promise<{ success: boolean; id?: string | undefined; error?: string | undefined; }>'.
    Type '{ success: true; id?: undefined; error?: undefined; } | { success: true; id: unknown; error?: undefined; } | { success: false; error: string; id?: undefined; }' is not assignable to type '{ success: boolean; id?: string | undefined; error?: string | undefined; }'.
      Type '{ success: true; id: unknown; error?: undefined; }' is not assignable to type '{ success: boolean; id?: string | undefined; error?: string | undefined; }'.
        Types of property 'id' are incompatible.
          Type 'unknown' is not assignable to type 'string | undefined'.
lib/services/data-import-service.ts(637,20): error TS2345: Argument of type 'unknown' is not assignable to parameter of type '{}'.
lib/services/data-import-service.ts(641,27): error TS2339: Property 'conflictResolution' does not exist on type '{}'.
lib/services/data-import-service.ts(648,23): error TS2345: Argument of type 'unknown' is not assignable to parameter of type '{}'.
lib/services/data-import-service.ts(843,5): error TS2322: Type 'unknown' is not assignable to type 'string'.
lib/services/data-import-service.ts(844,5): error TS2322: Type 'unknown' is not assignable to type 'string'.
lib/services/data-import-service.ts(849,5): error TS2322: Type 'unknown' is not assignable to type 'string'.
lib/services/data-import-service.ts(850,5): error TS2322: Type 'unknown' is not assignable to type 'number'.
lib/services/data-import-service.ts(852,5): error TS2322: Type 'unknown' is not assignable to type 'number'.
lib/services/data-import-service.ts(853,5): error TS2322: Type 'unknown' is not assignable to type 'number'.
lib/services/data-import-service.ts(855,5): error TS2322: Type 'unknown' is not assignable to type 'number'.
lib/services/data-import-service.ts(856,5): error TS2322: Type 'unknown' is not assignable to type 'number'.
lib/services/data-import-service.ts(857,5): error TS2322: Type 'unknown' is not assignable to type 'number'.
lib/services/data-import-service.ts(858,5): error TS2322: Type 'unknown' is not assignable to type 'number'.
lib/services/data-import-service.ts(861,5): error TS2322: Type 'unknown' is not assignable to type 'string'.
lib/services/data-import-service.ts(863,5): error TS2322: Type 'unknown' is not assignable to type 'string'.
lib/services/data-import-service.ts(864,5): error TS2322: Type 'unknown' is not assignable to type 'string'.
lib/services/deep-linking-service.ts(290,15): error TS2693: 'DeepLinkError' only refers to a type, but is being used as a value here.
lib/services/deep-linking-service.ts(311,27): error TS18046: 'config.required_params' is of type 'unknown'.
lib/services/deep-linking-service.ts(316,17): error TS2693: 'DeepLinkError' only refers to a type, but is being used as a value here.
lib/services/deep-linking-service.ts(332,5): error TS2322: Type '{}' is not assignable to type 'string'.
lib/services/deep-linking-service.ts(342,5): error TS2322: Type '{ id: unknown; path: unknown; action: DeepLinkAction; requiredParams: unknown; optionalParams: unknown; requiresAuth: unknown; requiresVerified: unknown; fallbackUrl: {} | undefined; deeplinkFallback: {} | undefined; ... 8 more ...; updatedAt: unknown; } | undefined' is not assignable to type 'DeepLinkConfig | undefined'.
  Type '{ id: unknown; path: unknown; action: DeepLinkAction; requiredParams: unknown; optionalParams: unknown; requiresAuth: unknown; requiresVerified: unknown; fallbackUrl: {} | undefined; deeplinkFallback: {} | undefined; title: unknown; description: {} | undefined; ... 6 more ...; updatedAt: unknown; }' is not assignable to type 'DeepLinkConfig'.
    Types of property 'id' are incompatible.
      Type 'unknown' is not assignable to type 'string'.
lib/services/deep-linking-service.ts(378,15): error TS2693: 'DeepLinkError' only refers to a type, but is being used as a value here.
lib/services/deep-linking-service.ts(432,5): error TS2322: Type 'unknown' is not assignable to type 'string'.
lib/services/deep-linking-service.ts(433,5): error TS2322: Type 'unknown' is not assignable to type 'string'.
lib/services/deep-linking-service.ts(434,5): error TS2322: Type 'unknown' is not assignable to type 'Record<string, string>'.
lib/services/deep-linking-service.ts(435,5): error TS2322: Type 'unknown' is not assignable to type 'string'.
lib/services/deep-linking-service.ts(436,5): error TS2322: Type '{} | undefined' is not assignable to type 'string | undefined'.
  Type '{}' is not assignable to type 'string'.
lib/services/deep-linking-service.ts(437,5): error TS2322: Type '{} | undefined' is not assignable to type 'string | undefined'.
  Type '{}' is not assignable to type 'string'.
lib/services/deep-linking-service.ts(438,5): error TS2322: Type '{} | undefined' is not assignable to type 'string | undefined'.
  Type '{}' is not assignable to type 'string'.
lib/services/deep-linking-service.ts(439,5): error TS2322: Type '{} | undefined' is not assignable to type 'string | undefined'.
  Type '{}' is not assignable to type 'string'.
lib/services/deep-linking-service.ts(440,5): error TS2322: Type '{} | undefined' is not assignable to type 'string | undefined'.
  Type '{}' is not assignable to type 'string'.
lib/services/deep-linking-service.ts(441,5): error TS2322: Type '{} | undefined' is not assignable to type 'string | undefined'.
  Type '{}' is not assignable to type 'string'.
lib/services/deep-linking-service.ts(442,5): error TS2322: Type '{} | undefined' is not assignable to type 'number | undefined'.
  Type '{}' is not assignable to type 'number'.
lib/services/deep-linking-service.ts(443,5): error TS2322: Type 'unknown' is not assignable to type 'number'.
lib/services/deep-linking-service.ts(444,5): error TS2322: Type 'unknown' is not assignable to type 'number'.
lib/services/deep-linking-service.ts(445,5): error TS2322: Type 'unknown' is not assignable to type 'boolean'.
lib/services/deep-linking-service.ts(446,5): error TS2322: Type '{} | undefined' is not assignable to type 'string | undefined'.
  Type '{}' is not assignable to type 'string'.
lib/services/deep-linking-service.ts(447,5): error TS2322: Type 'unknown' is not assignable to type 'string'.
lib/services/deep-linking-service.ts(478,15): error TS2693: 'DeepLinkError' only refers to a type, but is being used as a value here.
lib/services/deep-linking-service.ts(482,40): error TS2769: No overload matches this call.
  Overload 1 of 4, '(value: string | number | Date): Date', gave the following error.
    Argument of type '{}' is not assignable to parameter of type 'string | number | Date'.
  Overload 2 of 4, '(value: string | number): Date', gave the following error.
    Argument of type '{}' is not assignable to parameter of type 'string | number'.
lib/services/deep-linking-service.ts(483,15): error TS2693: 'DeepLinkError' only refers to a type, but is being used as a value here.
lib/services/deep-linking-service.ts(487,31): error TS18046: 'shortLink.click_count' is of type 'unknown'.
lib/services/deep-linking-service.ts(488,15): error TS2693: 'DeepLinkError' only refers to a type, but is being used as a value here.
lib/services/deep-linking-service.ts(495,20): error TS18046: 'shortLink.click_count' is of type 'unknown'.
lib/services/deep-linking-service.ts(498,15): error TS2345: Argument of type 'unknown' is not assignable to parameter of type '{}'.
lib/services/deep-linking-service.ts(518,5): error TS2322: Type 'unknown' is not assignable to type 'string'.
lib/services/deep-linking-service.ts(519,5): error TS2322: Type 'unknown' is not assignable to type 'Record<string, string>'.
lib/services/deep-linking-service.ts(520,5): error TS2322: Type '{ utm_source: {}; utm_medium: {}; utm_campaign: {}; } | undefined' is not assignable to type 'Record<string, string> | undefined'.
  Type '{ utm_source: {}; utm_medium: {}; utm_campaign: {}; }' is not assignable to type 'Record<string, string>'.
    Property 'utm_source' is incompatible with index signature.
      Type '{}' is not assignable to type 'string'.
lib/services/deep-linking-service.ts(550,5): error TS2322: Type 'unknown' is not assignable to type 'string'.
lib/services/deep-linking-service.ts(551,5): error TS2322: Type 'unknown' is not assignable to type 'string'.
lib/services/deep-linking-service.ts(552,5): error TS2322: Type 'unknown' is not assignable to type 'Record<string, string>'.
lib/services/deep-linking-service.ts(553,5): error TS2322: Type 'unknown' is not assignable to type 'string'.
lib/services/deep-linking-service.ts(554,5): error TS2322: Type '{} | undefined' is not assignable to type 'string | undefined'.
  Type '{}' is not assignable to type 'string'.
lib/services/deep-linking-service.ts(555,5): error TS2322: Type '{} | undefined' is not assignable to type 'string | undefined'.
  Type '{}' is not assignable to type 'string'.
lib/services/deep-linking-service.ts(556,5): error TS2322: Type '{} | undefined' is not assignable to type 'string | undefined'.
  Type '{}' is not assignable to type 'string'.
lib/services/deep-linking-service.ts(557,5): error TS2322: Type '{} | undefined' is not assignable to type 'string | undefined'.
  Type '{}' is not assignable to type 'string'.
lib/services/deep-linking-service.ts(558,5): error TS2322: Type '{} | undefined' is not assignable to type 'string | undefined'.
  Type '{}' is not assignable to type 'string'.
lib/services/deep-linking-service.ts(559,5): error TS2322: Type '{} | undefined' is not assignable to type 'string | undefined'.
  Type '{}' is not assignable to type 'string'.
lib/services/deep-linking-service.ts(560,5): error TS2322: Type '{} | undefined' is not assignable to type 'number | undefined'.
  Type '{}' is not assignable to type 'number'.
lib/services/deep-linking-service.ts(561,5): error TS2322: Type 'unknown' is not assignable to type 'number'.
lib/services/deep-linking-service.ts(562,5): error TS2322: Type 'unknown' is not assignable to type 'number'.
lib/services/deep-linking-service.ts(563,5): error TS2322: Type 'unknown' is not assignable to type 'boolean'.
lib/services/deep-linking-service.ts(564,5): error TS2322: Type '{} | undefined' is not assignable to type 'string | undefined'.
  Type '{}' is not assignable to type 'string'.
lib/services/deep-linking-service.ts(565,5): error TS2322: Type 'unknown' is not assignable to type 'string'.
lib/services/deep-linking-service.ts(566,5): error TS2322: Type '{} | undefined' is not assignable to type 'string | undefined'.
  Type '{}' is not assignable to type 'string'.
lib/services/deep-linking-service.ts(615,3): error TS2322: Type '{ id: unknown; targetPath: unknown; targetParams: unknown; code: unknown; title: {} | undefined; description: {} | undefined; utmSource: {} | undefined; utmMedium: {} | undefined; utmCampaign: {} | undefined; expiresAt: {} | undefined; ... 6 more ...; lastClickedAt: {} | undefined; }[]' is not assignable to type 'ShortLink[]'.
  Type '{ id: unknown; targetPath: unknown; targetParams: unknown; code: unknown; title: {} | undefined; description: {} | undefined; utmSource: {} | undefined; utmMedium: {} | undefined; utmCampaign: {} | undefined; expiresAt: {} | undefined; ... 6 more ...; lastClickedAt: {} | undefined; }' is not assignable to type 'ShortLink'.
    Types of property 'id' are incompatible.
      Type 'unknown' is not assignable to type 'string'.
lib/services/deep-linking-service.ts(689,18): error TS18046: 'd.clicked_at' is of type 'unknown'.
lib/services/deep-linking-service.ts(741,5): error TS2322: Type 'unknown' is not assignable to type 'string'.
lib/services/deep-linking-service.ts(742,5): error TS2322: Type 'unknown' is not assignable to type 'string'.
lib/services/deep-linking-service.ts(744,5): error TS2322: Type 'unknown' is not assignable to type 'string[]'.
lib/services/deep-linking-service.ts(745,5): error TS2322: Type 'unknown' is not assignable to type 'string[]'.
lib/services/deep-linking-service.ts(746,5): error TS2322: Type 'unknown' is not assignable to type 'boolean'.
lib/services/deep-linking-service.ts(747,5): error TS2322: Type 'unknown' is not assignable to type 'boolean'.
lib/services/deep-linking-service.ts(748,5): error TS2322: Type '{} | undefined' is not assignable to type 'string | undefined'.
  Type '{}' is not assignable to type 'string'.
lib/services/deep-linking-service.ts(749,5): error TS2322: Type '{} | undefined' is not assignable to type 'string | undefined'.
  Type '{}' is not assignable to type 'string'.
lib/services/deep-linking-service.ts(750,5): error TS2322: Type 'unknown' is not assignable to type 'string'.
lib/services/deep-linking-service.ts(751,5): error TS2322: Type '{} | undefined' is not assignable to type 'string | undefined'.
  Type '{}' is not assignable to type 'string'.
lib/services/deep-linking-service.ts(752,5): error TS2322: Type 'unknown' is not assignable to type 'boolean'.
lib/services/deep-linking-service.ts(753,5): error TS2322: Type '{} | undefined' is not assignable to type 'string | undefined'.
  Type '{}' is not assignable to type 'string'.
lib/services/deep-linking-service.ts(754,5): error TS2322: Type '{} | undefined' is not assignable to type 'string | undefined'.
  Type '{}' is not assignable to type 'string'.
lib/services/deep-linking-service.ts(755,5): error TS2322: Type '{} | undefined' is not assignable to type 'string | undefined'.
  Type '{}' is not assignable to type 'string'.
lib/services/deep-linking-service.ts(756,5): error TS2322: Type 'unknown' is not assignable to type 'boolean'.
lib/services/deep-linking-service.ts(757,5): error TS2322: Type 'unknown' is not assignable to type 'string'.
lib/services/deep-linking-service.ts(758,5): error TS2322: Type 'unknown' is not assignable to type 'string'.
lib/services/deep-linking-service.ts(779,3): error TS2322: Type '{ id: unknown; path: unknown; action: DeepLinkAction; requiredParams: unknown; optionalParams: unknown; requiresAuth: unknown; requiresVerified: unknown; fallbackUrl: {} | undefined; deeplinkFallback: {} | undefined; ... 8 more ...; updatedAt: unknown; }[]' is not assignable to type 'DeepLinkConfig[]'.
  Type '{ id: unknown; path: unknown; action: DeepLinkAction; requiredParams: unknown; optionalParams: unknown; requiresAuth: unknown; requiresVerified: unknown; fallbackUrl: {} | undefined; deeplinkFallback: {} | undefined; title: unknown; description: {} | undefined; ... 6 more ...; updatedAt: unknown; }' is not assignable to type 'DeepLinkConfig'.
    Types of property 'id' are incompatible.
      Type 'unknown' is not assignable to type 'string'.
lib/services/deep-linking-service.ts(843,5): error TS2322: Type 'unknown' is not assignable to type 'string'.
lib/services/deep-linking-service.ts(844,5): error TS2322: Type 'unknown' is not assignable to type 'string'.
lib/services/deep-linking-service.ts(846,5): error TS2322: Type 'unknown' is not assignable to type 'string[]'.
lib/services/deep-linking-service.ts(847,5): error TS2322: Type 'unknown' is not assignable to type 'string[]'.
lib/services/deep-linking-service.ts(848,5): error TS2322: Type 'unknown' is not assignable to type 'boolean'.
lib/services/deep-linking-service.ts(849,5): error TS2322: Type 'unknown' is not assignable to type 'boolean'.
lib/services/deep-linking-service.ts(850,5): error TS2322: Type '{} | undefined' is not assignable to type 'string | undefined'.
  Type '{}' is not assignable to type 'string'.
lib/services/deep-linking-service.ts(851,5): error TS2322: Type '{} | undefined' is not assignable to type 'string | undefined'.
  Type '{}' is not assignable to type 'string'.
lib/services/deep-linking-service.ts(852,5): error TS2322: Type 'unknown' is not assignable to type 'string'.
lib/services/deep-linking-service.ts(853,5): error TS2322: Type '{} | undefined' is not assignable to type 'string | undefined'.
  Type '{}' is not assignable to type 'string'.
lib/services/deep-linking-service.ts(854,5): error TS2322: Type 'unknown' is not assignable to type 'boolean'.
lib/services/deep-linking-service.ts(855,5): error TS2322: Type '{} | undefined' is not assignable to type 'string | undefined'.
  Type '{}' is not assignable to type 'string'.
lib/services/deep-linking-service.ts(856,5): error TS2322: Type '{} | undefined' is not assignable to type 'string | undefined'.
  Type '{}' is not assignable to type 'string'.
lib/services/deep-linking-service.ts(857,5): error TS2322: Type '{} | undefined' is not assignable to type 'string | undefined'.
  Type '{}' is not assignable to type 'string'.
lib/services/deep-linking-service.ts(858,5): error TS2322: Type 'unknown' is not assignable to type 'boolean'.
lib/services/deep-linking-service.ts(859,5): error TS2322: Type 'unknown' is not assignable to type 'string'.
lib/services/deep-linking-service.ts(860,5): error TS2322: Type 'unknown' is not assignable to type 'string'.
lib/services/deep-linking-service.ts(957,6): error TS2551: Property 'catch' does not exist on type 'PostgrestFilterBuilder<GenericSchema, Record<string, unknown>, null, "deep_link_analytics", GenericRelationship[]>'. Did you mean 'match'?
lib/services/deep-linking-service.ts(957,12): error TS7006: Parameter 'err' implicitly has an 'any' type.
lib/services/dispatch/mobile-dispatch-service.ts(288,49): error TS2693: 'number' only refers to a type, but is being used as a value here.
lib/services/dispatch/mobile-dispatch-service.ts(450,48): error TS2551: Property ' departed_scene' does not exist on type '{ pending: string; received: string; accepted: string; declined: string; en_route: string; on_scene: string; departed_scene: string; available: string; busy: string; }'. Did you mean 'departed_scene'?
lib/services/dispatch/mobile-dispatch-service.ts(451,11): error TS2339: Property ' departed_scene' does not exist on type '{ pending: string; received: string; accepted: string; declined: string; en_route: string; on_scene: string; departed_scene: string; available: string; busy: string; }'.
lib/services/dispatch/mobile-dispatch-service.ts(629,5): error TS2322: Type 'unknown' is not assignable to type 'string'.
lib/services/dispatch/mobile-dispatch-service.ts(636,3): error TS2740: Type '{ [x: string]: unknown; }' is missing the following properties from type 'DispatchAssignment': id, assignment_id, incident_id, unit_id, and 4 more.
lib/services/dispatch/mobile-dispatch-service.ts(660,10): error TS2678: Type '"departed_scene"' is not comparable to type 'DispatchStatus'.
lib/services/dispatch/mobile-dispatch-service.ts(677,3): error TS2740: Type '{ [x: string]: unknown; }' is missing the following properties from type 'DispatchAssignment': id, assignment_id, incident_id, unit_id, and 4 more.
lib/services/dispatch/mobile-dispatch-service.ts(735,3): error TS2740: Type '{ [x: string]: unknown; }' is missing the following properties from type 'DispatchNotification': id, assignment_id, unit_id, channel, and 3 more.
lib/services/dispatch/mobile-dispatch-service.ts(771,3): error TS2322: Type '{ [x: string]: unknown; }[]' is not assignable to type 'UnitLocation[]'.
  Type '{ [x: string]: unknown; }' is missing the following properties from type 'UnitLocation': id, unit_id, location, heading, and 4 more.
lib/services/dispatch/mobile-dispatch-service.ts(812,3): error TS2740: Type '{ [x: string]: unknown; }' is missing the following properties from type 'UnitLocation': id, unit_id, location, heading, and 4 more.
lib/services/dispatch/mobile-dispatch-service.ts(831,3): error TS2322: Type '{ [x: string]: unknown; } | null' is not assignable to type 'UnitLocation | null'.
  Type '{ [x: string]: unknown; }' is missing the following properties from type 'UnitLocation': id, unit_id, location, heading, and 4 more.
lib/services/dispatch/mobile-dispatch-service.ts(875,3): error TS2740: Type '{ [x: string]: unknown; }' is missing the following properties from type 'Route': id, route_id, assignment_id, origin, and 9 more.
lib/services/dispatch/mobile-dispatch-service.ts(947,3): error TS2740: Type '{ [x: string]: unknown; }' is missing the following properties from type 'NavigationState': unit_id, assignment_id, route_id, current_leg, and 7 more.
lib/services/dispatch/mobile-dispatch-service.ts(974,3): error TS2322: Type '{ [x: string]: unknown; } | null' is not assignable to type 'NavigationState | null'.
  Type '{ [x: string]: unknown; }' is missing the following properties from type 'NavigationState': unit_id, assignment_id, route_id, current_leg, and 7 more.
lib/services/dispatch/mobile-dispatch-service.ts(1022,3): error TS2740: Type '{ [x: string]: unknown; }' is missing the following properties from type 'OfflineMap': id, tile_id, region, bounds, and 6 more.
lib/services/dispatch/mobile-dispatch-service.ts(1036,3): error TS2322: Type '{ [x: string]: unknown; }[]' is not assignable to type 'OfflineMap[]'.
  Type '{ [x: string]: unknown; }' is missing the following properties from type 'OfflineMap': id, tile_id, region, bounds, and 6 more.
lib/services/dispatch/mobile-dispatch-service.ts(1075,3): error TS2740: Type '{ [x: string]: unknown; }' is missing the following properties from type 'ARNavigation': id, session_id, unit_id, status, and 5 more.
lib/services/dispatch/mobile-dispatch-service.ts(1126,3): error TS2322: Type '{ [x: string]: unknown; } | null' is not assignable to type 'UnitCapabilities | null'.
  Type '{ [x: string]: unknown; }' is missing the following properties from type 'UnitCapabilities': unit_id, capabilities, certifications, equipment, and 2 more.
lib/services/dispatch/mobile-dispatch-service.ts(1157,3): error TS2322: Type '{ [x: string]: unknown; }[]' is not assignable to type 'CrewMember[]'.
  Type '{ [x: string]: unknown; }' is missing the following properties from type 'CrewMember': id, crew_id, name, role, certifications
lib/services/dispatch/mobile-dispatch-service.ts(1189,3): error TS2322: Type '{ [x: string]: unknown; } | null' is not assignable to type 'VehicleStatus | null'.
  Type '{ [x: string]: unknown; }' is missing the following properties from type 'VehicleStatus': id, unit_id, vehicle_id, mileage, and 5 more.
lib/services/earthquake/earthquake-warning-service.ts(454,3): error TS2741: Property 'target_area' is missing in type '{ id: SafetyActionType; action_type: SafetyActionType; instruction: string; priority: "critical" | "recommended" | "optional"; icon: string; duration_seconds: number | undefined; }' but required in type 'SafetyInstruction'.
lib/services/earthquake/earthquake-warning-service.ts(529,26): error TS7053: Element implicitly has an 'any' type because expression of type 'SeismicAlertLevel' can't be used to index type '{ watch: { magnitude: number; intensity: number; }; warning: { magnitude: number; intensity: number; }; emergency: { magnitude: number; intensity: number; }; }'.
  Property 'all_clear' does not exist on type '{ watch: { magnitude: number; intensity: number; }; warning: { magnitude: number; intensity: number; }; emergency: { magnitude: number; intensity: number; }; }'.
lib/services/earthquake/earthquake-warning-service.ts(546,9): error TS2345: Argument of type '{ lat: number; lng: number; }' is not assignable to parameter of type '{ latitude: number; longitude: number; }'.
  Type '{ lat: number; lng: number; }' is missing the following properties from type '{ latitude: number; longitude: number; }': latitude, longitude
lib/services/earthquake/earthquake-warning-service.ts(582,3): error TS2740: Type '{ [x: string]: unknown; }' is missing the following properties from type 'EarthquakeEvent': id, earthquake_id, magnitude, magnitude_type, and 6 more.
lib/services/earthquake/earthquake-warning-service.ts(601,3): error TS2322: Type '{ [x: string]: unknown; } | null' is not assignable to type 'EarthquakeEvent | null'.
  Type '{ [x: string]: unknown; }' is missing the following properties from type 'EarthquakeEvent': id, earthquake_id, magnitude, magnitude_type, and 6 more.
lib/services/earthquake/earthquake-warning-service.ts(647,3): error TS2740: Type '{ [x: string]: unknown; }' is missing the following properties from type 'EarlyWarning': id, earthquake_id, warning_area, alert_level, and 5 more.
lib/services/earthquake/earthquake-warning-service.ts(664,3): error TS2322: Type '{ [x: string]: unknown; }[]' is not assignable to type 'EarlyWarning[]'.
  Type '{ [x: string]: unknown; }' is missing the following properties from type 'EarlyWarning': id, earthquake_id, warning_area, alert_level, and 5 more.
lib/services/earthquake/earthquake-warning-service.ts(683,3): error TS2322: Type '{ [x: string]: unknown; } | null' is not assignable to type 'UserEarthquakePreference | null'.
  Type '{ [x: string]: unknown; }' is missing the following properties from type 'UserEarthquakePreference': id, user_id, alert_enabled, minimum_magnitude, and 5 more.
lib/services/earthquake/earthquake-warning-service.ts(695,32): error TS2339: Property 'user_id' does not exist on type 'Omit<UserEarthquakePreference, "id" | "user_id">'.
lib/services/earthquake/earthquake-warning-service.ts(712,17): error TS2345: Argument of type 'unknown' is not assignable to parameter of type '{}'.
lib/services/earthquake/earthquake-warning-service.ts(717,5): error TS2740: Type '{ [x: string]: unknown; }' is missing the following properties from type 'UserEarthquakePreference': id, user_id, alert_enabled, minimum_magnitude, and 5 more.
lib/services/earthquake/earthquake-warning-service.ts(723,28): error TS2339: Property 'user_id' does not exist on type 'Omit<UserEarthquakePreference, "id" | "user_id">'.
lib/services/earthquake/earthquake-warning-service.ts(738,3): error TS2740: Type '{ [x: string]: unknown; }' is missing the following properties from type 'UserEarthquakePreference': id, user_id, alert_enabled, minimum_magnitude, and 5 more.
lib/services/earthquake/earthquake-warning-service.ts(763,3): error TS2740: Type '{ [x: string]: unknown; }' is missing the following properties from type 'EarthquakeAlertNotification': id, earthquake_id, user_id, notification_type, and 5 more.
lib/services/earthquake/earthquake-warning-service.ts(788,3): error TS2322: Type '{ distance_km: number; }[]' is not assignable to type 'SeismicStation[]'.
  Type '{ distance_km: number; }' is missing the following properties from type 'SeismicStation': id, station_code, station_name, network, and 3 more.
lib/services/earthquake/earthquake-warning-service.ts(791,14): error TS18046: 'station.location' is of type 'unknown'.
lib/services/earthquake/earthquake-warning-service.ts(791,41): error TS18046: 'station.location' is of type 'unknown'.
lib/services/earthquake/earthquake-warning-service.ts(792,7): error TS2345: Argument of type '{ lat: number; lng: number; }' is not assignable to parameter of type '{ latitude: number; longitude: number; }'.
  Type '{ lat: number; lng: number; }' is missing the following properties from type '{ latitude: number; longitude: number; }': latitude, longitude
lib/services/earthquake/earthquake-warning-service.ts(816,3): error TS2322: Type '{ [x: string]: unknown; }[]' is not assignable to type 'EarthquakeEvent[]'.
  Type '{ [x: string]: unknown; }' is missing the following properties from type 'EarthquakeEvent': id, earthquake_id, magnitude, magnitude_type, and 6 more.
lib/services/earthquake/earthquake-warning-service.ts(846,63): error TS2339: Property 'message' does not exist on type 'never'.
lib/services/earthquake/earthquake-warning-service.ts(852,17): error TS2365: Operator '+' cannot be applied to types 'number' and '{}'.
lib/services/earthquake/earthquake-warning-service.ts(863,39): error TS2345: Argument of type '{}' is not assignable to parameter of type 'number'.
lib/services/earthquake/earthquake-warning-service.ts(902,3): error TS2739: Type '{ [x: string]: unknown; }' is missing the following properties from type 'ShakeMap': id, earthquake_id, grid_points, created_at, version
lib/services/earthquake/earthquake-warning-service.ts(930,23): error TS18046: 'data.grid_points' is of type 'unknown'.
lib/services/earthquake/earthquake-warning-service.ts(931,65): error TS2353: Object literal may only specify known properties, and 'lat' does not exist in type '{ latitude: number; longitude: number; }'.
lib/services/edge/edge-computing-service.ts(582,3): error TS2740: Type '{ [x: string]: unknown; }' is missing the following properties from type 'OfflineData': id, data_id, entity_type, data, and 6 more.
lib/services/edge/edge-computing-service.ts(605,3): error TS2322: Type '{ [x: string]: unknown; }[]' is not assignable to type 'OfflineData[]'.
  Type '{ [x: string]: unknown; }' is missing the following properties from type 'OfflineData': id, data_id, entity_type, data, and 6 more.
lib/services/edge/edge-computing-service.ts(648,3): error TS2740: Type '{ [x: string]: unknown; }' is missing the following properties from type 'DataSyncQueue': id, queue_id, entity_type, entity_id, and 6 more.
lib/services/edge/edge-computing-service.ts(667,3): error TS2322: Type '{ [x: string]: unknown; }[]' is not assignable to type 'DataSyncQueue[]'.
  Type '{ [x: string]: unknown; }' is missing the following properties from type 'DataSyncQueue': id, queue_id, entity_type, entity_id, and 6 more.
lib/services/edge/edge-computing-service.ts(723,52): error TS2769: No overload matches this call.
  Overload 1 of 2, '(values: Record<string, unknown>, options?: { count?: "exact" | "planned" | "estimated" | undefined; } | undefined): PostgrestFilterBuilder<GenericSchema, Record<string, unknown>, null, string, GenericRelationship[]>', gave the following error.
    Argument of type 'Record<string, unknown> | undefined' is not assignable to parameter of type 'Record<string, unknown>'.
      Type 'undefined' is not assignable to type 'Record<string, unknown>'.
  Overload 2 of 2, '(values: Record<string, unknown>[], options?: { count?: "exact" | "planned" | "estimated" | undefined; defaultToNull?: boolean | undefined; } | undefined): PostgrestFilterBuilder<GenericSchema, Record<...>, null, string, GenericRelationship[]>', gave the following error.
    Argument of type 'Record<string, unknown> | undefined' is not assignable to parameter of type 'Record<string, unknown>[]'.
      Type 'undefined' is not assignable to type 'Record<string, unknown>[]'.
lib/services/edge/edge-computing-service.ts(728,17): error TS2345: Argument of type 'Record<string, unknown> | undefined' is not assignable to parameter of type 'Record<string, unknown>'.
  Type 'undefined' is not assignable to type 'Record<string, unknown>'.
lib/services/edge/edge-computing-service.ts(764,3): error TS2740: Type '{ [x: string]: unknown; }' is missing the following properties from type 'ConflictRecord': id, conflict_id, entity_type, entity_id, and 6 more.
lib/services/edge/edge-computing-service.ts(808,3): error TS2322: Type '{ [x: string]: unknown; }[]' is not assignable to type 'ConflictRecord[]'.
  Type '{ [x: string]: unknown; }' is missing the following properties from type 'ConflictRecord': id, conflict_id, entity_type, entity_id, and 6 more.
lib/services/edge/edge-computing-service.ts(831,3): error TS2740: Type '{ [x: string]: unknown; }' is missing the following properties from type 'MeshNetwork': id, network_id, name, network_key, and 6 more.
lib/services/edge/edge-computing-service.ts(858,3): error TS2740: Type '{ [x: string]: unknown; }' is missing the following properties from type 'MeshNode': id, node_id, network_id, device_id, and 8 more.
lib/services/edge/edge-computing-service.ts(897,3): error TS2322: Type '{ [x: string]: unknown; }[]' is not assignable to type 'MeshNode[]'.
  Type '{ [x: string]: unknown; }' is missing the following properties from type 'MeshNode': id, node_id, network_id, device_id, and 8 more.
lib/services/edge/edge-computing-service.ts(920,3): error TS2740: Type '{ [x: string]: unknown; }' is missing the following properties from type 'MeshConnection': id, connection_id, node_a, node_b, and 5 more.
lib/services/edge/edge-computing-service.ts(937,3): error TS2322: Type '{ [x: string]: unknown; }[]' is not assignable to type 'MeshConnection[]'.
  Type '{ [x: string]: unknown; }' is missing the following properties from type 'MeshConnection': id, connection_id, node_a, node_b, and 5 more.
lib/services/edge/edge-computing-service.ts(965,3): error TS2740: Type '{ [x: string]: unknown; }' is missing the following properties from type 'OfflineMapTile': id, tile_id, node_id, zoom_level, and 10 more.
lib/services/edge/edge-computing-service.ts(988,3): error TS2322: Type '{ [x: string]: unknown; }[]' is not assignable to type 'OfflineMapTile[]'.
  Type '{ [x: string]: unknown; }' is missing the following properties from type 'OfflineMapTile': id, tile_id, node_id, zoom_level, and 10 more.
lib/services/edge/edge-computing-service.ts(1016,3): error TS2740: Type '{ [x: string]: unknown; }' is missing the following properties from type 'OfflineResource': id, resource_id, node_id, resource_type, and 8 more.
lib/services/edge/edge-computing-service.ts(1067,3): error TS2322: Type '{ [x: string]: unknown; }[]' is not assignable to type 'OfflineResource[]'.
  Type '{ [x: string]: unknown; }' is missing the following properties from type 'OfflineResource': id, resource_id, node_id, resource_type, and 8 more.
lib/services/edge/edge-computing-service.ts(1098,3): error TS2740: Type '{ [x: string]: unknown; }' is missing the following properties from type 'EdgeMLModel': id, model_id, node_id, name, and 7 more.
lib/services/edge/edge-computing-service.ts(1121,3): error TS2740: Type '{ [x: string]: unknown; }' is missing the following properties from type 'EdgeInferenceRequest': id, request_id, node_id, model_id, and 3 more.
lib/services/edge/edge-computing-service.ts(1161,3): error TS2322: Type '{ [x: string]: unknown; }[]' is not assignable to type 'SyncConfiguration[]'.
  Type '{ [x: string]: unknown; }' is missing the following properties from type 'SyncConfiguration': id, config_id, entity_type, sync_strategy, and 8 more.
lib/services/edge/edge-computing-service.ts(1215,3): error TS2322: Type '{ [x: string]: unknown; } | null' is not assignable to type 'NetworkStatus | null'.
  Type '{ [x: string]: unknown; }' is missing the following properties from type 'NetworkStatus': node_id, timestamp, connection_type, is_online, and 6 more.
lib/services/edge/edge-computing-service.ts(1260,27): error TS2769: No overload matches this call.
  Overload 1 of 2, '(relation: string): PostgrestQueryBuilder<GenericSchema, GenericTable, string, GenericRelationship[]>', gave the following error.
    Argument of type 'unknown' is not assignable to parameter of type 'string'.
  Overload 2 of 2, '(relation: string): PostgrestQueryBuilder<GenericSchema, GenericView, string, GenericRelationship[]>', gave the following error.
    Argument of type 'unknown' is not assignable to parameter of type 'string'.
lib/services/edge/edge-computing-service.ts(1260,52): error TS2769: No overload matches this call.
  Overload 1 of 2, '(values: Record<string, unknown>, options?: { onConflict?: string | undefined; ignoreDuplicates?: boolean | undefined; count?: "exact" | "planned" | "estimated" | undefined; } | undefined): PostgrestFilterBuilder<...>', gave the following error.
    Argument of type 'unknown' is not assignable to parameter of type 'Record<string, unknown>'.
  Overload 2 of 2, '(values: Record<string, unknown>[], options?: { onConflict?: string | undefined; ignoreDuplicates?: boolean | undefined; count?: "exact" | "planned" | "estimated" | undefined; defaultToNull?: boolean | undefined; } | undefined): PostgrestFilterBuilder<...>', gave the following error.
    Argument of type 'unknown' is not assignable to parameter of type 'Record<string, unknown>[]'.
lib/services/edge/edge-computing-service.ts(1261,30): error TS2345: Argument of type 'unknown' is not assignable to parameter of type 'string'.
lib/services/edge/edge-computing-service.ts(1264,30): error TS2345: Argument of type 'unknown' is not assignable to parameter of type 'string'.
lib/services/edge/edge-computing-service.ts(1281,11): error TS2322: Type 'unknown' is not assignable to type 'string'.
lib/services/edge/edge-computing-service.ts(1282,11): error TS2322: Type 'unknown' is not assignable to type 'string'.
lib/services/edge/edge-computing-service.ts(1283,11): error TS2322: Type 'unknown' is not assignable to type 'Record<string, unknown>'.
lib/services/edge/edge-computing-service.ts(1284,11): error TS2322: Type 'unknown' is not assignable to type 'Record<string, unknown>'.
lib/services/email-verification-service.ts(185,14): error TS2322: Type 'unknown' is not assignable to type 'string'.
lib/services/email-verification-service.ts(185,38): error TS2322: Type 'unknown' is not assignable to type 'string'.
lib/services/email-verification-service.ts(243,7): error TS18046: 'request.attempts' is of type 'unknown'.
lib/services/email-verification-service.ts(243,27): error TS18046: 'request.max_attempts' is of type 'unknown'.
lib/services/email-verification-service.ts(247,17): error TS2345: Argument of type 'unknown' is not assignable to parameter of type '{}'.
lib/services/email-verification-service.ts(253,25): error TS18046: 'request.attempts' is of type 'unknown'.
lib/services/email-verification-service.ts(254,15): error TS2345: Argument of type 'unknown' is not assignable to parameter of type '{}'.
lib/services/email-verification-service.ts(262,15): error TS2345: Argument of type 'unknown' is not assignable to parameter of type '{}'.
lib/services/email-verification-service.ts(268,18): error TS2345: Argument of type 'unknown' is not assignable to parameter of type '{}'.
lib/services/email-verification-service.ts(279,17): error TS2345: Argument of type 'unknown' is not assignable to parameter of type '{}'.
lib/services/email-verification-service.ts(324,5): error TS2322: Type '{}' is not assignable to type 'string'.
lib/services/email-verification-service.ts(331,18): error TS18048: 'targetEmail' is possibly 'undefined'.
lib/services/email-verification-service.ts(340,32): error TS2769: No overload matches this call.
  Overload 1 of 4, '(value: string | number | Date): Date', gave the following error.
    Argument of type 'unknown' is not assignable to parameter of type 'string | number | Date'.
  Overload 2 of 4, '(value: string | number): Date', gave the following error.
    Argument of type 'unknown' is not assignable to parameter of type 'string | number'.
lib/services/email-verification-service.ts(348,5): error TS2322: Type 'string | undefined' is not assignable to type 'string'.
  Type 'undefined' is not assignable to type 'string'.
lib/services/email-verification-service.ts(452,17): error TS2345: Argument of type 'unknown' is not assignable to parameter of type '{}'.
lib/services/email-verification-service.ts(506,32): error TS2769: No overload matches this call.
  Overload 1 of 4, '(value: string | number | Date): Date', gave the following error.
    Argument of type 'unknown' is not assignable to parameter of type 'string | number | Date'.
  Overload 2 of 4, '(value: string | number): Date', gave the following error.
    Argument of type 'unknown' is not assignable to parameter of type 'string | number'.
lib/services/email-verification-service.ts(507,33): error TS2769: No overload matches this call.
  Overload 1 of 4, '(value: string | number | Date): Date', gave the following error.
    Argument of type 'unknown' is not assignable to parameter of type 'string | number | Date'.
  Overload 2 of 4, '(value: string | number): Date', gave the following error.
    Argument of type 'unknown' is not assignable to parameter of type 'string | number'.
lib/services/email-verification-service.ts(517,53): error TS18046: 'd.attempts' is of type 'unknown'.
lib/services/email-verification-service.ts(551,5): error TS2322: Type 'unknown' is not assignable to type 'string'.
lib/services/email-verification-service.ts(552,5): error TS2322: Type 'unknown' is not assignable to type 'string'.
lib/services/email-verification-service.ts(553,5): error TS2322: Type 'unknown' is not assignable to type 'string'.
lib/services/email-verification-service.ts(554,5): error TS2322: Type 'unknown' is not assignable to type 'string'.
lib/services/email-verification-service.ts(555,5): error TS2322: Type 'unknown' is not assignable to type 'string'.
lib/services/email-verification-service.ts(558,5): error TS2322: Type 'unknown' is not assignable to type 'number'.
lib/services/email-verification-service.ts(559,5): error TS2322: Type 'unknown' is not assignable to type 'number'.
lib/services/email-verification-service.ts(560,5): error TS2322: Type 'unknown' is not assignable to type 'string'.
lib/services/email-verification-service.ts(561,5): error TS2322: Type 'unknown' is not assignable to type 'string'.
lib/services/email-verification-service.ts(571,5): error TS2322: Type 'unknown' is not assignable to type 'string'.
lib/services/email-verification-service.ts(572,5): error TS2322: Type 'unknown' is not assignable to type 'string'.
lib/services/email-verification-service.ts(573,5): error TS2322: Type 'unknown' is not assignable to type 'string'.
lib/services/email-verification-service.ts(574,5): error TS2322: Type 'unknown' is not assignable to type 'boolean'.
lib/services/email-verification-service.ts(575,5): error TS2322: Type 'unknown' is not assignable to type 'boolean'.
lib/services/email-verification-service.ts(577,5): error TS2322: Type 'unknown' is not assignable to type 'string'.
lib/services/email-verification-service.ts(578,5): error TS2322: Type 'unknown' is not assignable to type 'string'.
lib/services/emergency-contact-service.ts(480,5): error TS2322: Type 'unknown' is not assignable to type 'string'.
lib/services/emergency-contact-service.ts(481,5): error TS2322: Type 'unknown' is not assignable to type 'string'.
lib/services/emergency-contact-service.ts(482,5): error TS2322: Type 'unknown' is not assignable to type 'string'.
lib/services/emergency-contact-service.ts(483,5): error TS2322: Type '{} | undefined' is not assignable to type 'string | undefined'.
  Type '{}' is not assignable to type 'string'.
lib/services/emergency-contact-service.ts(484,5): error TS2322: Type '{} | undefined' is not assignable to type 'string | undefined'.
  Type '{}' is not assignable to type 'string'.
lib/services/emergency-contact-service.ts(485,5): error TS2322: Type '{} | undefined' is not assignable to type 'string | undefined'.
  Type '{}' is not assignable to type 'string'.
lib/services/emergency-contact-service.ts(486,5): error TS2740: Type '{}' is missing the following properties from type 'string[]': length, pop, push, concat, and 35 more.
lib/services/emergency-contact-service.ts(487,5): error TS2322: Type 'unknown' is not assignable to type 'string'.
lib/services/emergency-contact-service.ts(488,5): error TS2322: Type 'unknown' is not assignable to type 'string'.
lib/services/emergency-contact-service.ts(509,3): error TS2322: Type '{ id: unknown; userId: unknown; name: unknown; description: {} | undefined; icon: {} | undefined; color: {} | undefined; contactIds: {}; createdAt: unknown; updatedAt: unknown; }[]' is not assignable to type 'ContactGroup[]'.
  Type '{ id: unknown; userId: unknown; name: unknown; description: {} | undefined; icon: {} | undefined; color: {} | undefined; contactIds: {}; createdAt: unknown; updatedAt: unknown; }' is not assignable to type 'ContactGroup'.
    Types of property 'id' are incompatible.
      Type 'unknown' is not assignable to type 'string'.
lib/services/emergency-contact-service.ts(544,38): error TS2488: Type 'unknown' must have a '[Symbol.iterator]()' method that returns an iterator.
lib/services/emergency-contact-service.ts(584,22): error TS18046: 'group.contact_ids' is of type 'unknown'.
lib/services/emergency-contact-service.ts(656,5): error TS2322: Type 'unknown' is not assignable to type 'string'.
lib/services/emergency-contact-service.ts(657,5): error TS2322: Type 'unknown' is not assignable to type 'string'.
lib/services/emergency-contact-service.ts(658,5): error TS2322: Type 'unknown' is not assignable to type 'string'.
lib/services/emergency-contact-service.ts(659,5): error TS2322: Type 'unknown' is not assignable to type 'string'.
lib/services/emergency-contact-service.ts(660,5): error TS2322: Type 'unknown' is not assignable to type 'string'.
lib/services/emergency-contact-service.ts(661,5): error TS2322: Type '{} | undefined' is not assignable to type 'string | undefined'.
  Type '{}' is not assignable to type 'string'.
lib/services/emergency-contact-service.ts(662,5): error TS2322: Type 'unknown' is not assignable to type 'ContactRelationship'.
lib/services/emergency-contact-service.ts(663,5): error TS2322: Type 'unknown' is not assignable to type '"pending" | "accepted" | "declined"'.
lib/services/emergency-contact-service.ts(664,5): error TS2322: Type 'unknown' is not assignable to type 'string'.
lib/services/emergency-contact-service.ts(665,5): error TS2322: Type '{} | undefined' is not assignable to type 'string | undefined'.
  Type '{}' is not assignable to type 'string'.
lib/services/emergency-contact-service.ts(689,3): error TS2322: Type '{ id: unknown; senderId: unknown; receiverId: unknown; senderName: unknown; receiverName: unknown; message: {} | undefined; relationship: unknown; status: unknown; createdAt: unknown; respondedAt: {} | undefined; }[]' is not assignable to type 'ContactRequest[]'.
  Type '{ id: unknown; senderId: unknown; receiverId: unknown; senderName: unknown; receiverName: unknown; message: {} | undefined; relationship: unknown; status: unknown; createdAt: unknown; respondedAt: {} | undefined; }' is not assignable to type 'ContactRequest'.
    Types of property 'id' are incompatible.
      Type 'unknown' is not assignable to type 'string'.
lib/services/emergency-contact-service.ts(781,7): error TS2322: Type 'unknown' is not assignable to type 'string'.
lib/services/emergency-contact-service.ts(782,7): error TS2322: Type 'unknown' is not assignable to type 'string'.
lib/services/emergency-contact-service.ts(783,7): error TS2322: Type 'unknown' is not assignable to type 'string'.
lib/services/emergency-contact-service.ts(786,7): error TS2322: Type '{} | undefined' is not assignable to type 'string | undefined'.
  Type '{}' is not assignable to type 'string'.
lib/services/emergency-contact-service.ts(787,7): error TS2322: Type '{} | undefined' is not assignable to type '{ latitude: number; longitude: number; accuracy?: number | undefined; } | undefined'.
  Type '{}' is missing the following properties from type '{ latitude: number; longitude: number; accuracy?: number | undefined; }': latitude, longitude
lib/services/emergency-contact-service.ts(789,7): error TS2322: Type 'unknown' is not assignable to type '"sent" | "delivered" | "failed" | "acknowledged"'.
lib/services/emergency-contact-service.ts(790,7): error TS2322: Type 'unknown' is not assignable to type 'string'.
lib/services/emergency-contact-service.ts(791,7): error TS2322: Type '{} | undefined' is not assignable to type 'string | undefined'.
  Type '{}' is not assignable to type 'string'.
lib/services/emergency-contact-service.ts(792,7): error TS2322: Type '{} | undefined' is not assignable to type 'string | undefined'.
  Type '{}' is not assignable to type 'string'.
lib/services/emergency-contact-service.ts(832,3): error TS2322: Type '{ id: unknown; userId: unknown; contactId: unknown; contactName: string; contactPhone: string; message: {} | undefined; location: {} | undefined; vitalSigns: {} | undefined; status: unknown; sentAt: unknown; deliveredAt: {} | undefined; acknowledgedAt: {} | undefined; }[]' is not assignable to type 'SOSAlert[]'.
  Type '{ id: unknown; userId: unknown; contactId: unknown; contactName: string; contactPhone: string; message: {} | undefined; location: {} | undefined; vitalSigns: {} | undefined; status: unknown; sentAt: unknown; deliveredAt: {} | undefined; acknowledgedAt: {} | undefined; }' is not assignable to type 'SOSAlert'.
    Types of property 'id' are incompatible.
      Type 'unknown' is not assignable to type 'string'.
lib/services/emergency-contact-service.ts(883,5): error TS2322: Type 'unknown' is not assignable to type 'string'.
lib/services/emergency-contact-service.ts(884,5): error TS2322: Type 'unknown' is not assignable to type 'string'.
lib/services/emergency-contact-service.ts(885,5): error TS2322: Type 'unknown' is not assignable to type 'string'.
lib/services/emergency-contact-service.ts(886,5): error TS2322: Type 'unknown' is not assignable to type 'string'.
lib/services/emergency-contact-service.ts(889,5): error TS2322: Type 'unknown' is not assignable to type 'boolean'.
lib/services/emergency-contact-service.ts(892,5): error TS2322: Type 'unknown' is not assignable to type 'boolean'.
lib/services/emergency-contact-service.ts(893,5): error TS2322: Type 'unknown' is not assignable to type 'boolean'.
lib/services/emergency-contact-service.ts(894,5): error TS2322: Type 'unknown' is not assignable to type 'boolean'.
lib/services/emergency-contact-service.ts(895,5): error TS2322: Type 'unknown' is not assignable to type 'boolean'.
lib/services/emergency-contact-service.ts(898,5): error TS2322: Type 'unknown' is not assignable to type 'string'.
lib/services/emergency-contact-service.ts(899,5): error TS2322: Type 'unknown' is not assignable to type 'string'.
lib/services/emergency-services-integration-service.ts(1048,24): error TS2345: Argument of type 'unknown' is not assignable to parameter of type '{}'.
lib/services/emergency-services-integration-service.ts(1057,24): error TS2345: Argument of type 'unknown' is not assignable to parameter of type '{}'.
lib/services/emergency-services-integration-service.ts(1061,7): error TS2322: Type 'unknown' is not assignable to type 'EmergencyServiceType'.
lib/services/emergency-services-integration-service.ts(1062,7): error TS2322: Type 'unknown' is not assignable to type 'string'.
lib/services/emergency-services-integration-service.ts(1063,7): error TS2322: Type 'unknown' is not assignable to type 'string'.
lib/services/emergency-services-integration-service.ts(1070,7): error TS2322: Type '{}' is not assignable to type '"none" | "warning" | "watch" | "advisory"'.
lib/services/emergency-services-integration-service.ts(1071,7): error TS2322: Type 'unknown' is not assignable to type 'string'.
lib/services/emergency-services-integration-service.ts(1107,5): error TS2322: Type 'unknown' is not assignable to type 'string'.
lib/services/emergency-services-integration-service.ts(1108,5): error TS2322: Type 'unknown' is not assignable to type 'boolean'.
lib/services/emergency-services-integration-service.ts(1109,5): error TS2322: Type 'unknown' is not assignable to type 'string | undefined'.
lib/services/emergency-services-integration-service.ts(1110,5): error TS2322: Type 'unknown' is not assignable to type 'number | undefined'.
lib/services/emergency-services-integration-service.ts(1111,5): error TS2322: Type 'unknown' is not assignable to type 'string | undefined'.
lib/services/emergency-services-integration-service.ts(1112,5): error TS2322: Type 'unknown' is not assignable to type 'number'.
lib/services/emergency-services-integration-service.ts(1113,5): error TS2322: Type 'unknown' is not assignable to type '"delayed" | "realtime" | "near_realtime" | "stale"'.
lib/services/emergency-services-integration-service.ts(1114,5): error TS2322: Type 'unknown' is not assignable to type '{ type: "data" | "connection" | "sync" | "auth"; severity: "low" | "medium" | "high" | "critical"; message: string; timestamp: string; }[] | undefined'.
lib/services/emergency-services-integration-service.ts(1150,5): error TS2322: Type 'unknown' is not assignable to type 'string'.
lib/services/emergency-services-integration-service.ts(1151,5): error TS2322: Type 'unknown' is not assignable to type 'boolean'.
lib/services/emergency-services-integration-service.ts(1152,5): error TS2322: Type 'unknown' is not assignable to type 'string | undefined'.
lib/services/emergency-services-integration-service.ts(1153,5): error TS2322: Type 'unknown' is not assignable to type 'number | undefined'.
lib/services/emergency-services-integration-service.ts(1154,5): error TS2322: Type 'unknown' is not assignable to type 'string | undefined'.
lib/services/emergency-services-integration-service.ts(1155,5): error TS2322: Type 'unknown' is not assignable to type 'number'.
lib/services/emergency-services-integration-service.ts(1156,5): error TS2322: Type 'unknown' is not assignable to type '"delayed" | "realtime" | "near_realtime" | "stale"'.
lib/services/emergency-services-integration-service.ts(1157,5): error TS2322: Type 'unknown' is not assignable to type '{ type: "data" | "connection" | "sync" | "auth"; severity: "low" | "medium" | "high" | "critical"; message: string; timestamp: string; }[] | undefined'.
lib/services/emergency-services-integration-service.ts(1367,5): error TS2322: Type 'unknown' is not assignable to type 'string'.
lib/services/emergency-services-integration-service.ts(1368,5): error TS2322: Type 'unknown' is not assignable to type 'string'.
lib/services/emergency-services-integration-service.ts(1369,5): error TS2322: Type 'unknown' is not assignable to type 'string'.
lib/services/emergency-services-integration-service.ts(1371,5): error TS2322: Type 'unknown' is not assignable to type '{ type: "city" | "regional" | "national" | "state" | "county"; name: string; boundary?: { type: "polygon"; coordinates: number[][]; } | undefined; }'.
lib/services/emergency-services-integration-service.ts(1372,5): error TS2322: Type 'unknown' is not assignable to type '{ phone: string; fax?: string | undefined; email?: string | undefined; website?: string | undefined; address?: string | undefined; }'.
lib/services/emergency-services-integration-service.ts(1373,5): error TS2322: Type 'unknown' is not assignable to type 'string | undefined'.
lib/services/emergency-services-integration-service.ts(1374,5): error TS2322: Type 'unknown' is not assignable to type 'string | undefined'.
lib/services/emergency-services-integration-service.ts(1375,5): error TS2740: Type '{}' is missing the following properties from type 'string[]': length, pop, push, concat, and 35 more.
lib/services/emergency-services-integration-service.ts(1376,5): error TS2740: Type '{}' is missing the following properties from type 'string[]': length, pop, push, concat, and 35 more.
lib/services/emergency-services-integration-service.ts(1380,5): error TS2322: Type 'unknown' is not assignable to type 'string | undefined'.
lib/services/emergency-services-integration-service.ts(1381,5): error TS2322: Type 'unknown' is not assignable to type 'string'.
lib/services/emergency-services-integration-service.ts(1382,5): error TS2322: Type 'unknown' is not assignable to type 'string'.
lib/services/emergency-services-integration-service.ts(1388,5): error TS2322: Type 'unknown' is not assignable to type 'string'.
lib/services/emergency-services-integration-service.ts(1389,5): error TS2322: Type 'unknown' is not assignable to type 'string'.
lib/services/emergency-services-integration-service.ts(1390,5): error TS2322: Type 'unknown' is not assignable to type 'string'.
lib/services/emergency-services-integration-service.ts(1392,5): error TS2322: Type 'unknown' is not assignable to type 'string'.
lib/services/emergency-services-integration-service.ts(1393,5): error TS2322: Type 'unknown' is not assignable to type 'string'.
lib/services/emergency-services-integration-service.ts(1395,5): error TS2322: Type 'unknown' is not assignable to type '{ latitude: number; longitude: number; address?: string | undefined; timestamp: string; } | undefined'.
lib/services/emergency-services-integration-service.ts(1396,5): error TS2322: Type 'unknown' is not assignable to type 'string | undefined'.
lib/services/emergency-services-integration-service.ts(1397,5): error TS2322: Type 'unknown' is not assignable to type 'number'.
lib/services/emergency-services-integration-service.ts(1398,5): error TS2322: Type 'unknown' is not assignable to type 'string[] | undefined'.
lib/services/emergency-services-integration-service.ts(1399,5): error TS2740: Type '{}' is missing the following properties from type 'string[]': length, pop, push, concat, and 35 more.
lib/services/emergency-services-integration-service.ts(1400,5): error TS2322: Type 'unknown' is not assignable to type 'string[] | undefined'.
lib/services/emergency-services-integration-service.ts(1401,5): error TS2322: Type 'unknown' is not assignable to type 'string | undefined'.
lib/services/emergency-services-integration-service.ts(1402,5): error TS2322: Type 'unknown' is not assignable to type 'string | undefined'.
lib/services/emergency-services-integration-service.ts(1403,5): error TS2322: Type 'unknown' is not assignable to type 'string'.
lib/services/emergency-services-integration-service.ts(1404,5): error TS2322: Type 'unknown' is not assignable to type 'string | undefined'.
lib/services/emergency-services-integration-service.ts(1410,5): error TS2322: Type 'unknown' is not assignable to type 'string'.
lib/services/emergency-services-integration-service.ts(1411,5): error TS2322: Type 'unknown' is not assignable to type 'string'.
lib/services/emergency-services-integration-service.ts(1413,5): error TS2322: Type 'unknown' is not assignable to type 'string'.
lib/services/emergency-services-integration-service.ts(1414,5): error TS2322: Type 'unknown' is not assignable to type '{ latitude: number; longitude: number; address?: string | undefined; landmark?: string | undefined; crossStreet?: string | undefined; }'.
lib/services/emergency-services-integration-service.ts(1416,5): error TS2322: Type 'unknown' is not assignable to type 'number | undefined'.
lib/services/emergency-services-integration-service.ts(1418,5): error TS2322: Type 'unknown' is not assignable to type 'string'.
lib/services/emergency-services-integration-service.ts(1419,5): error TS2322: Type 'unknown' is not assignable to type 'string | undefined'.
lib/services/emergency-services-integration-service.ts(1420,5): error TS2322: Type 'unknown' is not assignable to type 'string | undefined'.
lib/services/emergency-services-integration-service.ts(1421,5): error TS2322: Type 'unknown' is not assignable to type 'string | undefined'.
lib/services/emergency-services-integration-service.ts(1422,5): error TS2322: Type 'unknown' is not assignable to type 'string | undefined'.
lib/services/emergency-services-integration-service.ts(1423,5): error TS2322: Type 'unknown' is not assignable to type 'string | undefined'.
lib/services/emergency-services-integration-service.ts(1424,5): error TS2740: Type '{}' is missing the following properties from type 'string[]': length, pop, push, concat, and 35 more.
lib/services/emergency-services-integration-service.ts(1425,5): error TS2322: Type 'unknown' is not assignable to type 'string'.
lib/services/emergency-services-integration-service.ts(1426,5): error TS2322: Type 'unknown' is not assignable to type '{ name?: string | undefined; phone?: string | undefined; relationship?: string | undefined; } | undefined'.
lib/services/emergency-services-integration-service.ts(1427,5): error TS2322: Type 'unknown' is not assignable to type '{ unitId: string; action: string; notes?: string | undefined; timestamp: string; }[] | undefined'.
lib/services/emergency-services-integration-service.ts(1428,5): error TS2322: Type 'unknown' is not assignable to type 'string[] | undefined'.
lib/services/emergency-services-integration-service.ts(1429,5): error TS2322: Type 'unknown' is not assignable to type 'string | undefined'.
lib/services/emergency-services-integration-service.ts(1430,5): error TS2322: Type 'unknown' is not assignable to type 'string | undefined'.
lib/services/emergency-services-integration-service.ts(1431,5): error TS2322: Type 'unknown' is not assignable to type 'string'.
lib/services/emergency-services-integration-service.ts(1432,5): error TS2322: Type 'unknown' is not assignable to type 'string'.
lib/services/emergency-services-integration-service.ts(1438,5): error TS2322: Type 'unknown' is not assignable to type 'string'.
lib/services/emergency-services-integration-service.ts(1439,5): error TS2322: Type 'unknown' is not assignable to type 'string'.
lib/services/emergency-services-integration-service.ts(1442,5): error TS2322: Type 'unknown' is not assignable to type 'string'.
lib/services/emergency-services-integration-service.ts(1443,5): error TS2322: Type 'unknown' is not assignable to type 'string'.
lib/services/emergency-services-integration-service.ts(1444,5): error TS2322: Type 'unknown' is not assignable to type '{ latitude: number; longitude: number; address?: string | undefined; landmark?: string | undefined; }'.
lib/services/emergency-services-integration-service.ts(1445,5): error TS2322: Type 'unknown' is not assignable to type '{ name?: string | undefined; phone?: string | undefined; callbackNumber?: string | undefined; } | undefined'.
lib/services/emergency-services-integration-service.ts(1446,5): error TS2322: Type 'unknown' is not assignable to type '{ fire?: { structureType?: string | undefined; 烟火?: string | undefined; hazmat?: string | undefined; } | undefined; medical?: { patientCount?: number | undefined; nature?: string | undefined; traumaLevel?: number | undefined; } | undefined; rescue?: { ...; } | undefined; hazmat?: { ...; } | undefined; } | undefined'.
lib/services/emergency-services-integration-service.ts(1447,5): error TS2322: Type 'unknown' is not assignable to type '{ type: EmergencyServiceType; quantity: number; specificRequirements?: string[] | undefined; }[] | undefined'.
lib/services/emergency-services-integration-service.ts(1448,5): error TS2322: Type 'unknown' is not assignable to type 'string'.
lib/services/emergency-services-integration-service.ts(1449,5): error TS2322: Type 'unknown' is not assignable to type 'string | undefined'.
lib/services/emergency-services-integration-service.ts(1451,5): error TS2322: Type 'unknown' is not assignable to type 'string'.
lib/services/emergency-services-integration-service.ts(1457,5): error TS2322: Type 'unknown' is not assignable to type 'string'.
lib/services/emergency-services-integration-service.ts(1458,5): error TS2322: Type 'unknown' is not assignable to type 'string'.
lib/services/emergency-services-integration-service.ts(1459,5): error TS2322: Type 'unknown' is not assignable to type 'string'.
lib/services/emergency-services-integration-service.ts(1460,5): error TS2322: Type 'unknown' is not assignable to type 'string | undefined'.
lib/services/emergency-services-integration-service.ts(1461,5): error TS2322: Type 'unknown' is not assignable to type 'string'.
lib/services/emergency-services-integration-service.ts(1462,5): error TS2322: Type 'unknown' is not assignable to type 'string'.
lib/services/emergency-services-integration-service.ts(1463,5): error TS2322: Type 'unknown' is not assignable to type 'string | undefined'.
lib/services/emergency-services-integration-service.ts(1465,5): error TS2322: Type 'unknown' is not assignable to type 'string | undefined'.
lib/services/emergency-services-integration-service.ts(1466,5): error TS2740: Type '{}' is missing the following properties from type 'string[]': length, pop, push, concat, and 35 more.
lib/services/emergency-services-integration-service.ts(1467,5): error TS2322: Type 'unknown' is not assignable to type 'string | undefined'.
lib/services/emergency-services-integration-service.ts(1469,5): error TS2322: Type 'unknown' is not assignable to type 'string | undefined'.
lib/services/emergency-services-integration-service.ts(1470,5): error TS2322: Type 'unknown' is not assignable to type 'string | undefined'.
lib/services/emergency-services-integration-service.ts(1471,5): error TS2322: Type 'unknown' is not assignable to type 'string | undefined'.
lib/services/emergency-services-integration-service.ts(1472,5): error TS2322: Type 'unknown' is not assignable to type 'string'.
lib/services/emergency-services-integration-service.ts(1473,5): error TS2322: Type 'unknown' is not assignable to type 'string'.
lib/services/emergency/__tests__/community-alert-service.test.ts(6,65): error TS2307: Cannot find module 'vitest' or its corresponding type declarations.
lib/services/emergency/__tests__/community-alert-service.test.ts(23,8): error TS2307: Cannot find module '../community-alert' or its corresponding type declarations.
lib/services/emergency/__tests__/community-alert-service.test.ts(31,55): error TS2304: Cannot find name 'mockCommunityAlert'.
lib/services/emergency/__tests__/community-alert-service.test.ts(39,61): error TS2304: Cannot find name 'mockCommunityAlert'.
lib/services/emergency/__tests__/community-alert-service.test.ts(351,23): error TS7006: Parameter 'alert' implicitly has an 'any' type.
lib/services/emergency/__tests__/community-alert-service.test.ts(405,28): error TS7006: Parameter 'a' implicitly has an 'any' type.
lib/services/emergency/__tests__/community-alert-service.test.ts(418,28): error TS7006: Parameter 'a' implicitly has an 'any' type.
lib/services/emergency/__tests__/community-alert-service.test.ts(634,26): error TS7006: Parameter 'a' implicitly has an 'any' type.
lib/services/emergency/__tests__/community-alert-service.test.ts(657,39): error TS7006: Parameter 'a' implicitly has an 'any' type.
lib/services/emergency/__tests__/community-alert-service.test.ts(660,25): error TS7006: Parameter 'alert' implicitly has an 'any' type.
lib/services/emergency/__tests__/community-alert-service.test.ts(683,26): error TS7006: Parameter 'a' implicitly has an 'any' type.
lib/services/emergency/__tests__/safe-zone-service.test.ts(1,54): error TS2307: Cannot find module 'vitest' or its corresponding type declarations.
lib/services/emergency/__tests__/safe-zone-service.test.ts(12,8): error TS2307: Cannot find module '../safe-zone' or its corresponding type declarations.
lib/services/emergency/__tests__/safe-zone-service.test.ts(238,27): error TS7006: Parameter 'z' implicitly has an 'any' type.
lib/services/emergency/__tests__/safe-zone-service.test.ts(246,27): error TS7006: Parameter 'z' implicitly has an 'any' type.
lib/services/emergency/__tests__/safe-zone-service.test.ts(254,27): error TS7006: Parameter 'z' implicitly has an 'any' type.
lib/services/emergency/__tests__/safe-zone-service.test.ts(274,27): error TS7006: Parameter 'z' implicitly has an 'any' type.
lib/services/emergency/__tests__/safe-zone-service.test.ts(282,27): error TS7006: Parameter 'z' implicitly has an 'any' type.
lib/services/emergency/__tests__/safe-zone-service.test.ts(290,22): error TS7006: Parameter 'zone' implicitly has an 'any' type.
lib/services/emergency/__tests__/safe-zone-service.test.ts(637,25): error TS7006: Parameter 'z' implicitly has an 'any' type.
lib/services/emergency/__tests__/sos-service.test.ts(6,65): error TS2307: Cannot find module 'vitest' or its corresponding type declarations.
lib/services/emergency/__tests__/sos-service.test.ts(9,3): error TS2305: Module '"../sos-service"' has no exported member 'updateSOSAlert'.
lib/services/emergency/__tests__/sos-service.test.ts(12,3): error TS2724: '"../sos-service"' has no exported member named 'getSOSAlertById'. Did you mean 'getSOSAlert'?
lib/services/emergency/__tests__/sos-service.test.ts(13,3): error TS2305: Module '"../sos-service"' has no exported member 'validateSOSAlertData'.
lib/services/emergency/__tests__/sos-service.test.ts(14,3): error TS2305: Module '"../sos-service"' has no exported member 'SOSAlertSchema'.
lib/services/emergency/__tests__/sos-service.test.ts(16,8): error TS2724: '"../sos-service"' has no exported member named 'CreateSOSAlertInput'. Did you mean 'createSOSAlert'?
lib/services/emergency/__tests__/sos-service.test.ts(17,8): error TS2724: '"../sos-service"' has no exported member named 'UpdateSOSAlertInput'. Did you mean 'SOSAlertInput'?
lib/services/emergency/__tests__/sos-service.test.ts(19,3): error TS2305: Module '"../sos-service"' has no exported member 'PriorityLevel'.
lib/services/emergency/__tests__/sos-service.test.ts(20,3): error TS2724: '"../sos-service"' has no exported member named 'AlertStatus'. Did you mean 'SOSAlertStatus'?
lib/services/emergency/__tests__/sos-service.test.ts(29,55): error TS2304: Cannot find name 'mockSOSAlert'.
lib/services/emergency/__tests__/sos-service.test.ts(35,57): error TS2304: Cannot find name 'mockSOSAlert'.
lib/services/emergency/__tests__/sos-service.test.ts(42,57): error TS2304: Cannot find name 'mockSOSAlert'.
lib/services/emergency/__tests__/sos-service.test.ts(129,7): error TS2322: Type '"electrocution"' is not assignable to type 'EmergencyType'.
lib/services/emergency/__tests__/sos-service.test.ts(131,7): error TS2322: Type '"medical"' is not assignable to type 'EmergencyType'.
lib/services/emergency/__tests__/sos-service.test.ts(220,21): error TS2339: Property 'success' does not exist on type 'SOSAlertResult'.
lib/services/emergency/__tests__/sos-service.test.ts(221,18): error TS2339: Property 'success' does not exist on type 'SOSAlertResult'.
lib/services/emergency/__tests__/sos-service.test.ts(222,23): error TS2339: Property 'data' does not exist on type 'SOSAlertResult'.
lib/services/emergency/__tests__/sos-service.test.ts(223,23): error TS2339: Property 'data' does not exist on type 'SOSAlertResult'.
lib/services/emergency/__tests__/sos-service.test.ts(224,23): error TS2339: Property 'data' does not exist on type 'SOSAlertResult'.
lib/services/emergency/__tests__/sos-service.test.ts(238,21): error TS2339: Property 'success' does not exist on type 'SOSAlertResult'.
lib/services/emergency/__tests__/sos-service.test.ts(239,19): error TS2339: Property 'success' does not exist on type 'SOSAlertResult'.
lib/services/emergency/__tests__/sos-service.test.ts(240,23): error TS2339: Property 'error' does not exist on type 'SOSAlertResult'.
lib/services/emergency/__tests__/sos-service.test.ts(269,21): error TS2339: Property 'success' does not exist on type 'boolean'.
lib/services/emergency/__tests__/sos-service.test.ts(270,18): error TS2339: Property 'success' does not exist on type 'boolean'.
lib/services/emergency/__tests__/sos-service.test.ts(271,23): error TS2339: Property 'data' does not exist on type 'boolean'.
lib/services/emergency/__tests__/sos-service.test.ts(375,7): error TS2322: Type '"electrocution"' is not assignable to type 'EmergencyType'.
lib/services/emergency/__tests__/sos-service.test.ts(377,7): error TS2322: Type '"medical"' is not assignable to type 'EmergencyType'.
lib/services/emergency/alert-service.ts(277,26): error TS18048: 'alert.distance' is possibly 'undefined'.
lib/services/emergency/alert-service.ts(569,7): error TS2322: Type '{ push?: boolean | undefined; sms?: boolean | undefined; email?: boolean | undefined; }' is not assignable to type '{ push: boolean; sms: boolean; email: boolean; }'.
  Types of property 'push' are incompatible.
    Type 'boolean | undefined' is not assignable to type 'boolean'.
      Type 'undefined' is not assignable to type 'boolean'.
lib/services/emergency/alert-service.ts(572,7): error TS2322: Type '{ enabled: boolean; start: string; end: string; timezone?: string | undefined; }' is not assignable to type '{ enabled: boolean; start: string; end: string; timezone: string; }'.
  Types of property 'timezone' are incompatible.
    Type 'string | undefined' is not assignable to type 'string'.
      Type 'undefined' is not assignable to type 'string'.
lib/services/emergency/alert-service.ts(575,7): error TS2322: Type '{ enabled?: boolean | undefined; phoneNumber?: string; verified?: boolean | undefined; }' is not assignable to type '{ enabled: boolean; phoneNumber?: string | undefined; verified: boolean; }'.
  Types of property 'enabled' are incompatible.
    Type 'boolean | undefined' is not assignable to type 'boolean'.
      Type 'undefined' is not assignable to type 'boolean'.
lib/services/emergency/alert-service.ts(592,23): error TS18048: 'updatedPrefs.channels' is possibly 'undefined'.
lib/services/emergency/alert-service.ts(593,22): error TS18048: 'updatedPrefs.channels' is possibly 'undefined'.
lib/services/emergency/alert-service.ts(594,24): error TS18048: 'updatedPrefs.channels' is possibly 'undefined'.
lib/services/emergency/alert-service.ts(596,29): error TS18048: 'updatedPrefs.smsOptIn' is possibly 'undefined'.
lib/services/emergency/alert-service.ts(597,27): error TS18048: 'updatedPrefs.smsOptIn' is possibly 'undefined'.
lib/services/emergency/alert-service.ts(598,30): error TS18048: 'updatedPrefs.smsOptIn' is possibly 'undefined'.
lib/services/emergency/medical-triage-service.ts(522,7): error TS2367: This comparison appears to be unintentional because the types 'UserResponse' and '"absent"' have no overlap.
lib/services/emergency/medical-triage-service.ts(524,14): error TS2367: This comparison appears to be unintentional because the types 'UserResponse' and '"labored"' have no overlap.
lib/services/emergency/medical-triage-service.ts(532,7): error TS2367: This comparison appears to be unintentional because the types 'UserResponse' and '"severe"' have no overlap.
lib/services/emergency/medical-triage-service.ts(534,14): error TS2367: This comparison appears to be unintentional because the types 'UserResponse' and '"minor"' have no overlap.
lib/services/emergency/medical-triage-service.ts(722,5): error TS1117: An object literal cannot have multiple properties with the same name.
lib/services/emergency/medical-triage-service.ts(812,3): error TS2739: Type '{ [x: string]: unknown; }' is missing the following properties from type 'TriageSession': id, status, started_at
lib/services/emergency/medical-triage-service.ts(831,3): error TS2322: Type '{ [x: string]: unknown; } | null' is not assignable to type 'TriageSession | null'.
  Type '{ [x: string]: unknown; }' is missing the following properties from type 'TriageSession': id, status, started_at
lib/services/emergency/medical-triage-service.ts(880,3): error TS2740: Type '{ [x: string]: unknown; }' is missing the following properties from type 'SymptomAssessment': id, session_id, reported_symptoms, symptom_onset, and 11 more.
lib/services/emergency/medical-triage-service.ts(913,3): error TS2322: Type '{ distance_km: number; }[]' is not assignable to type 'MedicalFacility[]'.
  Type '{ distance_km: number; }' is missing the following properties from type 'MedicalFacility': id, name, type, location, and 5 more.
lib/services/emergency/medical-triage-service.ts(915,46): error TS2345: Argument of type 'unknown' is not assignable to parameter of type '{ lat: number; lng: number; }'.
lib/services/emergency/medical-triage-service.ts(941,3): error TS2740: Type '{ [x: string]: unknown; }' is missing the following properties from type 'TriageHistory': id, session_id, triage_level, symptoms_reported, and 3 more.
lib/services/emergency/medical-triage-service.ts(960,3): error TS2322: Type '{ [x: string]: unknown; }[]' is not assignable to type 'TriageHistory[]'.
  Type '{ [x: string]: unknown; }' is missing the following properties from type 'TriageHistory': id, session_id, triage_level, symptoms_reported, and 3 more.
lib/services/emergency/medical-triage-service.ts(990,18): error TS2538: Type 'unknown' cannot be used as an index type.
lib/services/emergency/medical-triage-service.ts(990,50): error TS2538: Type 'unknown' cannot be used as an index type.
lib/services/emergency/medical-triage-service.ts(1055,3): error TS2322: Type '{ [x: string]: unknown; }[]' is not assignable to type 'TriageQuestion[]'.
  Type '{ [x: string]: unknown; }' is missing the following properties from type 'TriageQuestion': id, category, question, response_options, and 2 more.
lib/services/emergency/medical-triage-service.ts(1099,3): error TS2322: Type '{ [x: string]: unknown; }[]' is not assignable to type 'TriageSession[]'.
  Type '{ [x: string]: unknown; }' is missing the following properties from type 'TriageSession': id, status, started_at
lib/services/emergency/multi-layer-safe-zone-service.ts(715,3): error TS2740: Type '{ [x: string]: unknown; }' is missing the following properties from type 'SafeZoneReview': id, safe_zone_id, user_id, rating, and 2 more.
lib/services/emergency/multi-layer-safe-zone-service.ts(773,3): error TS2322: Type '{ [x: string]: unknown; }[]' is not assignable to type 'SafeZoneAlert[]'.
  Type '{ [x: string]: unknown; }' is missing the following properties from type 'SafeZoneAlert': id, safe_zone_id, alert_type, severity, and 4 more.
lib/services/emergency/multi-layer-safe-zone-service.ts(987,44): error TS2769: No overload matches this call.
  Overload 1 of 4, '(value: string | number | Date): Date', gave the following error.
    Argument of type 'unknown' is not assignable to parameter of type 'string | number | Date'.
  Overload 2 of 4, '(value: string | number): Date', gave the following error.
    Argument of type 'unknown' is not assignable to parameter of type 'string | number'.
lib/services/emergency/multi-layer-safe-zone-service.ts(1015,3): error TS2322: Type '{ [x: string]: unknown; }[]' is not assignable to type 'SafeZone[]'.
  Type '{ [x: string]: unknown; }' is missing the following properties from type 'SafeZone': id, name, type, status, and 7 more.
lib/services/emergency/push-notification-service.ts(283,11): error TS2322: Type 'unknown' is not assignable to type 'string'.
lib/services/emergency/push-notification-service.ts(367,7): error TS2322: Type '{ id: unknown; userId: unknown; endpoint: unknown; keys: { p256dh: unknown; auth: unknown; }; browser: unknown; isActive: unknown; createdAt: Date; }[]' is not assignable to type 'PushSubscription[]'.
  Type '{ id: unknown; userId: unknown; endpoint: unknown; keys: { p256dh: unknown; auth: unknown; }; browser: unknown; isActive: unknown; createdAt: Date; }' is not assignable to type 'PushSubscription'.
    Types of property 'id' are incompatible.
      Type 'unknown' is not assignable to type 'string'.
lib/services/emergency/push-notification-service.ts(378,31): error TS2769: No overload matches this call.
  Overload 1 of 4, '(value: string | number | Date): Date', gave the following error.
    Argument of type 'unknown' is not assignable to parameter of type 'string | number | Date'.
  Overload 2 of 4, '(value: string | number): Date', gave the following error.
    Argument of type 'unknown' is not assignable to parameter of type 'string | number'.
lib/services/emergency/push-notification-service.ts(553,15): error TS2339: Property 'notification' does not exist on type 'Event'.
lib/services/emergency/push-notification-service.ts(555,30): error TS2339: Property 'action' does not exist on type 'Event'.
lib/services/emergency/push-notification-service.ts(556,28): error TS2339: Property 'notification' does not exist on type 'Event'.
lib/services/emergency/push-notification-service.ts(566,15): error TS2339: Property 'waitUntil' does not exist on type 'Event'.
lib/services/emergency/push-notification-service.ts(567,11): error TS2304: Cannot find name 'clients'.
lib/services/emergency/push-notification-service.ts(567,81): error TS7006: Parameter 'clientList' implicitly has an 'any' type.
lib/services/emergency/push-notification-service.ts(575,17): error TS2304: Cannot find name 'clients'.
lib/services/emergency/push-notification-service.ts(576,22): error TS2304: Cannot find name 'clients'.
lib/services/emergency/push-notification-service.ts(588,12): error TS2304: Cannot find name 'PushEvent'.
lib/services/emergency/safe-zone-service.ts(54,5): error TS2353: Object literal may only specify known properties, and 'address_full' does not exist in type 'SafeZone'.
lib/services/emergency/safe-zone-service.ts(84,5): error TS2353: Object literal may only specify known properties, and 'address_full' does not exist in type 'SafeZone'.
lib/services/emergency/safe-zone-service.ts(112,5): error TS2353: Object literal may only specify known properties, and 'address_full' does not exist in type 'SafeZone'.
lib/services/emergency/safe-zone-service.ts(140,5): error TS2353: Object literal may only specify known properties, and 'address_full' does not exist in type 'SafeZone'.
lib/services/emergency/safe-zone-service.ts(171,5): error TS2353: Object literal may only specify known properties, and 'address_full' does not exist in type 'SafeZone'.
lib/services/emergency/safe-zone-service.ts(199,5): error TS2353: Object literal may only specify known properties, and 'address_full' does not exist in type 'SafeZone'.
lib/services/emergency/safe-zone-service.ts(229,5): error TS2353: Object literal may only specify known properties, and 'address_full' does not exist in type 'SafeZone'.
lib/services/emergency/safe-zone-service.ts(260,5): error TS2353: Object literal may only specify known properties, and 'address_full' does not exist in type 'SafeZone'.
lib/services/emergency/sos-service.ts(187,9): error TS2322: Type 'unknown' is not assignable to type 'string'.
lib/services/emergency/sos-service.ts(188,9): error TS2322: Type 'unknown' is not assignable to type 'string'.
lib/services/emergency/sos-service.ts(198,7): error TS2322: Type 'unknown' is not assignable to type 'string'.
lib/services/emergency/sos-service.ts(199,7): error TS2322: Type 'unknown' is not assignable to type 'string'.
lib/services/emergency/sos-service.ts(201,7): error TS2322: Type 'unknown' is not assignable to type 'string'.
lib/services/emergency/sos-service.ts(236,5): error TS2322: Type 'unknown' is not assignable to type 'string'.
lib/services/emergency/sos-service.ts(237,5): error TS2322: Type 'unknown' is not assignable to type 'string'.
lib/services/emergency/sos-service.ts(242,7): error TS2322: Type 'unknown' is not assignable to type 'number'.
lib/services/emergency/sos-service.ts(243,7): error TS2322: Type 'unknown' is not assignable to type 'number'.
lib/services/emergency/sos-service.ts(244,7): error TS2322: Type '{} | undefined' is not assignable to type 'string | undefined'.
  Type '{}' is not assignable to type 'string'.
lib/services/emergency/sos-service.ts(246,5): error TS2322: Type '{} | undefined' is not assignable to type 'string | undefined'.
  Type '{}' is not assignable to type 'string'.
lib/services/emergency/sos-service.ts(247,5): error TS2322: Type 'unknown' is not assignable to type 'string'.
lib/services/emergency/sos-service.ts(248,5): error TS2322: Type 'unknown' is not assignable to type 'string'.
lib/services/emergency/sos-service.ts(249,5): error TS2322: Type '{}' is not assignable to type 'string'.
lib/services/emergency/sos-service.ts(250,5): error TS2322: Type '{}' is not assignable to type 'boolean'.
lib/services/emergency/sos-service.ts(251,5): error TS2322: Type '{}' is not assignable to type 'boolean'.
lib/services/emergency/sos-service.ts(277,3): error TS2322: Type '{ id: unknown; incidentNumber: unknown; emergencyType: EmergencyType; priority: SOSPriority; status: SOSAlertStatus; location: { latitude: unknown; longitude: unknown; address: {} | undefined; }; ... 5 more ...; emergencyServicesDispatched: {}; }[]' is not assignable to type 'SOSAlert[]'.
  Type '{ id: unknown; incidentNumber: unknown; emergencyType: EmergencyType; priority: SOSPriority; status: SOSAlertStatus; location: { latitude: unknown; longitude: unknown; address: {} | undefined; }; description: {} | undefined; ... 4 more ...; emergencyServicesDispatched: {}; }' is not assignable to type 'SOSAlert'.
    Types of property 'id' are incompatible.
      Type 'unknown' is not assignable to type 'string'.
lib/services/emergency/vital-signs-service.ts(331,7): error TS2322: Type 'unknown' is not assignable to type 'string'.
lib/services/emergency/vital-signs-service.ts(332,7): error TS2322: Type 'unknown' is not assignable to type 'string'.
lib/services/emergency/vital-signs-service.ts(333,7): error TS2322: Type '{} | undefined' is not assignable to type 'string | undefined'.
  Type '{}' is not assignable to type 'string'.
lib/services/emergency/vital-signs-service.ts(334,7): error TS2322: Type 'unknown' is not assignable to type 'VitalSignReading[]'.
lib/services/emergency/vital-signs-service.ts(335,7): error TS2322: Type '{} | undefined' is not assignable to type 'VitalSignDeviceType | undefined'.
  Type '{}' is not assignable to type 'VitalSignDeviceType | undefined'.
lib/services/emergency/vital-signs-service.ts(336,7): error TS2322: Type '{} | undefined' is not assignable to type 'string | undefined'.
  Type '{}' is not assignable to type 'string'.
lib/services/emergency/vital-signs-service.ts(337,7): error TS2322: Type '{} | undefined' is not assignable to type 'string | undefined'.
  Type '{}' is not assignable to type 'string'.
lib/services/emergency/vital-signs-service.ts(339,7): error TS2322: Type 'unknown' is not assignable to type 'string'.
lib/services/emergency/vital-signs-service.ts(340,7): error TS2322: Type 'unknown' is not assignable to type 'string'.
lib/services/emergency/vital-signs-service.ts(341,7): error TS2322: Type 'unknown' is not assignable to type 'string'.
lib/services/emergency/vital-signs-service.ts(371,5): error TS2322: Type 'unknown' is not assignable to type 'string'.
lib/services/emergency/vital-signs-service.ts(372,5): error TS2322: Type 'unknown' is not assignable to type 'string'.
lib/services/emergency/vital-signs-service.ts(373,5): error TS2322: Type '{} | undefined' is not assignable to type 'string | undefined'.
  Type '{}' is not assignable to type 'string'.
lib/services/emergency/vital-signs-service.ts(374,5): error TS2322: Type 'unknown' is not assignable to type 'VitalSignReading[]'.
lib/services/emergency/vital-signs-service.ts(375,5): error TS2322: Type '{} | undefined' is not assignable to type 'VitalSignDeviceType | undefined'.
  Type '{}' is not assignable to type 'VitalSignDeviceType | undefined'.
lib/services/emergency/vital-signs-service.ts(376,5): error TS2322: Type '{} | undefined' is not assignable to type 'string | undefined'.
  Type '{}' is not assignable to type 'string'.
lib/services/emergency/vital-signs-service.ts(377,5): error TS2322: Type '{} | undefined' is not assignable to type 'string | undefined'.
  Type '{}' is not assignable to type 'string'.
lib/services/emergency/vital-signs-service.ts(379,5): error TS2322: Type 'unknown' is not assignable to type 'string'.
lib/services/emergency/vital-signs-service.ts(380,5): error TS2322: Type 'unknown' is not assignable to type 'string'.
lib/services/emergency/vital-signs-service.ts(381,5): error TS2322: Type 'unknown' is not assignable to type 'string'.
lib/services/emergency/vital-signs-service.ts(409,5): error TS2322: Type 'unknown' is not assignable to type 'string'.
lib/services/emergency/vital-signs-service.ts(410,5): error TS2322: Type 'unknown' is not assignable to type 'string'.
lib/services/emergency/vital-signs-service.ts(411,5): error TS2322: Type '{} | undefined' is not assignable to type 'string | undefined'.
  Type '{}' is not assignable to type 'string'.
lib/services/emergency/vital-signs-service.ts(412,5): error TS2322: Type 'unknown' is not assignable to type 'VitalSignReading[]'.
lib/services/emergency/vital-signs-service.ts(413,5): error TS2322: Type '{} | undefined' is not assignable to type 'VitalSignDeviceType | undefined'.
  Type '{}' is not assignable to type 'VitalSignDeviceType | undefined'.
lib/services/emergency/vital-signs-service.ts(414,5): error TS2322: Type '{} | undefined' is not assignable to type 'string | undefined'.
  Type '{}' is not assignable to type 'string'.
lib/services/emergency/vital-signs-service.ts(415,5): error TS2322: Type '{} | undefined' is not assignable to type 'string | undefined'.
  Type '{}' is not assignable to type 'string'.
lib/services/emergency/vital-signs-service.ts(417,5): error TS2322: Type 'unknown' is not assignable to type 'string'.
lib/services/emergency/vital-signs-service.ts(418,5): error TS2322: Type 'unknown' is not assignable to type 'string'.
lib/services/emergency/vital-signs-service.ts(419,5): error TS2322: Type 'unknown' is not assignable to type 'string'.
lib/services/emergency/vital-signs-service.ts(440,3): error TS2322: Type '{ id: unknown; userId: unknown; emergencyId: {} | undefined; readings: unknown; deviceType: {} | undefined; deviceId: {} | undefined; notes: {} | undefined; status: VitalSignStatus; overallAssessment: unknown; createdAt: unknown; updatedAt: unknown; }[]' is not assignable to type 'VitalSignsRecord[]'.
  Type '{ id: unknown; userId: unknown; emergencyId: {} | undefined; readings: unknown; deviceType: {} | undefined; deviceId: {} | undefined; notes: {} | undefined; status: VitalSignStatus; overallAssessment: unknown; createdAt: unknown; updatedAt: unknown; }' is not assignable to type 'VitalSignsRecord'.
    Types of property 'id' are incompatible.
      Type 'unknown' is not assignable to type 'string'.
lib/services/emergency/vital-signs-service.ts(478,9): error TS2322: Type 'unknown' is not assignable to type 'string'.
lib/services/emergency/vital-signs-service.ts(479,9): error TS2322: Type 'unknown' is not assignable to type 'string'.
lib/services/emergency/vital-signs-service.ts(480,9): error TS2322: Type 'unknown' is not assignable to type 'string'.
lib/services/emergency/vital-signs-service.ts(481,9): error TS2322: Type 'unknown' is not assignable to type 'string'.
lib/services/emergency/vital-signs-service.ts(510,3): error TS2322: Type '{ id: unknown; userId: unknown; emergencyId: {} | undefined; readings: unknown; deviceType: {} | undefined; deviceId: {} | undefined; notes: {} | undefined; status: VitalSignStatus; overallAssessment: unknown; createdAt: unknown; updatedAt: unknown; }[]' is not assignable to type 'VitalSignsRecord[]'.
  Type '{ id: unknown; userId: unknown; emergencyId: {} | undefined; readings: unknown; deviceType: {} | undefined; deviceId: {} | undefined; notes: {} | undefined; status: VitalSignStatus; overallAssessment: unknown; createdAt: unknown; updatedAt: unknown; }' is not assignable to type 'VitalSignsRecord'.
    Types of property 'id' are incompatible.
      Type 'unknown' is not assignable to type 'string'.
lib/services/emergency/vital-signs-service.ts(557,5): error TS2322: Type 'unknown' is not assignable to type 'string | undefined'.
lib/services/emergency/vital-signs-service.ts(569,7): error TS2322: Type 'string | undefined' is not assignable to type 'string'.
  Type 'undefined' is not assignable to type 'string'.
lib/services/emergency/vital-signs-service.ts(570,23): error TS2304: Cannot find name 'sosData'.
lib/services/emergency/vital-signs-sos-service.ts(485,5): error TS2561: Object literal may only specify known properties, but 'responders_dispatched' does not exist in type 'Record<SOSStatus, { label: string; color: string; icon: string; }>'. Did you mean to write ' responders_dispatched'?
lib/services/emergency/vital-signs-sos-service.ts(528,3): error TS2740: Type '{ [x: string]: unknown; }' is missing the following properties from type 'WearableDevice': id, user_id, device_name, device_type, and 6 more.
lib/services/emergency/vital-signs-sos-service.ts(544,3): error TS2322: Type '{ [x: string]: unknown; }[]' is not assignable to type 'WearableDevice[]'.
  Type '{ [x: string]: unknown; }' is missing the following properties from type 'WearableDevice': id, user_id, device_name, device_type, and 6 more.
lib/services/emergency/vital-signs-sos-service.ts(613,3): error TS2322: Type '{ type: VitalSignType; value: unknown; unit: unknown; timestamp: Date; device_id: unknown; confidence: unknown; }[]' is not assignable to type 'VitalSignReading[]'.
  Type '{ type: VitalSignType; value: unknown; unit: unknown; timestamp: Date; device_id: unknown; confidence: unknown; }' is not assignable to type 'VitalSignReading'.
    Types of property 'value' are incompatible.
      Type 'unknown' is not assignable to type 'number'.
lib/services/emergency/vital-signs-sos-service.ts(617,25): error TS2769: No overload matches this call.
  Overload 1 of 4, '(value: string | number | Date): Date', gave the following error.
    Argument of type 'unknown' is not assignable to parameter of type 'string | number | Date'.
  Overload 2 of 4, '(value: string | number): Date', gave the following error.
    Argument of type 'unknown' is not assignable to parameter of type 'string | number'.
lib/services/emergency/vital-signs-sos-service.ts(846,3): error TS2322: Type '{ [x: string]: unknown; } | null' is not assignable to type 'SOSActivation | null'.
  Type '{ [x: string]: unknown; }' is missing the following properties from type 'SOSActivation': id, user_id, session_id, status, and 4 more.
lib/services/emergency/vital-signs-sos-service.ts(868,3): error TS2322: Type '{ [x: string]: unknown; }[]' is not assignable to type 'SOSActivation[]'.
  Type '{ [x: string]: unknown; }' is missing the following properties from type 'SOSActivation': id, user_id, session_id, status, and 4 more.
lib/services/emergency/vital-signs-sos-service.ts(892,9): error TS2345: Argument of type '{}' is not assignable to parameter of type 'number'.
lib/services/emergency/vital-signs-sos-service.ts(896,9): error TS2345: Argument of type '{}' is not assignable to parameter of type 'number'.
lib/services/emergency/vital-signs-sos-service.ts(904,55): error TS2345: Argument of type 'unknown' is not assignable to parameter of type 'string | undefined'.
lib/services/emergency/vital-signs-sos-service.ts(928,3): error TS2739: Type '{ [x: string]: unknown; }' is missing the following properties from type 'SOSAlertHistory': id, sos_activation_id, channel, sent_at, status
lib/services/emergency/vital-signs-sos-service.ts(968,42): error TS2769: No overload matches this call.
  Overload 1 of 4, '(value: string | number | Date): Date', gave the following error.
    Argument of type 'unknown' is not assignable to parameter of type 'string | number | Date'.
  Overload 2 of 4, '(value: string | number): Date', gave the following error.
    Argument of type 'unknown' is not assignable to parameter of type 'string | number'.
lib/services/emergency/vital-signs-sos-service.ts(973,42): error TS2345: Argument of type 'unknown' is not assignable to parameter of type 'number'.
lib/services/emergency/vital-signs-sos-service.ts(975,44): error TS2345: Argument of type 'unknown' is not assignable to parameter of type 'number'.
lib/services/emergency/vital-signs-sos-service.ts(1030,5): error TS2820: Type '"responders_dispatched"' is not assignable to type 'SOSStatus | undefined'. Did you mean '" responders_dispatched"'?
lib/services/emergency/vital-signs-sos-service.ts(1052,3): error TS2322: Type '{ [x: string]: unknown; }[]' is not assignable to type 'SOSActivation[]'.
  Type '{ [x: string]: unknown; }' is missing the following properties from type 'SOSActivation': id, user_id, session_id, status, and 4 more.
lib/services/fire-data-service.ts(838,71): error TS2345: Argument of type 'unknown' is not assignable to parameter of type 'string'.
lib/services/fire-data-service.ts(853,26): error TS2538: Type 'unknown' cannot be used as an index type.
lib/services/fire-data-service.ts(853,69): error TS2538: Type 'unknown' cannot be used as an index type.
lib/services/fire-data-service.ts(952,19): error TS2339: Property 'order' does not exist on type 'string'.
lib/services/fire-data-service.ts(955,21): error TS2339: Property 'limit' does not exist on type 'string'.
lib/services/fire-data-service.ts(977,5): error TS2322: Type 'unknown' is not assignable to type 'string'.
lib/services/fire-data-service.ts(978,5): error TS2322: Type 'unknown' is not assignable to type 'string'.
lib/services/fire-data-service.ts(983,5): error TS2322: Type 'unknown' is not assignable to type 'number'.
lib/services/fire-data-service.ts(984,5): error TS2322: Type 'unknown' is not assignable to type 'number'.
lib/services/fire-data-service.ts(986,5): error TS2322: Type 'unknown' is not assignable to type 'string'.
lib/services/fire-data-service.ts(992,5): error TS2322: Type 'unknown' is not assignable to type 'boolean'.
lib/services/fire-data-service.ts(996,5): error TS2322: Type 'unknown' is not assignable to type 'boolean'.
lib/services/fire-data-service.ts(1005,5): error TS2322: Type 'unknown' is not assignable to type 'string'.
lib/services/fire-data-service.ts(1006,5): error TS2322: Type 'unknown' is not assignable to type 'string'.
lib/services/fire-data-service.ts(1015,5): error TS2322: Type 'unknown' is not assignable to type 'string'.
lib/services/fire-data-service.ts(1016,5): error TS2322: Type 'unknown' is not assignable to type 'string'.
lib/services/fire-data-service.ts(1017,5): error TS2322: Type 'unknown' is not assignable to type 'string'.
lib/services/fire-data-service.ts(1018,5): error TS2322: Type 'unknown' is not assignable to type 'string'.
lib/services/fire-data-service.ts(1021,5): error TS2322: Type 'unknown' is not assignable to type 'boolean'.
lib/services/fire-data-service.ts(1026,5): error TS2322: Type 'unknown' is not assignable to type 'string'.
lib/services/fire-data-service.ts(1027,5): error TS2322: Type 'unknown' is not assignable to type 'string'.
lib/services/fire-data-service.ts(1036,5): error TS2322: Type 'unknown' is not assignable to type 'string'.
lib/services/fire-data-service.ts(1038,5): error TS2322: Type 'unknown' is not assignable to type 'string'.
lib/services/fire-data-service.ts(1039,5): error TS2322: Type 'unknown' is not assignable to type 'number'.
lib/services/fire-data-service.ts(1043,5): error TS2322: Type 'unknown' is not assignable to type 'string'.
lib/services/fire-data-service.ts(1044,5): error TS2322: Type 'unknown' is not assignable to type 'string'.
lib/services/flood/flood-warning-service.ts(521,14): error TS7053: Element implicitly has an 'any' type because expression of type 'RouteStatus' can't be used to index type '{ clear: number; caution: number; flooded: number; }'.
  Property 'closed' does not exist on type '{ clear: number; caution: number; flooded: number; }'.
lib/services/flood/flood-warning-service.ts(521,38): error TS7053: Element implicitly has an 'any' type because expression of type 'RouteStatus' can't be used to index type '{ clear: number; caution: number; flooded: number; }'.
  Property 'closed' does not exist on type '{ clear: number; caution: number; flooded: number; }'.
lib/services/flood/flood-warning-service.ts(619,10): error TS7053: Element implicitly has an 'any' type because expression of type 'FloodType' can't be used to index type '{ flash: string[]; riverine: string[]; coastal: string[]; urban: string[]; }'.
  Property 'groundwater' does not exist on type '{ flash: string[]; riverine: string[]; coastal: string[]; urban: string[]; }'.
lib/services/flood/flood-warning-service.ts(669,3): error TS2322: Type '{ [x: string]: unknown; }[]' is not assignable to type 'RiverGauge[]'.
  Type '{ [x: string]: unknown; }' is missing the following properties from type 'RiverGauge': id, gauge_id, gauge_name, river_name, and 6 more.
lib/services/flood/flood-warning-service.ts(688,3): error TS2322: Type '{ [x: string]: unknown; } | null' is not assignable to type 'RiverGauge | null'.
  Type '{ [x: string]: unknown; }' is missing the following properties from type 'RiverGauge': id, gauge_id, gauge_name, river_name, and 6 more.
lib/services/flood/flood-warning-service.ts(710,3): error TS2322: Type '{ [x: string]: unknown; }[]' is not assignable to type 'FloodForecast[]'.
  Type '{ [x: string]: unknown; }' is missing the following properties from type 'FloodForecast': id, gauge_id, forecast_time, predicted_level_m, and 3 more.
lib/services/flood/flood-warning-service.ts(737,3): error TS2740: Type '{ [x: string]: unknown; }' is missing the following properties from type 'FloodWarning': id, warning_id, flood_status, flood_type, and 4 more.
lib/services/flood/flood-warning-service.ts(753,3): error TS2322: Type '{ [x: string]: unknown; }[]' is not assignable to type 'FloodWarning[]'.
  Type '{ [x: string]: unknown; }' is missing the following properties from type 'FloodWarning': id, warning_id, flood_status, flood_type, and 4 more.
lib/services/flood/flood-warning-service.ts(774,3): error TS2322: Type '{ [x: string]: unknown; }[]' is not assignable to type 'EvacuationZone[]'.
  Type '{ [x: string]: unknown; }' is missing the following properties from type 'EvacuationZone': id, zone_name, zone_type, flood_status, and 6 more.
lib/services/flood/flood-warning-service.ts(793,3): error TS2322: Type '{ [x: string]: unknown; } | null' is not assignable to type 'UserFloodPreference | null'.
  Type '{ [x: string]: unknown; }' is missing the following properties from type 'UserFloodPreference': id, user_id, alert_enabled, home_location, and 4 more.
lib/services/flood/flood-warning-service.ts(805,32): error TS2339: Property 'user_id' does not exist on type 'Omit<UserFloodPreference, "id" | "user_id">'.
lib/services/flood/flood-warning-service.ts(823,17): error TS2345: Argument of type 'unknown' is not assignable to parameter of type '{}'.
lib/services/flood/flood-warning-service.ts(828,5): error TS2740: Type '{ [x: string]: unknown; }' is missing the following properties from type 'UserFloodPreference': id, user_id, alert_enabled, home_location, and 4 more.
lib/services/flood/flood-warning-service.ts(834,28): error TS2339: Property 'user_id' does not exist on type 'Omit<UserFloodPreference, "id" | "user_id">'.
lib/services/flood/flood-warning-service.ts(850,3): error TS2740: Type '{ [x: string]: unknown; }' is missing the following properties from type 'UserFloodPreference': id, user_id, alert_enabled, home_location, and 4 more.
lib/services/flood/flood-warning-service.ts(877,3): error TS2740: Type '{ [x: string]: unknown; }' is missing the following properties from type 'FloodAlertNotification': id, warning_id, user_id, notification_type, and 4 more.
lib/services/flood/flood-warning-service.ts(913,3): error TS2322: Type 'unknown[]' is not assignable to type '{ id: string; name: string; location: { lat: number; lng: number; }; capacity: number; current_occupancy: number; accepts_pets: boolean; accessible: boolean; }[][]'.
  Type 'unknown' is not assignable to type '{ id: string; name: string; location: { lat: number; lng: number; }; capacity: number; current_occupancy: number; accepts_pets: boolean; accessible: boolean; }[]'.
lib/services/flood/flood-warning-service.ts(936,35): error TS2345: Argument of type 'unknown' is not assignable to parameter of type '{ lat: number; lng: number; }[]'.
lib/services/flood/flood-warning-service.ts(940,3): error TS2740: Type '{ [x: string]: unknown; }' is missing the following properties from type 'InundationMap': id, event_id, flood_type, water_depth_m, and 4 more.
lib/services/flood/flood-warning-service.ts(957,3): error TS2322: Type '{ [x: string]: unknown; }[]' is not assignable to type 'HistoricalFlood[]'.
  Type '{ [x: string]: unknown; }' is missing the following properties from type 'HistoricalFlood': id, event_name, event_type, start_date
lib/services/flood/flood-warning-service.ts(986,5): error TS18046: 'g.current_level_m' is of type 'unknown'.
lib/services/flood/flood-warning-service.ts(991,17): error TS2365: Operator '+' cannot be applied to types 'number' and '{}'.
lib/services/flood/flood-warning-service.ts(1032,21): error TS18046: 'forecasts.predicted_level_m' is of type 'unknown'.
lib/services/flood/flood-warning-service.ts(1035,5): error TS18004: No value exists in scope for the shorthand property 'will_flood'. Either declare one or provide an initializer.
lib/services/flood/flood-warning-service.ts(1036,36): error TS18046: 'forecasts.predicted_level_m' is of type 'unknown'.
lib/services/flood/flood-warning-service.ts(1038,7): error TS2345: Argument of type 'unknown' is not assignable to parameter of type 'number'.
lib/services/flood/flood-warning-service.ts(1040,7): error TS18046: 'forecasts.predicted_level_m' is of type 'unknown'.
lib/services/flood/flood-warning-service.ts(1040,37): error TS18046: 'forecasts.current_level_m' is of type 'unknown'.
lib/services/flood/flood-warning-service.ts(1042,5): error TS2322: Type 'unknown' is not assignable to type 'number'.
lib/services/flood/flood-warning-service.ts(1072,27): error TS18046: 'totalDistance' is of type 'unknown'.
lib/services/flood/flood-warning-service.ts(1072,44): error TS18046: 'route.waypoints' is of type 'unknown'.
lib/services/flood/flood-warning-service.ts(1074,23): error TS18046: 'route.waypoints' is of type 'unknown'.
lib/services/flood/flood-warning-service.ts(1075,22): error TS18046: 'route.waypoints' is of type 'unknown'.
lib/services/flood/flood-warning-service.ts(1080,22): error TS18046: 'route.waypoints' is of type 'unknown'.
lib/services/flood/flood-warning-service.ts(1084,20): error TS18046: 'route.waypoints' is of type 'unknown'.
lib/services/flood/flood-warning-service.ts(1085,20): error TS18046: 'route.waypoints' is of type 'unknown'.
lib/services/flood/flood-warning-service.ts(1105,12): error TS2740: Type '{ [x: string]: unknown; }' is missing the following properties from type 'EvacuationRoute': id, route_name, from_zone, to_destination, and 6 more.
lib/services/gdpr-compliance-service.ts(681,11): error TS2339: Property 'push' does not exist on type '{}'.
lib/services/gdpr-compliance-service.ts(768,20): error TS2345: Argument of type 'string | null' is not assignable to parameter of type '{}'.
  Type 'null' is not assignable to type '{}'.
lib/services/gdpr-compliance-service.ts(804,17): error TS2345: Argument of type 'unknown' is not assignable to parameter of type '{}'.
lib/services/gdpr-compliance-service.ts(835,5): error TS2322: Type 'unknown' is not assignable to type 'string'.
lib/services/gdpr-compliance-service.ts(836,5): error TS2322: Type 'unknown' is not assignable to type 'string'.
lib/services/gdpr-compliance-service.ts(837,5): error TS2322: Type 'unknown' is not assignable to type 'string'.
lib/services/gdpr-compliance-service.ts(838,5): error TS2322: Type '{} | undefined' is not assignable to type 'string | undefined'.
  Type '{}' is not assignable to type 'string'.
lib/services/gdpr-compliance-service.ts(839,5): error TS2322: Type 'unknown' is not assignable to type 'boolean'.
lib/services/gdpr-compliance-service.ts(840,5): error TS2322: Type '{} | undefined' is not assignable to type 'string | undefined'.
  Type '{}' is not assignable to type 'string'.
lib/services/gdpr-compliance-service.ts(841,5): error TS2322: Type '{} | undefined' is not assignable to type 'string | undefined'.
  Type '{}' is not assignable to type 'string'.
lib/services/gdpr-compliance-service.ts(842,5): error TS2322: Type '{} | undefined' is not assignable to type 'Record<string, boolean> | undefined'.
  Type '{}' is not assignable to type 'Record<string, boolean>'.
    Index signature for type 'string' is missing in type '{}'.
lib/services/gdpr-compliance-service.ts(843,5): error TS2322: Type '{} | undefined' is not assignable to type 'string | undefined'.
  Type '{}' is not assignable to type 'string'.
lib/services/gdpr-compliance-service.ts(844,5): error TS2322: Type '{} | undefined' is not assignable to type 'string | undefined'.
  Type '{}' is not assignable to type 'string'.
lib/services/gdpr-compliance-service.ts(845,5): error TS2322: Type '{} | undefined' is not assignable to type 'string | undefined'.
  Type '{}' is not assignable to type 'string'.
lib/services/gdpr-compliance-service.ts(846,5): error TS2322: Type 'unknown' is not assignable to type 'string'.
lib/services/gdpr-compliance-service.ts(847,5): error TS2322: Type 'unknown' is not assignable to type 'string'.
lib/services/gdpr-compliance-service.ts(870,3): error TS2322: Type '{ id: unknown; consentType: unknown; version: unknown; userId: {} | undefined; granted: unknown; grantedAt: {} | undefined; revokedAt: {} | undefined; granularConsents: {} | undefined; purpose: {} | undefined; legalBasis: {} | undefined; retentionPeriod: {} | undefined; createdAt: unknown; updatedAt: unknown; }[]' is not assignable to type 'ConsentPreference[]'.
  Type '{ id: unknown; consentType: unknown; version: unknown; userId: {} | undefined; granted: unknown; grantedAt: {} | undefined; revokedAt: {} | undefined; granularConsents: {} | undefined; purpose: {} | undefined; legalBasis: {} | undefined; retentionPeriod: {} | undefined; createdAt: unknown; updatedAt: unknown; }' is not assignable to type 'ConsentPreference'.
    Types of property 'id' are incompatible.
      Type 'unknown' is not assignable to type 'string'.
lib/services/gdpr-compliance-service.ts(936,5): error TS2322: Type 'unknown' is not assignable to type 'string'.
lib/services/gdpr-compliance-service.ts(937,5): error TS2322: Type 'unknown' is not assignable to type '"other" | "unauthorized_access" | "data_loss" | "data_theft" | "accidental_disclosure"'.
lib/services/gdpr-compliance-service.ts(938,5): error TS2322: Type 'unknown' is not assignable to type '"low" | "medium" | "high" | "critical"'.
lib/services/gdpr-compliance-service.ts(939,5): error TS2322: Type 'unknown' is not assignable to type 'string'.
lib/services/gdpr-compliance-service.ts(940,5): error TS2322: Type '{} | undefined' is not assignable to type 'string | undefined'.
  Type '{}' is not assignable to type 'string'.
lib/services/gdpr-compliance-service.ts(941,5): error TS2322: Type 'unknown' is not assignable to type 'string'.
lib/services/gdpr-compliance-service.ts(942,5): error TS2322: Type '{} | undefined' is not assignable to type 'string[] | undefined'.
  Type '{}' is missing the following properties from type 'string[]': length, pop, push, concat, and 35 more.
lib/services/gdpr-compliance-service.ts(943,5): error TS2322: Type 'unknown' is not assignable to type 'GDPRDataCategory[]'.
lib/services/gdpr-compliance-service.ts(944,5): error TS2322: Type '{} | undefined' is not assignable to type 'number | undefined'.
  Type '{}' is not assignable to type 'number'.
lib/services/gdpr-compliance-service.ts(945,5): error TS2322: Type 'unknown' is not assignable to type 'boolean'.
lib/services/gdpr-compliance-service.ts(946,5): error TS2322: Type 'unknown' is not assignable to type 'boolean'.
lib/services/gdpr-compliance-service.ts(947,5): error TS2322: Type 'unknown' is not assignable to type '"detected" | "investigating" | "resolved" | "closed" | "contained"'.
lib/services/gdpr-compliance-service.ts(948,5): error TS2322: Type 'unknown' is not assignable to type 'string'.
lib/services/gdpr-compliance-service.ts(949,5): error TS2322: Type 'unknown' is not assignable to type 'string'.
lib/services/gdpr-compliance-service.ts(997,3): error TS2322: Type '{ id: unknown; name: unknown; description: unknown; purpose: unknown; dataCategories: unknown; dataSubjects: unknown; legalBasis: unknown; legalBasisDetails: {} | undefined; recipients: {} | undefined; thirdPartyTransfers: {} | undefined; ... 8 more ...; updatedAt: unknown; }[]' is not assignable to type 'DataProcessingActivity[]'.
  Type '{ id: unknown; name: unknown; description: unknown; purpose: unknown; dataCategories: unknown; dataSubjects: unknown; legalBasis: unknown; legalBasisDetails: {} | undefined; recipients: {} | undefined; thirdPartyTransfers: {} | undefined; ... 8 more ...; updatedAt: unknown; }' is not assignable to type 'DataProcessingActivity'.
    Types of property 'id' are incompatible.
      Type 'unknown' is not assignable to type 'string'.
lib/services/gdpr-compliance-service.ts(1175,5): error TS2322: Type 'unknown' is not assignable to type 'string'.
lib/services/gdpr-compliance-service.ts(1177,5): error TS2322: Type 'unknown' is not assignable to type 'string'.
lib/services/gdpr-compliance-service.ts(1179,5): error TS2322: Type 'unknown' is not assignable to type 'string'.
lib/services/gdpr-compliance-service.ts(1185,5): error TS2322: Type 'unknown' is not assignable to type 'boolean'.
lib/services/gdpr-compliance-service.ts(1193,5): error TS2322: Type 'unknown' is not assignable to type 'string'.
lib/services/gdpr-compliance-service.ts(1194,5): error TS2322: Type 'unknown' is not assignable to type 'boolean'.
lib/services/gdpr-compliance-service.ts(1196,5): error TS2322: Type 'unknown' is not assignable to type 'string'.
lib/services/gdpr-compliance-service.ts(1197,5): error TS2322: Type 'unknown' is not assignable to type 'string'.
lib/services/gdpr-compliance-service.ts(1206,5): error TS2322: Type 'unknown' is not assignable to type 'string'.
lib/services/gdpr-compliance-service.ts(1207,5): error TS2322: Type 'unknown' is not assignable to type 'string'.
lib/services/gdpr-compliance-service.ts(1208,5): error TS2322: Type 'unknown' is not assignable to type 'string'.
lib/services/gdpr-compliance-service.ts(1210,5): error TS2322: Type 'unknown' is not assignable to type 'string'.
lib/services/gdpr-compliance-service.ts(1215,5): error TS2322: Type 'unknown' is not assignable to type 'string'.
lib/services/gdpr-compliance-service.ts(1218,5): error TS2322: Type 'unknown' is not assignable to type 'boolean'.
lib/services/gdpr-compliance-service.ts(1225,5): error TS2322: Type 'unknown' is not assignable to type 'boolean'.
lib/services/gdpr-compliance-service.ts(1227,5): error TS2322: Type 'unknown' is not assignable to type 'string'.
lib/services/gdpr-compliance-service.ts(1228,5): error TS2322: Type 'unknown' is not assignable to type 'string'.
lib/services/gdpr-compliance-service.ts(1256,5): error TS18046: 'exportData.data' is of type 'unknown'.
lib/services/gdpr-compliance-service.ts(1266,5): error TS18046: 'exportData.data' is of type 'unknown'.
lib/services/gdpr-compliance-service.ts(1276,5): error TS18046: 'exportData.data' is of type 'unknown'.
lib/services/gdpr-compliance-service.ts(1286,5): error TS18046: 'exportData.data' is of type 'unknown'.
lib/services/grid-status-api-service.ts(505,5): error TS2322: Type 'unknown' is not assignable to type 'string'.
lib/services/grid-status-api-service.ts(506,5): error TS2322: Type 'unknown' is not assignable to type 'GridStatusType'.
lib/services/grid-status-api-service.ts(507,5): error TS2322: Type 'unknown' is not assignable to type 'number'.
lib/services/grid-status-api-service.ts(508,5): error TS2322: Type 'unknown' is not assignable to type 'string'.
lib/services/grid-status-api-service.ts(510,7): error TS2322: Type 'unknown' is not assignable to type 'string'.
lib/services/grid-status-api-service.ts(511,7): error TS2322: Type 'unknown' is not assignable to type 'string'.
lib/services/grid-status-api-service.ts(512,7): error TS2322: Type 'unknown' is not assignable to type 'RegionType'.
lib/services/grid-status-api-service.ts(513,7): error TS2322: Type 'unknown' is not assignable to type '{ latitude: number; longitude: number; } | undefined'.
lib/services/grid-status-api-service.ts(516,7): error TS2322: Type 'unknown' is not assignable to type 'number'.
lib/services/grid-status-api-service.ts(517,7): error TS2322: Type 'unknown' is not assignable to type 'number'.
lib/services/grid-status-api-service.ts(518,7): error TS2322: Type 'unknown' is not assignable to type 'number'.
lib/services/grid-status-api-service.ts(519,7): error TS2322: Type 'unknown' is not assignable to type 'number'.
lib/services/grid-status-api-service.ts(520,7): error TS2322: Type 'unknown' is not assignable to type 'number'.
lib/services/grid-status-api-service.ts(521,7): error TS2322: Type 'unknown' is not assignable to type 'number'.
lib/services/grid-status-api-service.ts(523,5): error TS2322: Type 'unknown' is not assignable to type 'string'.
lib/services/grid-status-api-service.ts(524,5): error TS2322: Type 'unknown' is not assignable to type 'string | undefined'.
lib/services/grid-status-api-service.ts(525,5): error TS2322: Type 'unknown' is not assignable to type 'string | undefined'.
lib/services/grid-status-api-service.ts(585,5): error TS2322: Type 'unknown' is not assignable to type 'string'.
lib/services/grid-status-api-service.ts(586,5): error TS2322: Type 'unknown' is not assignable to type 'GridStatusType'.
lib/services/grid-status-api-service.ts(587,5): error TS2322: Type 'unknown' is not assignable to type 'number'.
lib/services/grid-status-api-service.ts(588,5): error TS2322: Type 'unknown' is not assignable to type 'string'.
lib/services/grid-status-api-service.ts(590,7): error TS2322: Type 'unknown' is not assignable to type 'string'.
lib/services/grid-status-api-service.ts(591,7): error TS2322: Type 'unknown' is not assignable to type 'string'.
lib/services/grid-status-api-service.ts(592,7): error TS2322: Type 'unknown' is not assignable to type 'RegionType'.
lib/services/grid-status-api-service.ts(593,7): error TS2322: Type 'unknown' is not assignable to type '{ latitude: number; longitude: number; } | undefined'.
lib/services/grid-status-api-service.ts(596,7): error TS2322: Type 'unknown' is not assignable to type 'number'.
lib/services/grid-status-api-service.ts(597,7): error TS2322: Type 'unknown' is not assignable to type 'number'.
lib/services/grid-status-api-service.ts(598,7): error TS2322: Type 'unknown' is not assignable to type 'number'.
lib/services/grid-status-api-service.ts(599,7): error TS2322: Type 'unknown' is not assignable to type 'number'.
lib/services/grid-status-api-service.ts(600,7): error TS2322: Type 'unknown' is not assignable to type 'number'.
lib/services/grid-status-api-service.ts(601,7): error TS2322: Type 'unknown' is not assignable to type 'number'.
lib/services/grid-status-api-service.ts(603,5): error TS2322: Type 'unknown' is not assignable to type 'string'.
lib/services/grid-status-api-service.ts(604,5): error TS2322: Type 'unknown' is not assignable to type 'string | undefined'.
lib/services/grid-status-api-service.ts(605,5): error TS2322: Type 'unknown' is not assignable to type 'string | undefined'.
lib/services/grid-status-api-service.ts(787,5): error TS2322: Type 'unknown' is not assignable to type 'string'.
lib/services/grid-status-api-service.ts(789,7): error TS2322: Type '{}' is not assignable to type 'number'.
lib/services/grid-status-api-service.ts(790,7): error TS2322: Type '{}' is not assignable to type 'number'.
lib/services/grid-status-api-service.ts(791,7): error TS2322: Type '{}' is not assignable to type 'number'.
lib/services/grid-status-api-service.ts(792,7): error TS2322: Type '{}' is not assignable to type 'number'.
lib/services/grid-status-api-service.ts(793,7): error TS2322: Type '{}' is not assignable to type 'number'.
lib/services/grid-status-api-service.ts(794,7): error TS2322: Type '{}' is not assignable to type 'number'.
lib/services/grid-status-api-service.ts(795,7): error TS2322: Type '{}' is not assignable to type 'number'.
lib/services/grid-status-api-service.ts(796,7): error TS2322: Type '{}' is not assignable to type 'number'.
lib/services/grid-status-api-service.ts(797,7): error TS2322: Type '{}' is not assignable to type 'number'.
lib/services/grid-status-api-service.ts(799,5): error TS2322: Type '{}' is not assignable to type 'number'.
lib/services/grid-status-api-service.ts(800,5): error TS2322: Type '{}' is not assignable to type 'number'.
lib/services/grid-status-api-service.ts(801,5): error TS2322: Type '{}' is not assignable to type 'number'.
lib/services/grid-status-api-service.ts(802,5): error TS2322: Type '{}' is not assignable to type 'number'.
lib/services/grid-status-api-service.ts(803,5): error TS2322: Type '{}' is not assignable to type 'number'.
lib/services/grid-status-api-service.ts(804,5): error TS2322: Type '{}' is not assignable to type 'number'.
lib/services/grid-status-api-service.ts(805,5): error TS2322: Type '{}' is not assignable to type 'number'.
lib/services/grid-status-api-service.ts(806,5): error TS2322: Type '{}' is not assignable to type 'number'.
lib/services/grid-status-api-service.ts(833,5): error TS2322: Type 'unknown' is not assignable to type 'string'.
lib/services/grid-status-api-service.ts(834,5): error TS2322: Type '{}' is not assignable to type 'number'.
lib/services/grid-status-api-service.ts(835,5): error TS2322: Type '{} | undefined' is not assignable to type 'number | undefined'.
  Type '{}' is not assignable to type 'number'.
lib/services/grid-status-api-service.ts(836,5): error TS2322: Type '{}' is not assignable to type 'number'.
lib/services/grid-status-api-service.ts(837,5): error TS2322: Type '{}' is not assignable to type 'number'.
lib/services/grid-status-api-service.ts(838,5): error TS2322: Type '{}' is not assignable to type 'number'.
lib/services/grid-status-api-service.ts(839,5): error TS2322: Type '{}' is not assignable to type 'number'.
lib/services/grid-status-api-service.ts(840,5): error TS2322: Type '{}' is not assignable to type 'number'.
lib/services/grid-status-api-service.ts(841,5): error TS2322: Type '{}' is not assignable to type 'number'.
lib/services/grid-status-api-service.ts(922,5): error TS2322: Type 'unknown' is not assignable to type 'string'.
lib/services/grid-status-api-service.ts(923,5): error TS2322: Type 'unknown' is not assignable to type '"emergency" | "mandatory" | "voluntary"'.
lib/services/grid-status-api-service.ts(924,5): error TS2322: Type 'unknown' is not assignable to type '"pending" | "completed" | "cancelled" | "active"'.
lib/services/grid-status-api-service.ts(925,5): error TS2322: Type 'unknown' is not assignable to type 'number'.
lib/services/grid-status-api-service.ts(926,5): error TS2322: Type 'unknown' is not assignable to type 'string'.
lib/services/grid-status-api-service.ts(927,5): error TS2322: Type 'unknown' is not assignable to type 'number'.
lib/services/grid-status-api-service.ts(928,5): error TS2322: Type 'unknown' is not assignable to type 'string'.
lib/services/grid-status-api-service.ts(929,5): error TS2322: Type 'unknown' is not assignable to type 'string'.
lib/services/grid-status-api-service.ts(930,5): error TS2322: Type 'unknown' is not assignable to type 'string[] | undefined'.
lib/services/grid-status-api-service.ts(931,5): error TS2322: Type 'unknown' is not assignable to type 'string'.
lib/services/grid-status-api-service.ts(932,5): error TS2322: Type 'unknown' is not assignable to type 'string'.
lib/services/grid-status-api-service.ts(954,3): error TS2322: Type '{ id: unknown; type: unknown; status: unknown; level: unknown; message: unknown; targetReductionPercent: unknown; actualReductionPercent: unknown; startAt: unknown; endAt: unknown; nextUpdate: unknown; expectedSavingsMW: unknown; actualSavingsMW: unknown; affectedAreas: unknown; createdAt: unknown; updatedAt: unknow...' is not assignable to type 'ConservationRequest[]'.
  Type '{ id: unknown; type: unknown; status: unknown; level: unknown; message: unknown; targetReductionPercent: unknown; actualReductionPercent: unknown; startAt: unknown; endAt: unknown; nextUpdate: unknown; expectedSavingsMW: unknown; actualSavingsMW: unknown; affectedAreas: unknown; createdAt: unknown; updatedAt: unknow...' is not assignable to type 'ConservationRequest'.
    Types of property 'id' are incompatible.
      Type 'unknown' is not assignable to type 'string'.
lib/services/grid-status-api-service.ts(990,3): error TS2322: Type '{ id: unknown; type: unknown; severity: unknown; description: unknown; forecast: unknown; expectedStart: unknown; expectedEnd: unknown; expectedImpactMW: unknown; estimatedCustomersAffected: unknown; potentialOutageDuration: unknown; actionsTaken: unknown; recommendations: unknown; createdAt: unknown; updatedAt: unk...' is not assignable to type 'WeatherImpact[]'.
  Type '{ id: unknown; type: unknown; severity: unknown; description: unknown; forecast: unknown; expectedStart: unknown; expectedEnd: unknown; expectedImpactMW: unknown; estimatedCustomersAffected: unknown; potentialOutageDuration: unknown; actionsTaken: unknown; recommendations: unknown; createdAt: unknown; updatedAt: unk...' is not assignable to type 'WeatherImpact'.
    Types of property 'id' are incompatible.
      Type 'unknown' is not assignable to type 'string'.
lib/services/grid-status-api-service.ts(1018,3): error TS2300: Duplicate identifier 'saidi'.
lib/services/grid-status-api-service.ts(1019,3): error TS2300: Duplicate identifier 'saidi'.
lib/services/grid-status-api-service.ts(1043,5): error TS2365: Operator '+=' cannot be applied to types 'number' and '{}'.
lib/services/grid-status-api-service.ts(1046,17): error TS2538: Type '{}' cannot be used as an index type.
lib/services/grid-status-api-service.ts(1046,39): error TS2538: Type '{}' cannot be used as an index type.
lib/services/grid-status-api-service.ts(1049,30): error TS2769: No overload matches this call.
  Overload 1 of 4, '(value: string | number | Date): Date', gave the following error.
    Argument of type '{}' is not assignable to parameter of type 'string | number | Date'.
  Overload 2 of 4, '(value: string | number): Date', gave the following error.
    Argument of type '{}' is not assignable to parameter of type 'string | number'.
lib/services/grid-status-api-service.ts(1050,28): error TS2769: No overload matches this call.
  Overload 1 of 4, '(value: string | number | Date): Date', gave the following error.
    Argument of type '{}' is not assignable to parameter of type 'string | number | Date'.
  Overload 2 of 4, '(value: string | number): Date', gave the following error.
    Argument of type '{}' is not assignable to parameter of type 'string | number'.
lib/services/grid-status-api-service.ts(1056,27): error TS2769: No overload matches this call.
  Overload 1 of 4, '(value: string | number | Date): Date', gave the following error.
    Argument of type 'unknown' is not assignable to parameter of type 'string | number | Date'.
  Overload 2 of 4, '(value: string | number): Date', gave the following error.
    Argument of type 'unknown' is not assignable to parameter of type 'string | number'.
lib/services/grid-status-api-service.ts(1065,9): error TS2451: Cannot redeclare block-scoped variable 'saidi'.
lib/services/grid-status-api-service.ts(1069,9): error TS2451: Cannot redeclare block-scoped variable 'saidi'.
lib/services/grid-status-api-service.ts(1088,5): error TS1117: An object literal cannot have multiple properties with the same name.
lib/services/grid-status-api-service.ts(1147,5): error TS2322: Type 'unknown' is not assignable to type 'string'.
lib/services/grid-status-api-service.ts(1148,5): error TS2322: Type 'unknown' is not assignable to type 'string'.
lib/services/grid-status-api-service.ts(1149,5): error TS2322: Type 'unknown' is not assignable to type 'string'.
lib/services/grid-status-api-service.ts(1153,7): error TS2322: Type 'unknown' is not assignable to type 'number'.
lib/services/grid-status-api-service.ts(1154,7): error TS2322: Type 'unknown' is not assignable to type 'number'.
lib/services/grid-status-api-service.ts(1158,5): error TS2322: Type '{ value: {}; unit: {}; } | undefined' is not assignable to type '{ value: number; unit: string; } | undefined'.
  Type '{ value: {}; unit: {}; }' is not assignable to type '{ value: number; unit: string; }'.
    Types of property 'value' are incompatible.
      Type '{}' is not assignable to type 'number'.
lib/services/grid-status-api-service.ts(1162,5): error TS2322: Type '{ value: {}; unit: {}; percentOfCapacity: {}; } | undefined' is not assignable to type '{ value: number; unit: string; percentOfCapacity: number; } | undefined'.
  Type '{ value: {}; unit: {}; percentOfCapacity: {}; }' is not assignable to type '{ value: number; unit: string; percentOfCapacity: number; }'.
    Types of property 'value' are incompatible.
      Type '{}' is not assignable to type 'number'.
lib/services/grid-status-api-service.ts(1170,5): error TS2322: Type '{ startAt: {}; endAt: {}; description: string | undefined; } | undefined' is not assignable to type '{ startAt: string; endAt: string; description?: string | undefined; } | undefined'.
  Type '{ startAt: {}; endAt: {}; description: string | undefined; }' is not assignable to type '{ startAt: string; endAt: string; description?: string | undefined; }'.
    Types of property 'startAt' are incompatible.
      Type '{}' is not assignable to type 'string'.
lib/services/grid-status-api-service.ts(1175,5): error TS2322: Type 'unknown' is not assignable to type 'string'.
lib/services/grid-status-api-service.ts(1176,5): error TS2322: Type 'unknown' is not assignable to type 'string'.
lib/services/grid-status-api-service.ts(1185,5): error TS2322: Type 'unknown' is not assignable to type 'string'.
lib/services/grid-status-api-service.ts(1186,5): error TS2322: Type 'unknown' is not assignable to type 'string'.
lib/services/grid-status-api-service.ts(1188,5): error TS2322: Type '{}' is not assignable to type 'string'.
lib/services/grid-status-api-service.ts(1190,5): error TS2322: Type 'unknown' is not assignable to type '{ latitude: number; longitude: number; radius: number; description?: string | undefined; }'.
lib/services/grid-status-api-service.ts(1191,5): error TS2322: Type '{}' is not assignable to type 'number'.
lib/services/grid-status-api-service.ts(1193,5): error TS2322: Type 'unknown' is not assignable to type 'string'.
lib/services/grid-status-api-service.ts(1194,5): error TS2322: Type 'unknown' is not assignable to type 'string'.
lib/services/grid-status-api-service.ts(1197,5): error TS2322: Type '{ crewId: {}; crewName: {}; estimatedArrival: string | undefined; } | undefined' is not assignable to type '{ crewId: string; crewName: string; estimatedArrival?: string | undefined; } | undefined'.
  Type '{ crewId: {}; crewName: {}; estimatedArrival: string | undefined; }' is not assignable to type '{ crewId: string; crewName: string; estimatedArrival?: string | undefined; }'.
    Types of property 'crewId' are incompatible.
      Type '{}' is not assignable to type 'string'.
lib/services/grid-status-api-service.ts(1202,5): error TS2322: Type 'unknown' is not assignable to type '{ timestamp: string; message: string; action?: string | undefined; }[] | undefined'.
lib/services/grid-status-api-service.ts(1203,5): error TS2322: Type 'unknown' is not assignable to type 'string'.
lib/services/grid-status-api-service.ts(1204,5): error TS2322: Type 'unknown' is not assignable to type 'string'.
lib/services/grid-status-api-service.ts(1213,5): error TS2322: Type 'unknown' is not assignable to type 'string'.
lib/services/grid-status-api-service.ts(1214,5): error TS2322: Type 'unknown' is not assignable to type 'string'.
lib/services/grid-status-api-service.ts(1217,5): error TS2322: Type 'unknown' is not assignable to type 'string'.
lib/services/grid-status-api-service.ts(1218,5): error TS2322: Type 'unknown' is not assignable to type 'string'.
lib/services/grid-status-api-service.ts(1219,5): error TS2322: Type 'unknown' is not assignable to type 'string'.
lib/services/grid-status-api-service.ts(1223,5): error TS2322: Type 'unknown' is not assignable to type 'string[] | undefined'.
lib/services/grid-status-api-service.ts(1224,5): error TS2322: Type 'unknown' is not assignable to type '{ id: string; name: string; }[] | undefined'.
lib/services/grid-status-api-service.ts(1225,5): error TS2322: Type 'unknown' is not assignable to type '{ title: string; url: string; }[] | undefined'.
lib/services/grid-status-api-service.ts(1226,5): error TS2322: Type 'unknown' is not assignable to type 'string'.
lib/services/healthcare/healthcare-facility-service.ts(562,3): error TS2322: Type '{ [x: string]: unknown; } | null' is not assignable to type 'Facility | null'.
  Type '{ [x: string]: unknown; }' is missing the following properties from type 'Facility': id, facility_id, name, type, and 9 more.
lib/services/healthcare/healthcare-facility-service.ts(589,3): error TS2322: Type '{ [x: string]: unknown; }[]' is not assignable to type 'Facility[]'.
  Type '{ [x: string]: unknown; }' is missing the following properties from type 'Facility': id, facility_id, name, type, and 9 more.
lib/services/healthcare/healthcare-facility-service.ts(628,3): error TS2322: Type '{ [x: string]: unknown; }[]' is not assignable to type 'BedCapacity[]'.
  Type '{ [x: string]: unknown; }' is missing the following properties from type 'BedCapacity': id, capacity_id, facility_id, bed_type, and 6 more.
lib/services/healthcare/healthcare-facility-service.ts(698,47): error TS2339: Property 'status' does not exist on type 'SelectQueryError<"could not find the relation between bed_capacity and facilities">'.
lib/services/healthcare/healthcare-facility-service.ts(700,7): error TS2698: Spread types may only be created from object types.
lib/services/healthcare/healthcare-facility-service.ts(719,3): error TS2322: Type '{ [x: string]: unknown; }[]' is not assignable to type 'ResourceInventory[]'.
  Type '{ [x: string]: unknown; }' is missing the following properties from type 'ResourceInventory': id, inventory_id, facility_id, resource_type, and 6 more.
lib/services/healthcare/healthcare-facility-service.ts(764,32): error TS2339: Property 'status' does not exist on type 'SelectQueryError<"could not find the relation between resource_inventory and facilities">'.
lib/services/healthcare/healthcare-facility-service.ts(766,7): error TS2698: Spread types may only be created from object types.
lib/services/healthcare/healthcare-facility-service.ts(798,3): error TS2740: Type '{ [x: string]: unknown; }' is missing the following properties from type 'TransferRequest': id, transfer_id, patient_id, origin_facility_id, and 14 more.
lib/services/healthcare/healthcare-facility-service.ts(831,22): error TS2345: Argument of type 'unknown' is not assignable to parameter of type 'string'.
lib/services/healthcare/healthcare-facility-service.ts(892,24): error TS2345: Argument of type 'unknown' is not assignable to parameter of type 'string'.
lib/services/healthcare/healthcare-facility-service.ts(920,3): error TS2322: Type '{ [x: string]: unknown; }[]' is not assignable to type 'TransferRequest[]'.
  Type '{ [x: string]: unknown; }' is missing the following properties from type 'TransferRequest': id, transfer_id, patient_id, origin_facility_id, and 14 more.
lib/services/healthcare/healthcare-facility-service.ts(975,3): error TS2322: Type '{ [x: string]: unknown; }[]' is not assignable to type 'TransportUnit[]'.
  Type '{ [x: string]: unknown; }' is missing the following properties from type 'TransportUnit': id, unit_id, facility_id, unit_type, and 5 more.
lib/services/healthcare/healthcare-facility-service.ts(1043,3): error TS2740: Type '{ [x: string]: unknown; }' is missing the following properties from type 'CoordinationRequest': id, request_id, requesting_agency, request_type, and 4 more.
lib/services/healthcare/healthcare-facility-service.ts(1062,15): error TS18048: 'response' is possibly 'undefined'.
lib/services/healthcare/healthcare-facility-service.ts(1089,3): error TS2740: Type '{ [x: string]: unknown; }' is missing the following properties from type 'FacilityMetrics': facility_id, period, avg_occupancy_rate, peak_occupancy_rate, and 13 more.
lib/services/healthcare/healthcare-facility-service.ts(1128,3): error TS2322: Type '{ [x: string]: unknown; }[]' is not assignable to type 'Staff[]'.
  Type '{ [x: string]: unknown; }' is missing the following properties from type 'Staff': id, staff_id, facility_id, name, and 3 more.
lib/services/healthcare/healthcare-facility-service.ts(1179,3): error TS2322: Type '{ [x: string]: unknown; }[]' is not assignable to type 'AlertThreshold[]'.
  Type '{ [x: string]: unknown; }' is missing the following properties from type 'AlertThreshold': id, threshold_id, facility_id, metric, and 4 more.
lib/services/healthcare/healthcare-facility-service.ts(1264,17): error TS18046: 'acc.total_beds' is of type 'unknown'.
lib/services/healthcare/healthcare-facility-service.ts(1264,34): error TS18046: 'c.total_beds' is of type 'unknown'.
lib/services/healthcare/healthcare-facility-service.ts(1265,20): error TS18046: 'acc.occupied_beds' is of type 'unknown'.
lib/services/healthcare/healthcare-facility-service.ts(1265,40): error TS18046: 'c.occupied_beds' is of type 'unknown'.
lib/services/healthcare/healthcare-facility-service.ts(1266,21): error TS18046: 'acc.available_beds' is of type 'unknown'.
lib/services/healthcare/healthcare-facility-service.ts(1266,42): error TS18046: 'c.available_beds' is of type 'unknown'.
lib/services/healthcare/healthcare-facility-service.ts(1269,3): error TS2322: Type '{ facilities_operational: number; facilities_limited: number; facilities_overwhelmed: number; total_beds: unknown; occupied_beds: unknown; available_beds: unknown; }' is not assignable to type '{ total_beds: number; occupied_beds: number; available_beds: number; facilities_operational: number; facilities_limited: number; facilities_overwhelmed: number; }'.
  Types of property 'total_beds' are incompatible.
    Type 'unknown' is not assignable to type 'number'.
lib/services/hospital-bed-availability-service.ts(391,24): error TS2769: No overload matches this call.
  Overload 1 of 2, '(values: readonly [string, ...string[]], params?: RawCreateParams): ZodEnum<[string, ...string[]]>', gave the following error.
    Type 'number' is not assignable to type 'string'.
  Overload 2 of 2, '(values: [string, ...string[]], params?: RawCreateParams): ZodEnum<[string, ...string[]]>', gave the following error.
    Type 'number' is not assignable to type 'string'.
lib/services/hospital-bed-availability-service.ts(456,32): error TS2769: No overload matches this call.
  Overload 1 of 2, '(values: readonly [string, ...string[]], params?: RawCreateParams): ZodEnum<[string, ...string[]]>', gave the following error.
    Type 'number' is not assignable to type 'string'.
  Overload 2 of 2, '(values: [string, ...string[]], params?: RawCreateParams): ZodEnum<[string, ...string[]]>', gave the following error.
    Type 'number' is not assignable to type 'string'.
lib/services/hospital-bed-availability-service.ts(902,3): error TS2322: Type '{ availableBeds: unknown; id: string; name: string; shortName?: string | undefined; location: { latitude: number; longitude: number; address: string; city: string; state: string; zipCode: string; country: string; }; ... 12 more ...; updatedAt: string; }[]' is not assignable to type '(Hospital & { availableBeds: number; distance?: number | undefined; })[]'.
  Type '{ availableBeds: unknown; id: string; name: string; shortName?: string; location: { latitude: number; longitude: number; address: string; city: string; state: string; zipCode: string; country: string; }; ... 12 more ...; updatedAt: string; }' is not assignable to type 'Hospital & { availableBeds: number; distance?: number | undefined; }'.
    Type '{ availableBeds: unknown; id: string; name: string; shortName?: string; location: { latitude: number; longitude: number; address: string; city: string; state: string; zipCode: string; country: string; }; ... 12 more ...; updatedAt: string; }' is not assignable to type '{ availableBeds: number; distance?: number | undefined; }'.
      Types of property 'availableBeds' are incompatible.
        Type 'unknown' is not assignable to type 'number'.
lib/services/hospital-bed-availability-service.ts(903,26): error TS2345: Argument of type 'SelectQueryError<"could not find the relation between bed_availability and hospitals">' is not assignable to parameter of type 'Record<string, unknown>'.
  Index signature for type 'string' is missing in type '{ error: true; } & String'.
lib/services/hospital-bed-availability-service.ts(1219,29): error TS2339: Property 'totalBeds' does not exist on type '{}'.
lib/services/hospital-bed-availability-service.ts(1229,19): error TS2538: Type 'unknown' cannot be used as an index type.
lib/services/hospital-bed-availability-service.ts(1230,17): error TS2538: Type 'unknown' cannot be used as an index type.
lib/services/hospital-bed-availability-service.ts(1231,17): error TS2538: Type 'unknown' cannot be used as an index type.
lib/services/hospital-bed-availability-service.ts(1233,17): error TS2538: Type 'unknown' cannot be used as an index type.
lib/services/hospital-bed-availability-service.ts(1238,22): error TS18046: 'avail.available' is of type 'unknown'.
lib/services/hospital-bed-availability-service.ts(1249,5): error TS2322: Type '{}' is not assignable to type 'string'.
lib/services/hospital-bed-availability-service.ts(1326,30): error TS18046: 'avail.total' is of type 'unknown'.
lib/services/hospital-bed-availability-service.ts(1327,34): error TS18046: 'avail.available' is of type 'unknown'.
lib/services/hospital-bed-availability-service.ts(1329,29): error TS18046: 'avail.total' is of type 'unknown'.
lib/services/hospital-bed-availability-service.ts(1331,34): error TS18046: 'avail.total' is of type 'unknown'.
lib/services/hospital-bed-availability-service.ts(1332,38): error TS18046: 'avail.available' is of type 'unknown'.
lib/services/hospital-bed-availability-service.ts(1437,5): error TS2322: Type 'unknown' is not assignable to type 'string'.
lib/services/hospital-bed-availability-service.ts(1438,5): error TS2322: Type 'unknown' is not assignable to type '{ total: number; available: number; }'.
lib/services/hospital-bed-availability-service.ts(1439,5): error TS2322: Type 'unknown' is not assignable to type '{ total: number; available: number; }'.
lib/services/hospital-bed-availability-service.ts(1440,5): error TS2322: Type 'unknown' is not assignable to type '{ total: number; available: number; }'.
lib/services/hospital-bed-availability-service.ts(1441,5): error TS2322: Type 'unknown' is not assignable to type '{ total: number; available: number; }'.
lib/services/hospital-bed-availability-service.ts(1442,5): error TS2322: Type 'unknown' is not assignable to type '"critical" | "unknown" | "adequate" | "reduced"'.
lib/services/hospital-bed-availability-service.ts(1443,5): error TS2322: Type 'unknown' is not assignable to type 'string[] | undefined'.
lib/services/hospital-bed-availability-service.ts(1444,5): error TS2322: Type 'unknown' is not assignable to type 'string'.
lib/services/hospital-bed-availability-service.ts(1470,5): error TS2322: Type 'unknown' is not assignable to type 'string'.
lib/services/hospital-bed-availability-service.ts(1471,5): error TS2322: Type 'unknown' is not assignable to type '{ total: number; available: number; }'.
lib/services/hospital-bed-availability-service.ts(1472,5): error TS2322: Type 'unknown' is not assignable to type '{ total: number; available: number; }'.
lib/services/hospital-bed-availability-service.ts(1473,5): error TS2322: Type 'unknown' is not assignable to type '{ total: number; available: number; }'.
lib/services/hospital-bed-availability-service.ts(1474,5): error TS2322: Type 'unknown' is not assignable to type '{ total: number; available: number; }'.
lib/services/hospital-bed-availability-service.ts(1475,5): error TS2322: Type 'unknown' is not assignable to type '"critical" | "unknown" | "adequate" | "reduced"'.
lib/services/hospital-bed-availability-service.ts(1476,5): error TS2322: Type 'unknown' is not assignable to type 'string[] | undefined'.
lib/services/hospital-bed-availability-service.ts(1477,5): error TS2322: Type 'unknown' is not assignable to type 'string'.
lib/services/hospital-bed-availability-service.ts(1509,5): error TS2322: Type 'unknown' is not assignable to type 'string'.
lib/services/hospital-bed-availability-service.ts(1510,5): error TS2322: Type 'unknown' is not assignable to type 'string'.
lib/services/hospital-bed-availability-service.ts(1511,5): error TS2322: Type 'unknown' is not assignable to type 'string | undefined'.
lib/services/hospital-bed-availability-service.ts(1512,5): error TS2322: Type 'unknown' is not assignable to type '{ latitude: number; longitude: number; address: string; city: string; state: string; zipCode: string; country: string; }'.
lib/services/hospital-bed-availability-service.ts(1513,5): error TS2322: Type 'unknown' is not assignable to type '{ phone: string; fax?: string | undefined; email?: string | undefined; website?: string | undefined; emergency?: string | undefined; }'.
lib/services/hospital-bed-availability-service.ts(1516,5): error TS2322: Type 'unknown' is not assignable to type '{ totalBeds: number; staffedBeds: number; licensedBeds: number; } | undefined'.
lib/services/hospital-bed-availability-service.ts(1517,5): error TS2740: Type '{}' is missing the following properties from type 'string[]': length, pop, push, concat, and 35 more.
lib/services/hospital-bed-availability-service.ts(1518,5): error TS2740: Type '{}' is missing the following properties from type 'string[]': length, pop, push, concat, and 35 more.
lib/services/hospital-bed-availability-service.ts(1520,5): error TS2322: Type 'unknown' is not assignable to type 'string | undefined'.
lib/services/hospital-bed-availability-service.ts(1521,5): error TS2322: Type 'unknown' is not assignable to type 'string | undefined'.
lib/services/hospital-bed-availability-service.ts(1522,5): error TS2322: Type 'unknown' is not assignable to type 'string | undefined'.
lib/services/hospital-bed-availability-service.ts(1523,5): error TS2322: Type 'unknown' is not assignable to type '{ powerStatus: "none" | "full" | "partial" | "generator"; waterStatus: "none" | "full" | "partial"; backupStatus: "unknown" | "standby" | "operational" | "depleted"; etr?: string | undefined; lastUpdate: string; } | undefined'.
lib/services/hospital-bed-availability-service.ts(1524,5): error TS2322: Type 'unknown' is not assignable to type 'string'.
lib/services/hospital-bed-availability-service.ts(1525,5): error TS2322: Type 'unknown' is not assignable to type 'string'.
lib/services/hospital-bed-availability-service.ts(1531,5): error TS2322: Type 'unknown' is not assignable to type 'string'.
lib/services/hospital-bed-availability-service.ts(1532,5): error TS2322: Type 'unknown' is not assignable to type 'string'.
lib/services/hospital-bed-availability-service.ts(1534,5): error TS2322: Type 'unknown' is not assignable to type 'number'.
lib/services/hospital-bed-availability-service.ts(1535,5): error TS2322: Type 'unknown' is not assignable to type 'number'.
lib/services/hospital-bed-availability-service.ts(1536,5): error TS2322: Type 'unknown' is not assignable to type 'number'.
lib/services/hospital-bed-availability-service.ts(1537,5): error TS2322: Type 'unknown' is not assignable to type 'number'.
lib/services/hospital-bed-availability-service.ts(1538,5): error TS2322: Type '{}' is not assignable to type 'number'.
lib/services/hospital-bed-availability-service.ts(1539,5): error TS2322: Type 'unknown' is not assignable to type 'number | undefined'.
lib/services/hospital-bed-availability-service.ts(1540,5): error TS2322: Type 'unknown' is not assignable to type 'string'.
lib/services/hospital-bed-availability-service.ts(1541,5): error TS2322: Type 'unknown' is not assignable to type 'string | undefined'.
lib/services/hospital-bed-availability-service.ts(1547,5): error TS2322: Type 'unknown' is not assignable to type 'string'.
lib/services/hospital-bed-availability-service.ts(1548,5): error TS2322: Type 'unknown' is not assignable to type 'string'.
lib/services/hospital-bed-availability-service.ts(1551,5): error TS2322: Type 'unknown' is not assignable to type 'string'.
lib/services/hospital-bed-availability-service.ts(1552,5): error TS2322: Type 'unknown' is not assignable to type 'HospitalBedType[] | undefined'.
lib/services/hospital-bed-availability-service.ts(1553,5): error TS2322: Type 'unknown' is not assignable to type 'string'.
lib/services/hospital-bed-availability-service.ts(1554,5): error TS2322: Type 'unknown' is not assignable to type 'string | undefined'.
lib/services/hospital-bed-availability-service.ts(1555,5): error TS2322: Type 'unknown' is not assignable to type 'string | undefined'.
lib/services/hospital-bed-availability-service.ts(1556,5): error TS2322: Type 'unknown' is not assignable to type 'string | undefined'.
lib/services/hospital-bed-availability-service.ts(1558,5): error TS2322: Type 'unknown' is not assignable to type '{ type: "alert" | "update" | "diversion" | "transfer"; description: string; timestamp: string; completed: boolean; }[] | undefined'.
lib/services/hospital-bed-availability-service.ts(1559,5): error TS2322: Type 'unknown' is not assignable to type 'string'.
lib/services/hospital-bed-availability-service.ts(1565,5): error TS2322: Type 'unknown' is not assignable to type 'string'.
lib/services/hospital-bed-availability-service.ts(1566,5): error TS2322: Type 'unknown' is not assignable to type 'string'.
lib/services/hospital-bed-availability-service.ts(1567,5): error TS2322: Type 'unknown' is not assignable to type '{ age?: number | undefined; gender?: string | undefined; weight?: number | undefined; condition?: string | undefined; notes?: string | undefined; }'.
lib/services/hospital-bed-availability-service.ts(1568,5): error TS2322: Type 'unknown' is not assignable to type '{ bedType: HospitalBedType; specialty?: string | undefined; distanceMax?: number | undefined; equipment?: string[] | undefined; isolationRequired?: boolean | undefined; }'.
lib/services/hospital-bed-availability-service.ts(1569,5): error TS2322: Type 'unknown' is not assignable to type 'string'.
lib/services/hospital-bed-availability-service.ts(1570,5): error TS2322: Type 'unknown' is not assignable to type 'string'.
lib/services/hospital-bed-availability-service.ts(1571,5): error TS2322: Type 'unknown' is not assignable to type '{ name?: string | undefined; phone?: string | undefined; } | undefined'.
lib/services/hospital-bed-availability-service.ts(1572,5): error TS2322: Type 'unknown' is not assignable to type 'string | undefined'.
lib/services/hospital-bed-availability-service.ts(1573,5): error TS2322: Type 'unknown' is not assignable to type 'string | undefined'.
lib/services/hospital-bed-availability-service.ts(1576,5): error TS2322: Type 'unknown' is not assignable to type 'string'.
lib/services/hospital-bed-availability-service.ts(1577,5): error TS2322: Type 'unknown' is not assignable to type 'string | undefined'.
lib/services/hospital-bed-availability-service.ts(1578,5): error TS2322: Type 'unknown' is not assignable to type '{ hospitalId: string; hospitalName: string; distance: number; bedAvailable: number; eta?: string | undefined; }[] | undefined'.
lib/services/hospital-bed-availability-service.ts(1579,5): error TS2322: Type 'unknown' is not assignable to type 'string'.
lib/services/hospital-bed-availability-service.ts(1580,5): error TS2322: Type 'unknown' is not assignable to type 'string'.
lib/services/hospital-restoration-tracking-service.ts(657,21): error TS2345: Argument of type 'unknown' is not assignable to parameter of type '{}'.
lib/services/hospital-restoration-tracking-service.ts(697,3): error TS2322: Type '{ id: unknown; hospitalId: unknown; phase: unknown; statusChange: unknown; description: unknown; resourceUpdates: unknown; capacityChange: unknown; staffingUpdate: unknown; nextAssessment: unknown; estimatedFullRestore: unknown; assessedBy: unknown; notes: unknown; createdAt: unknown; }[]' is not assignable to type 'RestorationUpdate[]'.
  Type '{ id: unknown; hospitalId: unknown; phase: unknown; statusChange: unknown; description: unknown; resourceUpdates: unknown; capacityChange: unknown; staffingUpdate: unknown; nextAssessment: unknown; estimatedFullRestore: unknown; assessedBy: unknown; notes: unknown; createdAt: unknown; }' is not assignable to type 'RestorationUpdate'.
    Types of property 'id' are incompatible.
      Type 'unknown' is not assignable to type 'string'.
lib/services/hospital-restoration-tracking-service.ts(905,17): error TS2345: Argument of type 'unknown' is not assignable to parameter of type '{}'.
lib/services/hospital-restoration-tracking-service.ts(1005,5): error TS2322: Type 'unknown' is not assignable to type 'string'.
lib/services/hospital-restoration-tracking-service.ts(1006,5): error TS2322: Type 'unknown' is not assignable to type 'string'.
lib/services/hospital-restoration-tracking-service.ts(1007,5): error TS2322: Type 'unknown' is not assignable to type 'string'.
lib/services/hospital-restoration-tracking-service.ts(1008,5): error TS2322: Type 'unknown' is not assignable to type 'number'.
lib/services/hospital-restoration-tracking-service.ts(1009,5): error TS2322: Type 'unknown' is not assignable to type 'number'.
lib/services/hospital-restoration-tracking-service.ts(1010,5): error TS2322: Type 'unknown' is not assignable to type 'string'.
lib/services/hospital-restoration-tracking-service.ts(1026,5): error TS2322: Type 'unknown' is not assignable to type 'string'.
lib/services/hospital-restoration-tracking-service.ts(1027,5): error TS2322: Type 'unknown' is not assignable to type 'string'.
lib/services/iot-device-service.ts(804,15): error TS2345: Argument of type 'unknown' is not assignable to parameter of type '{}'.
lib/services/iot-device-service.ts(843,5): error TS2322: Type 'unknown' is not assignable to type 'string'.
lib/services/iot-device-service.ts(844,5): error TS2322: Type 'unknown' is not assignable to type 'string'.
lib/services/iot-device-service.ts(845,5): error TS2322: Type 'unknown' is not assignable to type 'string'.
lib/services/iot-device-service.ts(846,5): error TS2322: Type '{} | undefined' is not assignable to type 'number | undefined'.
  Type '{}' is not assignable to type 'number'.
lib/services/iot-device-service.ts(847,5): error TS2322: Type '{} | undefined' is not assignable to type 'number | undefined'.
  Type '{}' is not assignable to type 'number'.
lib/services/iot-device-service.ts(848,5): error TS2322: Type '{} | undefined' is not assignable to type 'number | undefined'.
  Type '{}' is not assignable to type 'number'.
lib/services/iot-device-service.ts(849,5): error TS2322: Type '{} | undefined' is not assignable to type 'number | undefined'.
  Type '{}' is not assignable to type 'number'.
lib/services/iot-device-service.ts(850,5): error TS2322: Type '{} | undefined' is not assignable to type 'number | undefined'.
  Type '{}' is not assignable to type 'number'.
lib/services/iot-device-service.ts(851,5): error TS2322: Type '{} | undefined' is not assignable to type 'number | undefined'.
  Type '{}' is not assignable to type 'number'.
lib/services/iot-device-service.ts(852,5): error TS2322: Type '{} | undefined' is not assignable to type 'number | undefined'.
  Type '{}' is not assignable to type 'number'.
lib/services/iot-device-service.ts(853,5): error TS2322: Type '{} | undefined' is not assignable to type 'number | undefined'.
  Type '{}' is not assignable to type 'number'.
lib/services/iot-device-service.ts(854,5): error TS2322: Type 'unknown' is not assignable to type 'IoTDeviceStatus'.
lib/services/iot-device-service.ts(855,5): error TS2322: Type '{} | undefined' is not assignable to type 'Record<string, unknown> | undefined'.
  Type '{}' is not assignable to type 'Record<string, unknown>'.
    Index signature for type 'string' is missing in type '{}'.
lib/services/iot-device-service.ts(856,5): error TS2322: Type 'unknown' is not assignable to type 'string'.
lib/services/iot-device-service.ts(898,3): error TS2322: Type '{ id: unknown; deviceId: unknown; timestamp: unknown; powerWatts: {} | undefined; voltage: {} | undefined; current: {} | undefined; frequency: {} | undefined; powerFactor: {} | undefined; energykWh: {} | undefined; ... 4 more ...; createdAt: unknown; }[]' is not assignable to type 'IoTTelemetry[]'.
  Type '{ id: unknown; deviceId: unknown; timestamp: unknown; powerWatts: {} | undefined; voltage: {} | undefined; current: {} | undefined; frequency: {} | undefined; powerFactor: {} | undefined; energykWh: {} | undefined; ... 4 more ...; createdAt: unknown; }' is not assignable to type 'IoTTelemetry'.
    Types of property 'id' are incompatible.
      Type 'unknown' is not assignable to type 'string'.
lib/services/iot-device-service.ts(1129,9): error TS2365: Operator '+=' cannot be applied to types 'number' and '{}'.
lib/services/iot-device-service.ts(1133,28): error TS2365: Operator '>' cannot be applied to types '{}' and 'number'.
lib/services/iot-device-service.ts(1134,9): error TS2322: Type '{}' is not assignable to type 'number'.
lib/services/iot-device-service.ts(1158,30): error TS2769: No overload matches this call.
  Overload 1 of 4, '(value: string | number | Date): Date', gave the following error.
    Argument of type 'unknown' is not assignable to parameter of type 'string | number | Date'.
  Overload 2 of 4, '(value: string | number): Date', gave the following error.
    Argument of type 'unknown' is not assignable to parameter of type 'string | number'.
lib/services/iot-device-service.ts(1159,48): error TS2769: No overload matches this call.
  Overload 1 of 4, '(value: string | number | Date): Date', gave the following error.
    Argument of type '{}' is not assignable to parameter of type 'string | number | Date'.
  Overload 2 of 4, '(value: string | number): Date', gave the following error.
    Argument of type '{}' is not assignable to parameter of type 'string | number'.
lib/services/iot-device-service.ts(1257,5): error TS2322: Type 'unknown' is not assignable to type 'string'.
lib/services/iot-device-service.ts(1258,5): error TS2322: Type 'unknown' is not assignable to type 'string'.
lib/services/iot-device-service.ts(1261,5): error TS2322: Type 'unknown' is not assignable to type 'string'.
lib/services/iot-device-service.ts(1279,5): error TS2322: Type 'unknown' is not assignable to type 'string'.
lib/services/iot-device-service.ts(1280,5): error TS2322: Type 'unknown' is not assignable to type 'string'.
lib/services/iot-device-service.ts(1289,5): error TS2322: Type 'unknown' is not assignable to type 'string'.
lib/services/iot-device-service.ts(1292,5): error TS2322: Type 'unknown' is not assignable to type 'string'.
lib/services/iot-device-service.ts(1294,5): error TS2322: Type 'unknown' is not assignable to type 'boolean'.
lib/services/iot-device-service.ts(1299,5): error TS2322: Type 'unknown' is not assignable to type 'number'.
lib/services/iot-device-service.ts(1300,5): error TS2322: Type 'unknown' is not assignable to type 'string'.
lib/services/iot-device-service.ts(1301,5): error TS2322: Type 'unknown' is not assignable to type 'string'.
lib/services/iot-device-service.ts(1310,5): error TS2322: Type 'unknown' is not assignable to type 'string'.
lib/services/iot-device-service.ts(1313,5): error TS2322: Type 'unknown' is not assignable to type 'string'.
lib/services/iot-device-service.ts(1319,5): error TS2322: Type 'unknown' is not assignable to type 'string'.
lib/services/iot-device-service.ts(1320,5): error TS2322: Type 'unknown' is not assignable to type 'string'.
lib/services/language-detection-service.ts(228,33): error TS2345: Argument of type '{ userId: string; detectedLanguage: SupportedLanguage; confidence: number; contentType: "text" | "voice" | "browser"; content: string; }' is not assignable to parameter of type 'Omit<UserLanguageHistory, "id">'.
  Property 'timestamp' is missing in type '{ userId: string; detectedLanguage: SupportedLanguage; confidence: number; contentType: "text" | "voice" | "browser"; content: string; }' but required in type 'Omit<UserLanguageHistory, "id">'.
lib/services/language-detection-service.ts(290,5): error TS2322: Type 'unknown' is not assignable to type 'string'.
lib/services/language-detection-service.ts(293,5): error TS2322: Type 'unknown' is not assignable to type 'boolean'.
lib/services/language-detection-service.ts(294,5): error TS2322: Type 'unknown' is not assignable to type 'string'.
lib/services/language-detection-service.ts(387,3): error TS2322: Type '{ id: unknown; userId: unknown; detectedLanguage: SupportedLanguage; confidence: unknown; contentType: unknown; content: unknown; timestamp: unknown; }[]' is not assignable to type 'UserLanguageHistory[]'.
  Type '{ id: unknown; userId: unknown; detectedLanguage: SupportedLanguage; confidence: unknown; contentType: unknown; content: unknown; timestamp: unknown; }' is not assignable to type 'UserLanguageHistory'.
    Types of property 'id' are incompatible.
      Type 'unknown' is not assignable to type 'string'.
lib/services/language-detection-service.ts(554,41): error TS2322: Type '"ro"' is not assignable to type 'SupportedLanguage'.
lib/services/language-detection-service.ts(555,36): error TS2322: Type '"sv"' is not assignable to type 'SupportedLanguage'.
lib/services/language-detection-service.ts(555,42): error TS2322: Type '"da"' is not assignable to type 'SupportedLanguage'.
lib/services/language-detection-service.ts(555,48): error TS2322: Type '"no"' is not assignable to type 'SupportedLanguage'.
lib/services/language-detection-service.ts(556,28): error TS2322: Type '"cs"' is not assignable to type 'SupportedLanguage'.
lib/services/language-detection-service.ts(556,34): error TS2322: Type '"uk"' is not assignable to type 'SupportedLanguage'.
lib/services/language-detection-service.ts(556,40): error TS2322: Type '"bg"' is not assignable to type 'SupportedLanguage'.
lib/services/language-detection-service.ts(557,37): error TS2322: Type '"vi"' is not assignable to type 'SupportedLanguage'.
lib/services/location-service.ts(189,55): error TS2769: No overload matches this call.
  Overload 1 of 4, '(value: string | number | Date): Date', gave the following error.
    Argument of type 'unknown' is not assignable to parameter of type 'string | number | Date'.
  Overload 2 of 4, '(value: string | number): Date', gave the following error.
    Argument of type 'unknown' is not assignable to parameter of type 'string | number'.
lib/services/location-service.ts(192,11): error TS2322: Type 'unknown' is not assignable to type 'number'.
lib/services/location-service.ts(192,44): error TS2322: Type 'unknown' is not assignable to type 'number'.
lib/services/location-service.ts(199,11): error TS2322: Type 'unknown' is not assignable to type 'number'.
lib/services/location-service.ts(199,44): error TS2322: Type 'unknown' is not assignable to type 'number'.
lib/services/location-service.ts(232,5): error TS2322: Type 'unknown' is not assignable to type 'string'.
lib/services/location-service.ts(236,5): error TS2322: Type 'unknown' is not assignable to type 'string'.
lib/services/location-service.ts(237,5): error TS2322: Type 'unknown' is not assignable to type 'string'.
lib/services/location-service.ts(238,5): error TS2322: Type 'unknown' is not assignable to type 'number'.
lib/services/location-service.ts(239,5): error TS2322: Type 'unknown' is not assignable to type 'number'.
lib/services/location-service.ts(240,5): error TS2322: Type 'unknown' is not assignable to type 'LocationAccuracy'.
lib/services/location-service.ts(241,5): error TS2322: Type 'unknown' is not assignable to type 'LocationSource'.
lib/services/location-service.ts(242,5): error TS2322: Type '{} | undefined' is not assignable to type 'number | undefined'.
  Type '{}' is not assignable to type 'number'.
lib/services/location-service.ts(243,5): error TS2322: Type '{} | undefined' is not assignable to type 'number | undefined'.
  Type '{}' is not assignable to type 'number'.
lib/services/location-service.ts(244,5): error TS2322: Type '{} | undefined' is not assignable to type 'number | undefined'.
  Type '{}' is not assignable to type 'number'.
lib/services/location-service.ts(245,5): error TS2322: Type '{} | undefined' is not assignable to type '"other" | "home" | "work" | "transit" | undefined'.
  Type '{}' is not assignable to type '"other" | "home" | "work" | "transit" | undefined'.
lib/services/location-service.ts(246,5): error TS2322: Type 'unknown' is not assignable to type 'string'.
lib/services/location-service.ts(274,5): error TS2322: Type 'unknown' is not assignable to type 'string'.
lib/services/location-service.ts(275,5): error TS2322: Type 'unknown' is not assignable to type 'string'.
lib/services/location-service.ts(276,5): error TS2322: Type 'unknown' is not assignable to type 'number'.
lib/services/location-service.ts(277,5): error TS2322: Type 'unknown' is not assignable to type 'number'.
lib/services/location-service.ts(278,5): error TS2322: Type 'unknown' is not assignable to type 'LocationAccuracy'.
lib/services/location-service.ts(279,5): error TS2322: Type 'unknown' is not assignable to type 'LocationSource'.
lib/services/location-service.ts(280,5): error TS2322: Type '{} | undefined' is not assignable to type 'number | undefined'.
  Type '{}' is not assignable to type 'number'.
lib/services/location-service.ts(281,5): error TS2322: Type '{} | undefined' is not assignable to type 'number | undefined'.
  Type '{}' is not assignable to type 'number'.
lib/services/location-service.ts(282,5): error TS2322: Type '{} | undefined' is not assignable to type 'number | undefined'.
  Type '{}' is not assignable to type 'number'.
lib/services/location-service.ts(283,5): error TS2322: Type '{} | undefined' is not assignable to type '"other" | "home" | "work" | "transit" | undefined'.
  Type '{}' is not assignable to type '"other" | "home" | "work" | "transit" | undefined'.
lib/services/location-service.ts(284,5): error TS2322: Type 'unknown' is not assignable to type 'string'.
lib/services/location-service.ts(326,3): error TS2322: Type '{ id: unknown; userId: unknown; latitude: unknown; longitude: unknown; accuracy: unknown; source: unknown; altitude: {} | undefined; speed: {} | undefined; heading: {} | undefined; context: {} | undefined; timestamp: unknown; }[]' is not assignable to type 'LocationEntry[]'.
  Type '{ id: unknown; userId: unknown; latitude: unknown; longitude: unknown; accuracy: unknown; source: unknown; altitude: {} | undefined; speed: {} | undefined; heading: {} | undefined; context: {} | undefined; timestamp: unknown; }' is not assignable to type 'LocationEntry'.
    Types of property 'id' are incompatible.
      Type 'unknown' is not assignable to type 'string'.
lib/services/location-service.ts(386,5): error TS2322: Type 'unknown' is not assignable to type 'string'.
lib/services/location-service.ts(387,5): error TS2322: Type 'unknown' is not assignable to type 'string'.
lib/services/location-service.ts(388,5): error TS2322: Type 'unknown' is not assignable to type 'string'.
lib/services/location-service.ts(389,5): error TS2322: Type 'unknown' is not assignable to type '"other" | "home" | "work"'.
lib/services/location-service.ts(390,5): error TS2322: Type 'unknown' is not assignable to type 'number'.
lib/services/location-service.ts(391,5): error TS2322: Type 'unknown' is not assignable to type 'number'.
lib/services/location-service.ts(392,5): error TS2322: Type '{} | undefined' is not assignable to type 'string | undefined'.
  Type '{}' is not assignable to type 'string'.
lib/services/location-service.ts(393,5): error TS2322: Type '{} | undefined' is not assignable to type 'number | undefined'.
  Type '{}' is not assignable to type 'number'.
lib/services/location-service.ts(394,5): error TS2322: Type 'unknown' is not assignable to type 'boolean'.
lib/services/location-service.ts(395,5): error TS2322: Type 'unknown' is not assignable to type 'string'.
lib/services/location-service.ts(396,5): error TS2322: Type 'unknown' is not assignable to type 'string'.
lib/services/location-service.ts(419,3): error TS2322: Type '{ id: unknown; userId: unknown; name: unknown; type: unknown; latitude: unknown; longitude: unknown; address: {} | undefined; radius: {} | undefined; isActive: unknown; createdAt: unknown; updatedAt: unknown; }[]' is not assignable to type 'SavedLocation[]'.
  Type '{ id: unknown; userId: unknown; name: unknown; type: unknown; latitude: unknown; longitude: unknown; address: {} | undefined; radius: {} | undefined; isActive: unknown; createdAt: unknown; updatedAt: unknown; }' is not assignable to type 'SavedLocation'.
    Types of property 'id' are incompatible.
      Type 'unknown' is not assignable to type 'string'.
lib/services/location-service.ts(456,5): error TS2322: Type 'unknown' is not assignable to type 'string'.
lib/services/location-service.ts(457,5): error TS2322: Type 'unknown' is not assignable to type 'boolean'.
lib/services/location-service.ts(458,5): error TS2322: Type 'unknown' is not assignable to type 'boolean'.
lib/services/location-service.ts(459,5): error TS2322: Type 'unknown' is not assignable to type 'boolean'.
lib/services/location-service.ts(460,5): error TS2322: Type 'unknown' is not assignable to type 'number'.
lib/services/location-service.ts(461,5): error TS2322: Type 'unknown' is not assignable to type 'LocationAccuracy'.
lib/services/location-service.ts(462,5): error TS2322: Type 'unknown' is not assignable to type 'boolean'.
lib/services/location-service.ts(463,5): error TS2322: Type 'unknown' is not assignable to type 'boolean'.
lib/services/location-service.ts(464,5): error TS2322: Type 'unknown' is not assignable to type 'number'.
lib/services/location-service.ts(670,5): error TS2322: Type 'unknown' is not assignable to type 'string'.
lib/services/location-service.ts(671,5): error TS2322: Type 'unknown' is not assignable to type 'string'.
lib/services/location-service.ts(672,5): error TS2322: Type 'unknown' is not assignable to type 'number'.
lib/services/location-service.ts(701,3): error TS2322: Type '{ id: unknown; savedLocationId: unknown; name: unknown; latitude: unknown; longitude: unknown; radius: unknown; isActive: unknown; }[]' is not assignable to type '{ id: string; savedLocationId: string; name: string; latitude: number; longitude: number; radius: number; isActive: boolean; }[]'.
  Type '{ id: unknown; savedLocationId: unknown; name: unknown; latitude: unknown; longitude: unknown; radius: unknown; isActive: unknown; }' is not assignable to type '{ id: string; savedLocationId: string; name: string; latitude: number; longitude: number; radius: number; isActive: boolean; }'.
    Types of property 'id' are incompatible.
      Type 'unknown' is not assignable to type 'string'.
lib/services/location-service.ts(739,34): error TS2345: Argument of type 'unknown' is not assignable to parameter of type 'string'.
lib/services/location-service.ts(740,31): error TS2345: Argument of type 'unknown' is not assignable to parameter of type 'string'.
lib/services/location-service.ts(766,9): error TS2322: Type 'unknown' is not assignable to type 'number'.
lib/services/location-service.ts(766,38): error TS2322: Type 'unknown' is not assignable to type 'number'.
lib/services/location-service.ts(770,47): error TS2345: Argument of type 'unknown' is not assignable to parameter of type 'string'.
lib/services/location-service.ts(771,34): error TS18046: 'geofence.radius' is of type 'unknown'.
lib/services/location-service.ts(777,9): error TS2322: Type 'unknown' is not assignable to type 'string'.
lib/services/location-service.ts(778,9): error TS2322: Type 'unknown' is not assignable to type 'string'.
lib/services/location-service.ts(785,49): error TS2345: Argument of type 'unknown' is not assignable to parameter of type 'string'.
lib/services/location-service.ts(790,9): error TS2322: Type 'unknown' is not assignable to type 'string'.
lib/services/location-service.ts(791,9): error TS2322: Type 'unknown' is not assignable to type 'string'.
lib/services/location-service.ts(838,3): error TS2322: Type '{ id: unknown; userId: unknown; geofenceId: unknown; geofenceName: unknown; eventType: unknown; location: unknown; timestamp: unknown; durationSeconds: {} | undefined; }[]' is not assignable to type 'GeofenceEvent[]'.
  Type '{ id: unknown; userId: unknown; geofenceId: unknown; geofenceName: unknown; eventType: unknown; location: unknown; timestamp: unknown; durationSeconds: {} | undefined; }' is not assignable to type 'GeofenceEvent'.
    Types of property 'id' are incompatible.
      Type 'unknown' is not assignable to type 'string'.
lib/services/login-history-service.ts(81,3): error TS2300: Duplicate identifier 'timezone'.
lib/services/login-history-service.ts(81,3): error TS2687: All declarations of 'timezone' must have identical modifiers.
lib/services/login-history-service.ts(97,3): error TS2300: Duplicate identifier 'timezone'.
lib/services/login-history-service.ts(97,3): error TS2687: All declarations of 'timezone' must have identical modifiers.
lib/services/login-history-service.ts(97,3): error TS2717: Subsequent property declarations must have the same type.  Property 'timezone' must be of type 'string | undefined', but here has type 'string'.
lib/services/login-history-service.ts(552,19): error TS2339: Property 'offset' does not exist on type 'PostgrestFilterBuilder<GenericSchema, Record<string, unknown>, { [x: string]: unknown; }[], "login_history", GenericRelationship[]>'.
lib/services/login-history-service.ts(650,24): error TS2538: Type '{}' cannot be used as an index type.
lib/services/login-history-service.ts(650,53): error TS2538: Type '{}' cannot be used as an index type.
lib/services/login-history-service.ts(655,30): error TS2769: No overload matches this call.
  Overload 1 of 4, '(value: string | number | Date): Date', gave the following error.
    Argument of type 'unknown' is not assignable to parameter of type 'string | number | Date'.
  Overload 2 of 4, '(value: string | number): Date', gave the following error.
    Argument of type 'unknown' is not assignable to parameter of type 'string | number'.
lib/services/login-history-service.ts(655,64): error TS2769: No overload matches this call.
  Overload 1 of 4, '(value: string | number | Date): Date', gave the following error.
    Argument of type 'unknown' is not assignable to parameter of type 'string | number | Date'.
  Overload 2 of 4, '(value: string | number): Date', gave the following error.
    Argument of type 'unknown' is not assignable to parameter of type 'string | number'.
lib/services/login-history-service.ts(663,5): error TS2322: Type 'unknown' is not assignable to type 'string | undefined'.
lib/services/login-history-service.ts(871,5): error TS2322: Type 'unknown' is not assignable to type 'string'.
lib/services/login-history-service.ts(872,5): error TS2322: Type 'unknown' is not assignable to type 'string'.
lib/services/login-history-service.ts(893,5): error TS2322: Type 'unknown' is not assignable to type 'string'.
lib/services/login-history-service.ts(894,5): error TS1117: An object literal cannot have multiple properties with the same name.
lib/services/medical-sos-triage-service.ts(706,5): error TS2345: Argument of type '{ id: string; answer: string | number | boolean | undefined; }[]' is not assignable to parameter of type '{ id: string; answer: string | number | boolean; }[]'.
  Type '{ id: string; answer: string | number | boolean | undefined; }' is not assignable to type '{ id: string; answer: string | number | boolean; }'.
    Types of property 'answer' are incompatible.
      Type 'string | number | boolean | undefined' is not assignable to type 'string | number | boolean'.
        Type 'undefined' is not assignable to type 'string | number | boolean'.
lib/services/medical-sos-triage-service.ts(898,5): error TS2322: Type 'unknown' is not assignable to type 'string'.
lib/services/medical-sos-triage-service.ts(899,5): error TS2322: Type 'unknown' is not assignable to type 'string'.
lib/services/medical-sos-triage-service.ts(924,5): error TS2322: Type 'unknown' is not assignable to type 'string'.
lib/services/medical-sos-triage-service.ts(925,5): error TS2322: Type 'unknown' is not assignable to type 'string'.
lib/services/multi-channel-alerts-service.ts(635,18): error TS2339: Property 'latitude' does not exist on type '{ id: unknown; phone: unknown; email: unknown; push_token: unknown; }'.
lib/services/multi-channel-alerts-service.ts(635,35): error TS2339: Property 'longitude' does not exist on type '{ id: unknown; phone: unknown; email: unknown; push_token: unknown; }'.
lib/services/multi-channel-alerts-service.ts(639,18): error TS2339: Property 'latitude' does not exist on type '{ id: unknown; phone: unknown; email: unknown; push_token: unknown; }'.
lib/services/multi-channel-alerts-service.ts(640,18): error TS2339: Property 'longitude' does not exist on type '{ id: unknown; phone: unknown; email: unknown; push_token: unknown; }'.
lib/services/multi-channel-alerts-service.ts(814,5): error TS2322: Type 'unknown' is not assignable to type 'string'.
lib/services/multi-channel-alerts-service.ts(816,5): error TS2322: Type 'unknown' is not assignable to type 'string'.
lib/services/multi-channel-alerts-service.ts(817,5): error TS2322: Type 'unknown' is not assignable to type 'string'.
lib/services/multi-channel-alerts-service.ts(818,5): error TS2322: Type 'unknown' is not assignable to type 'string'.
lib/services/multi-channel-alerts-service.ts(820,5): error TS2322: Type 'unknown' is not assignable to type '"group" | "location" | "user" | "broadcast"'.
lib/services/multi-channel-alerts-service.ts(826,5): error TS2322: Type 'unknown' is not assignable to type 'number'.
lib/services/multi-channel-alerts-service.ts(827,5): error TS2322: Type 'unknown' is not assignable to type 'number'.
lib/services/multi-channel-alerts-service.ts(828,5): error TS2322: Type 'unknown' is not assignable to type 'number'.
lib/services/multi-channel-alerts-service.ts(837,5): error TS2322: Type 'unknown' is not assignable to type 'string'.
lib/services/multi-channel-alerts-service.ts(838,5): error TS2322: Type 'unknown' is not assignable to type 'string'.
lib/services/multilingual-emergency-content-service.ts(700,16): error TS2538: Type 'unknown' cannot be used as an index type.
lib/services/multilingual-emergency-content-service.ts(700,48): error TS2538: Type 'unknown' cannot be used as an index type.
lib/services/multilingual-emergency-content-service.ts(701,14): error TS2538: Type 'unknown' cannot be used as an index type.
lib/services/multilingual-emergency-content-service.ts(701,42): error TS2538: Type 'unknown' cannot be used as an index type.
lib/services/multilingual-emergency-content-service.ts(711,54): error TS7053: Element implicitly has an 'any' type because expression of type 'SupportedLanguage' can't be used to index type '{}'.
  Property 'en' does not exist on type '{}'.
lib/services/multilingual-emergency-content-service.ts(715,30): error TS2345: Argument of type 'unknown' is not assignable to parameter of type 'string'.
lib/services/multilingual-emergency-content-service.ts(793,5): error TS2322: Type 'unknown' is not assignable to type 'string'.
lib/services/multilingual-emergency-content-service.ts(794,5): error TS2322: Type 'unknown' is not assignable to type 'string'.
lib/services/multilingual-emergency-content-service.ts(803,5): error TS2322: Type 'unknown' is not assignable to type 'boolean'.
lib/services/multilingual-emergency-content-service.ts(804,5): error TS2322: Type 'unknown' is not assignable to type 'string'.
lib/services/multilingual-emergency-content-service.ts(805,5): error TS2322: Type 'unknown' is not assignable to type 'string'.
lib/services/neighborhood-group-service.ts(646,17): error TS2345: Argument of type 'unknown' is not assignable to parameter of type '{}'.
lib/services/neighborhood-group-service.ts(872,5): error TS2322: Type 'unknown' is not assignable to type 'string'.
lib/services/neighborhood-group-service.ts(873,5): error TS2322: Type 'unknown' is not assignable to type 'string'.
lib/services/neighborhood-group-service.ts(874,5): error TS2322: Type 'unknown' is not assignable to type 'string'.
lib/services/neighborhood-group-service.ts(875,5): error TS2322: Type 'unknown' is not assignable to type 'string'.
lib/services/neighborhood-group-service.ts(876,5): error TS2322: Type '{} | undefined' is not assignable to type 'string | undefined'.
  Type '{}' is not assignable to type 'string'.
lib/services/neighborhood-group-service.ts(878,5): error TS2322: Type 'unknown' is not assignable to type 'boolean'.
lib/services/neighborhood-group-service.ts(879,5): error TS2322: Type 'unknown' is not assignable to type 'string'.
lib/services/neighborhood-group-service.ts(880,5): error TS2322: Type 'unknown' is not assignable to type 'string'.
lib/services/neighborhood-group-service.ts(907,3): error TS2322: Type '{ id: unknown; postId: unknown; authorId: unknown; content: unknown; parentCommentId: {} | undefined; likeCount: number; isHidden: unknown; createdAt: unknown; updatedAt: unknown; }[]' is not assignable to type 'PostComment[]'.
  Type '{ id: unknown; postId: unknown; authorId: unknown; content: unknown; parentCommentId: {} | undefined; likeCount: number; isHidden: unknown; createdAt: unknown; updatedAt: unknown; }' is not assignable to type 'PostComment'.
    Types of property 'id' are incompatible.
      Type 'unknown' is not assignable to type 'string'.
lib/services/neighborhood-group-service.ts(952,5): error TS2322: Type 'unknown' is not assignable to type 'string'.
lib/services/neighborhood-group-service.ts(953,5): error TS2322: Type 'unknown' is not assignable to type 'string'.
lib/services/neighborhood-group-service.ts(954,5): error TS2322: Type '{} | undefined' is not assignable to type 'string | undefined'.
  Type '{}' is not assignable to type 'string'.
lib/services/neighborhood-group-service.ts(955,5): error TS2322: Type '{} | undefined' is not assignable to type 'string | undefined'.
  Type '{}' is not assignable to type 'string'.
lib/services/neighborhood-group-service.ts(956,5): error TS2322: Type 'unknown' is not assignable to type 'string'.
lib/services/neighborhood-group-service.ts(957,5): error TS2322: Type 'unknown' is not assignable to type '"pending" | "accepted" | "expired" | "declined"'.
lib/services/neighborhood-group-service.ts(958,5): error TS2322: Type '{} | undefined' is not assignable to type 'string | undefined'.
  Type '{}' is not assignable to type 'string'.
lib/services/neighborhood-group-service.ts(959,5): error TS2322: Type '{} | undefined' is not assignable to type 'string | undefined'.
  Type '{}' is not assignable to type 'string'.
lib/services/neighborhood-group-service.ts(960,5): error TS2322: Type '{} | undefined' is not assignable to type 'string | undefined'.
  Type '{}' is not assignable to type 'string'.
lib/services/neighborhood-group-service.ts(961,5): error TS2322: Type 'unknown' is not assignable to type 'string'.
lib/services/neighborhood-group-service.ts(1005,5): error TS2322: Type '{}' is not assignable to type 'number'.
lib/services/neighborhood-group-service.ts(1006,5): error TS2322: Type '{}' is not assignable to type 'number'.
lib/services/neighborhood-group-service.ts(1113,5): error TS2322: Type 'unknown' is not assignable to type 'string'.
lib/services/neighborhood-group-service.ts(1114,5): error TS2322: Type 'unknown' is not assignable to type 'string'.
lib/services/neighborhood-group-service.ts(1124,5): error TS2322: Type 'unknown' is not assignable to type 'boolean'.
lib/services/neighborhood-group-service.ts(1125,5): error TS2322: Type 'unknown' is not assignable to type 'boolean'.
lib/services/neighborhood-group-service.ts(1126,5): error TS2322: Type 'unknown' is not assignable to type 'boolean'.
lib/services/neighborhood-group-service.ts(1127,5): error TS2322: Type 'unknown' is not assignable to type 'boolean'.
lib/services/neighborhood-group-service.ts(1130,5): error TS2322: Type '{}' is not assignable to type 'number'.
lib/services/neighborhood-group-service.ts(1131,5): error TS2322: Type '{}' is not assignable to type 'number'.
lib/services/neighborhood-group-service.ts(1133,5): error TS2322: Type 'unknown' is not assignable to type 'string'.
lib/services/neighborhood-group-service.ts(1134,5): error TS2322: Type 'unknown' is not assignable to type 'string'.
lib/services/neighborhood-group-service.ts(1143,5): error TS2322: Type 'unknown' is not assignable to type 'string'.
lib/services/neighborhood-group-service.ts(1144,5): error TS2322: Type 'unknown' is not assignable to type 'string'.
lib/services/neighborhood-group-service.ts(1145,5): error TS2322: Type 'unknown' is not assignable to type 'string'.
lib/services/neighborhood-group-service.ts(1150,5): error TS2322: Type 'unknown' is not assignable to type 'boolean'.
lib/services/neighborhood-group-service.ts(1151,5): error TS2322: Type 'unknown' is not assignable to type 'boolean'.
lib/services/neighborhood-group-service.ts(1152,5): error TS2322: Type 'unknown' is not assignable to type 'boolean'.
lib/services/neighborhood-group-service.ts(1154,5): error TS2322: Type 'unknown' is not assignable to type 'string'.
lib/services/neighborhood-group-service.ts(1165,5): error TS2322: Type 'unknown' is not assignable to type 'string'.
lib/services/neighborhood-group-service.ts(1166,5): error TS2322: Type 'unknown' is not assignable to type 'string'.
lib/services/neighborhood-group-service.ts(1167,5): error TS2322: Type 'unknown' is not assignable to type 'string'.
lib/services/neighborhood-group-service.ts(1169,5): error TS2322: Type 'unknown' is not assignable to type 'string'.
lib/services/neighborhood-group-service.ts(1172,5): error TS2322: Type '{}' is not assignable to type 'number'.
lib/services/neighborhood-group-service.ts(1174,5): error TS2322: Type 'unknown' is not assignable to type 'boolean'.
lib/services/neighborhood-group-service.ts(1175,5): error TS2322: Type 'unknown' is not assignable to type 'boolean'.
lib/services/neighborhood-group-service.ts(1176,5): error TS2322: Type '{}' is not assignable to type 'number'.
lib/services/neighborhood-group-service.ts(1177,5): error TS2322: Type '{}' is not assignable to type 'number'.
lib/services/neighborhood-group-service.ts(1178,5): error TS2322: Type 'unknown' is not assignable to type 'boolean'.
lib/services/neighborhood-group-service.ts(1180,5): error TS2322: Type 'unknown' is not assignable to type 'string'.
lib/services/neighborhood-group-service.ts(1181,5): error TS2322: Type 'unknown' is not assignable to type 'string'.
lib/services/neighborhood-groups-service.ts(269,9): error TS2741: Property 'alertEnabled' is missing in type '{ id: string; name: string; description: string; visibility: GroupVisibility; centerLatitude: number; centerLongitude: number; radius: number; address: string | undefined; ... 12 more ...; updatedAt: string; }' but required in type 'NeighborhoodGroup'.
lib/services/neighborhood-groups-service.ts(664,5): error TS2322: Type 'unknown' is not assignable to type 'string'.
lib/services/neighborhood-groups-service.ts(665,5): error TS2322: Type 'unknown' is not assignable to type 'string'.
lib/services/neighborhood-groups-service.ts(666,5): error TS2322: Type 'unknown' is not assignable to type 'string'.
lib/services/neighborhood-groups-service.ts(668,5): error TS2322: Type 'unknown' is not assignable to type 'number'.
lib/services/neighborhood-groups-service.ts(669,5): error TS2322: Type 'unknown' is not assignable to type 'number'.
lib/services/neighborhood-groups-service.ts(670,5): error TS2322: Type 'unknown' is not assignable to type 'number'.
lib/services/neighborhood-groups-service.ts(675,5): error TS2322: Type 'unknown' is not assignable to type 'number'.
lib/services/neighborhood-groups-service.ts(677,5): error TS2322: Type 'unknown' is not assignable to type '"open" | "approval_required" | "invite_only"'.
lib/services/neighborhood-groups-service.ts(678,5): error TS2322: Type 'unknown' is not assignable to type 'number'.
lib/services/neighborhood-groups-service.ts(682,5): error TS2322: Type 'unknown' is not assignable to type 'boolean'.
lib/services/neighborhood-groups-service.ts(688,5): error TS2322: Type 'unknown' is not assignable to type 'string'.
lib/services/neighborhood-groups-service.ts(689,5): error TS2322: Type 'unknown' is not assignable to type 'string'.
lib/services/notification-service.ts(413,23): error TS2454: Variable 'sendResult' is used before being assigned.
lib/services/notification-service.ts(415,24): error TS2454: Variable 'sendResult' is used before being assigned.
lib/services/notification-service.ts(416,30): error TS2454: Variable 'sendResult' is used before being assigned.
lib/services/notification-service.ts(427,13): error TS2454: Variable 'sendResult' is used before being assigned.
lib/services/notification-service.ts(437,22): error TS2454: Variable 'sendResult' is used before being assigned.
lib/services/notification-service.ts(528,5): error TS2322: Type 'unknown' is not assignable to type 'string'.
lib/services/notification-service.ts(529,5): error TS2322: Type '{} | undefined' is not assignable to type 'string | undefined'.
  Type '{}' is not assignable to type 'string'.
lib/services/notification-service.ts(531,5): error TS2322: Type 'unknown' is not assignable to type 'string'.
lib/services/notification-service.ts(532,5): error TS2322: Type 'unknown' is not assignable to type 'string'.
lib/services/notification-service.ts(535,5): error TS2322: Type '{} | undefined' is not assignable to type 'string | undefined'.
  Type '{}' is not assignable to type 'string'.
lib/services/notification-service.ts(536,5): error TS2322: Type '{} | undefined' is not assignable to type 'string | undefined'.
  Type '{}' is not assignable to type 'string'.
lib/services/notification-service.ts(537,5): error TS2322: Type '{} | undefined' is not assignable to type 'string | undefined'.
  Type '{}' is not assignable to type 'string'.
lib/services/notification-service.ts(539,5): error TS2322: Type '{} | undefined' is not assignable to type 'Record<string, unknown> | undefined'.
  Type '{}' is not assignable to type 'Record<string, unknown>'.
    Index signature for type 'string' is missing in type '{}'.
lib/services/notification-service.ts(540,5): error TS2322: Type '{} | undefined' is not assignable to type 'string | undefined'.
  Type '{}' is not assignable to type 'string'.
lib/services/notification-service.ts(541,5): error TS2322: Type '{} | undefined' is not assignable to type 'string | undefined'.
  Type '{}' is not assignable to type 'string'.
lib/services/notification-service.ts(542,5): error TS2322: Type '{} | undefined' is not assignable to type 'string | undefined'.
  Type '{}' is not assignable to type 'string'.
lib/services/notification-service.ts(543,5): error TS2322: Type '{} | undefined' is not assignable to type 'string | undefined'.
  Type '{}' is not assignable to type 'string'.
lib/services/notification-service.ts(544,5): error TS2322: Type '{} | undefined' is not assignable to type 'string | undefined'.
  Type '{}' is not assignable to type 'string'.
lib/services/notification-service.ts(545,5): error TS2322: Type '{} | undefined' is not assignable to type 'string | undefined'.
  Type '{}' is not assignable to type 'string'.
lib/services/notification-service.ts(546,5): error TS2322: Type '{} | undefined' is not assignable to type 'string | undefined'.
  Type '{}' is not assignable to type 'string'.
lib/services/notification-service.ts(547,5): error TS2322: Type 'unknown' is not assignable to type 'string'.
lib/services/notification-service.ts(638,9): error TS2322: Type '{ id: unknown; alertId: {} | undefined; alertType: AlertType; title: unknown; body: unknown; priority: NotificationPriority; channel: NotificationChannel; ... 12 more ...; createdAt: unknown; }[]' is not assignable to type 'Notification[]'.
  Type '{ id: unknown; alertId: {} | undefined; alertType: AlertType; title: unknown; body: unknown; priority: NotificationPriority; channel: NotificationChannel; recipientUserId: {} | undefined; recipientEmail: {} | undefined; ... 10 more ...; createdAt: unknown; }' is not assignable to type 'Notification'.
    Types of property 'id' are incompatible.
      Type 'unknown' is not assignable to type 'string'.
lib/services/notification-service.ts(732,5): error TS2322: Type '{ userId: unknown; email: unknown; phone: unknown; channelPreferences: NotificationChannel[]; }[]' is not assignable to type 'NotificationRecipient[]'.
  Type '{ userId: unknown; email: unknown; phone: unknown; channelPreferences: NotificationChannel[]; }' is not assignable to type 'NotificationRecipient'.
    Types of property 'userId' are incompatible.
      Type 'unknown' is not assignable to type 'string | undefined'.
lib/services/notification-template-service.ts(529,43): error TS2365: Operator '+' cannot be applied to types '{}' and 'number'.
lib/services/notification-template-service.ts(536,6): error TS2339: Property 'group_by' does not exist on type 'PostgrestFilterBuilder<GenericSchema, Record<string, unknown>, { template_id: unknown; count: number; }[], "notification_logs", GenericRelationship[]>'.
lib/services/notification-template-service.ts(539,10): error TS7006: Parameter 'u' implicitly has an 'any' type.
lib/services/notification-template-service.ts(544,12): error TS7006: Parameter 'a' implicitly has an 'any' type.
lib/services/notification-template-service.ts(544,15): error TS7006: Parameter 'b' implicitly has an 'any' type.
lib/services/notification-template-service.ts(550,5): error TS2740: Type '{ [x: string]: unknown; }' is missing the following properties from type 'Record<TemplateCategory, number>': emergency, power_outage, community_alert, restoration, and 3 more.
lib/services/notification-template-service.ts(583,5): error TS2322: Type 'unknown' is not assignable to type 'string'.
lib/services/notification-template-service.ts(584,5): error TS2322: Type 'unknown' is not assignable to type 'string'.
lib/services/notification-template-service.ts(589,5): error TS2322: Type 'unknown' is not assignable to type 'string'.
lib/services/notification-template-service.ts(593,5): error TS2322: Type 'unknown' is not assignable to type 'string'.
lib/services/notification-template-service.ts(600,5): error TS2322: Type 'unknown' is not assignable to type 'string'.
lib/services/notification-template-service.ts(602,5): error TS2322: Type 'unknown' is not assignable to type 'string'.
lib/services/notification-template-service.ts(603,5): error TS2322: Type 'unknown' is not assignable to type 'string'.
lib/services/offline-maps-service.ts(539,3): error TS2322: Type '{ id: unknown; regionId: unknown; x: unknown; y: unknown; z: unknown; tileType: MapTileType; data: Uint8Array<ArrayBuffer>; size: unknown; isValid: unknown; downloadedAt: {} | undefined; expiresAt: {} | undefined; createdAt: unknown; updatedAt: unknown; }[]' is not assignable to type 'OfflineMapTile[]'.
  Type '{ id: unknown; regionId: unknown; x: unknown; y: unknown; z: unknown; tileType: MapTileType; data: Uint8Array<ArrayBuffer>; size: unknown; isValid: unknown; downloadedAt: {} | undefined; expiresAt: {} | undefined; createdAt: unknown; updatedAt: unknown; }' is not assignable to type 'OfflineMapTile'.
    Types of property 'id' are incompatible.
      Type 'unknown' is not assignable to type 'string'.
lib/services/offline-maps-service.ts(546,26): error TS2769: No overload matches this call.
  The last overload gave the following error.
    Argument of type 'unknown' is not assignable to parameter of type 'ArrayBuffer | ArrayLike<number>'.
lib/services/offline-maps-service.ts(596,5): error TS2322: Type 'unknown' is not assignable to type 'string'.
lib/services/offline-maps-service.ts(597,5): error TS2322: Type 'unknown' is not assignable to type 'string'.
lib/services/offline-maps-service.ts(598,5): error TS2322: Type 'unknown' is not assignable to type 'number'.
lib/services/offline-maps-service.ts(599,5): error TS2322: Type 'unknown' is not assignable to type 'number'.
lib/services/offline-maps-service.ts(600,5): error TS2322: Type 'unknown' is not assignable to type 'number'.
lib/services/offline-maps-service.ts(602,26): error TS2769: No overload matches this call.
  The last overload gave the following error.
    Argument of type 'unknown' is not assignable to parameter of type 'ArrayBuffer | ArrayLike<number>'.
lib/services/offline-maps-service.ts(603,5): error TS2322: Type 'unknown' is not assignable to type 'number'.
lib/services/offline-maps-service.ts(604,5): error TS2322: Type 'unknown' is not assignable to type 'boolean'.
lib/services/offline-maps-service.ts(605,5): error TS2322: Type '{} | undefined' is not assignable to type 'string | undefined'.
  Type '{}' is not assignable to type 'string'.
lib/services/offline-maps-service.ts(606,5): error TS2322: Type '{} | undefined' is not assignable to type 'string | undefined'.
  Type '{}' is not assignable to type 'string'.
lib/services/offline-maps-service.ts(607,5): error TS2322: Type 'unknown' is not assignable to type 'string'.
lib/services/offline-maps-service.ts(608,5): error TS2322: Type 'unknown' is not assignable to type 'string'.
lib/services/offline-maps-service.ts(651,3): error TS2322: Type '{ id: unknown; key: unknown; type: "style" | "marker" | "tile" | "overlay"; data: Uint8Array<ArrayBuffer>; size: unknown; tileType: MapTileType | undefined; zoom: unknown; version: {} | undefined; ... 4 more ...; updatedAt: unknown; }[]' is not assignable to type 'MapCacheEntry[]'.
  Type '{ id: unknown; key: unknown; type: MapCacheEntry["type"]; data: Uint8Array<ArrayBuffer>; size: unknown; tileType: MapTileType | undefined; zoom: unknown; version: {} | undefined; etag: {} | undefined; expiresAt: {} | undefined; lastValidated: {} | undefined; createdAt: unknown; updatedAt: unknown; }' is not assignable to type 'MapCacheEntry'.
    Types of property 'id' are incompatible.
      Type 'unknown' is not assignable to type 'string'.
lib/services/offline-maps-service.ts(655,26): error TS2769: No overload matches this call.
  The last overload gave the following error.
    Argument of type 'unknown' is not assignable to parameter of type 'ArrayBuffer | ArrayLike<number>'.
lib/services/offline-maps-service.ts(717,51): error TS2365: Operator '+' cannot be applied to types 'number' and '{}'.
lib/services/offline-maps-service.ts(718,47): error TS2365: Operator '+' cannot be applied to types 'number' and '{}'.
lib/services/offline-maps-service.ts(719,47): error TS2365: Operator '+' cannot be applied to types 'number' and '{}'.
lib/services/offline-maps-service.ts(792,3): error TS2322: Type '{ id: unknown; regionId: {} | undefined; name: unknown; type: "custom" | "alert_zone" | "safe_zone" | "outage_area" | "weather_zone"; geometry: FeatureCollection<Geometry, GeoJsonProperties>; ... 5 more ...; lastUpdated: {} | undefined; }[]' is not assignable to type 'MapOverlay[]'.
  Type '{ id: unknown; regionId: {} | undefined; name: unknown; type: MapOverlay["type"]; geometry: GeoJSON.FeatureCollection; style: {} | undefined; isVisible: unknown; zIndex: unknown; isCached: unknown; expiresAt: {} | undefined; lastUpdated: {} | undefined; }' is not assignable to type 'MapOverlay'.
    Types of property 'id' are incompatible.
      Type 'unknown' is not assignable to type 'string'.
lib/services/offline-maps-service.ts(838,5): error TS2322: Type 'unknown' is not assignable to type 'string'.
lib/services/offline-maps-service.ts(839,5): error TS2322: Type '{} | undefined' is not assignable to type 'string | undefined'.
  Type '{}' is not assignable to type 'string'.
lib/services/offline-maps-service.ts(840,5): error TS2322: Type 'unknown' is not assignable to type 'string'.
lib/services/offline-maps-service.ts(844,5): error TS2322: Type 'unknown' is not assignable to type 'boolean'.
lib/services/offline-maps-service.ts(845,5): error TS2322: Type 'unknown' is not assignable to type 'number'.
lib/services/offline-maps-service.ts(847,5): error TS2322: Type '{} | undefined' is not assignable to type 'string | undefined'.
  Type '{}' is not assignable to type 'string'.
lib/services/offline-maps-service.ts(848,5): error TS2322: Type '{} | undefined' is not assignable to type 'string | undefined'.
  Type '{}' is not assignable to type 'string'.
lib/services/offline-maps-service.ts(861,5): error TS2322: Type 'unknown' is not assignable to type 'string'.
lib/services/offline-maps-service.ts(863,5): error TS2322: Type 'unknown' is not assignable to type 'string'.
lib/services/offline-maps-service.ts(865,5): error TS2322: Type 'unknown' is not assignable to type 'number'.
lib/services/offline-maps-service.ts(866,5): error TS2322: Type 'unknown' is not assignable to type 'number'.
lib/services/offline-maps-service.ts(867,5): error TS2322: Type 'unknown' is not assignable to type 'number'.
lib/services/offline-maps-service.ts(868,5): error TS2322: Type 'unknown' is not assignable to type 'number'.
lib/services/offline-maps-service.ts(869,5): error TS2322: Type 'unknown' is not assignable to type 'number'.
lib/services/offline-maps-service.ts(870,5): error TS2322: Type 'unknown' is not assignable to type 'number'.
lib/services/offline-maps-service.ts(872,5): error TS2322: Type 'unknown' is not assignable to type 'number'.
lib/services/offline-maps-service.ts(873,5): error TS2322: Type 'unknown' is not assignable to type 'number'.
lib/services/offline-maps-service.ts(875,5): error TS2322: Type 'unknown' is not assignable to type 'number'.
lib/services/offline-maps-service.ts(876,5): error TS2322: Type 'unknown' is not assignable to type 'number'.
lib/services/offline-maps-service.ts(877,5): error TS2322: Type 'unknown' is not assignable to type 'number'.
lib/services/offline-maps-service.ts(878,5): error TS2322: Type 'unknown' is not assignable to type 'number'.
lib/services/offline-maps-service.ts(879,5): error TS2322: Type 'unknown' is not assignable to type 'number'.
lib/services/offline-maps-service.ts(880,5): error TS2322: Type '{} | undefined' is not assignable to type 'string | undefined'.
  Type '{}' is not assignable to type 'string'.
lib/services/offline-maps-service.ts(881,5): error TS2322: Type '{} | undefined' is not assignable to type 'string | undefined'.
  Type '{}' is not assignable to type 'string'.
lib/services/offline-maps-service.ts(882,5): error TS2322: Type '{} | undefined' is not assignable to type 'string | undefined'.
  Type '{}' is not assignable to type 'string'.
lib/services/offline-maps-service.ts(883,5): error TS2322: Type '{} | undefined' is not assignable to type 'string | undefined'.
  Type '{}' is not assignable to type 'string'.
lib/services/offline-maps-service.ts(884,5): error TS2322: Type '{} | undefined' is not assignable to type 'string | undefined'.
  Type '{}' is not assignable to type 'string'.
lib/services/offline-maps-service.ts(885,5): error TS2322: Type 'unknown' is not assignable to type 'string'.
lib/services/offline-maps-service.ts(887,5): error TS2322: Type 'unknown' is not assignable to type 'string'.
lib/services/offline-maps-service.ts(888,5): error TS2322: Type 'unknown' is not assignable to type 'string'.
lib/services/offline-mode-service.ts(351,3): error TS2322: Type '{ id: unknown; capability: OfflineCapability; isEnabled: unknown; isDownloaded: unknown; version: unknown; size: unknown; lastUpdated: unknown; downloadProgress: unknown; downloadStarted: {} | undefined; downloadCompleted: {} | undefined; expiresAt: {} | undefined; autoUpdate: unknown; createdAt: unknown; updatedAt:...' is not assignable to type 'OfflineCapabilityConfig[]'.
  Type '{ id: unknown; capability: OfflineCapability; isEnabled: unknown; isDownloaded: unknown; version: unknown; size: unknown; lastUpdated: unknown; downloadProgress: unknown; downloadStarted: {} | undefined; downloadCompleted: {} | undefined; expiresAt: {} | undefined; autoUpdate: unknown; createdAt: unknown; updatedAt:...' is not assignable to type 'OfflineCapabilityConfig'.
    Types of property 'id' are incompatible.
      Type 'unknown' is not assignable to type 'string'.
lib/services/offline-mode-service.ts(394,17): error TS2345: Argument of type 'unknown' is not assignable to parameter of type '{}'.
lib/services/offline-mode-service.ts(404,7): error TS2322: Type 'unknown' is not assignable to type 'string'.
lib/services/offline-mode-service.ts(406,7): error TS2322: Type 'unknown' is not assignable to type 'boolean'.
lib/services/offline-mode-service.ts(407,7): error TS2322: Type 'unknown' is not assignable to type 'boolean'.
lib/services/offline-mode-service.ts(408,7): error TS2322: Type 'unknown' is not assignable to type 'string'.
lib/services/offline-mode-service.ts(409,7): error TS2322: Type 'unknown' is not assignable to type 'number'.
lib/services/offline-mode-service.ts(410,7): error TS2322: Type 'unknown' is not assignable to type 'string'.
lib/services/offline-mode-service.ts(411,7): error TS2322: Type 'unknown' is not assignable to type 'number'.
lib/services/offline-mode-service.ts(412,7): error TS2322: Type '{} | undefined' is not assignable to type 'string | undefined'.
  Type '{}' is not assignable to type 'string'.
lib/services/offline-mode-service.ts(413,7): error TS2322: Type '{} | undefined' is not assignable to type 'string | undefined'.
  Type '{}' is not assignable to type 'string'.
lib/services/offline-mode-service.ts(414,7): error TS2322: Type '{} | undefined' is not assignable to type 'string | undefined'.
  Type '{}' is not assignable to type 'string'.
lib/services/offline-mode-service.ts(415,7): error TS2322: Type 'unknown' is not assignable to type 'boolean'.
lib/services/offline-mode-service.ts(416,7): error TS2322: Type 'unknown' is not assignable to type 'string'.
lib/services/offline-mode-service.ts(417,7): error TS2322: Type 'unknown' is not assignable to type 'string'.
lib/services/offline-mode-service.ts(443,5): error TS2322: Type 'unknown' is not assignable to type 'string'.
lib/services/offline-mode-service.ts(445,5): error TS2322: Type 'unknown' is not assignable to type 'boolean'.
lib/services/offline-mode-service.ts(446,5): error TS2322: Type 'unknown' is not assignable to type 'boolean'.
lib/services/offline-mode-service.ts(447,5): error TS2322: Type 'unknown' is not assignable to type 'string'.
lib/services/offline-mode-service.ts(448,5): error TS2322: Type 'unknown' is not assignable to type 'number'.
lib/services/offline-mode-service.ts(449,5): error TS2322: Type 'unknown' is not assignable to type 'string'.
lib/services/offline-mode-service.ts(450,5): error TS2322: Type 'unknown' is not assignable to type 'number'.
lib/services/offline-mode-service.ts(451,5): error TS2322: Type 'unknown' is not assignable to type 'boolean'.
lib/services/offline-mode-service.ts(452,5): error TS2322: Type 'unknown' is not assignable to type 'string'.
lib/services/offline-mode-service.ts(453,5): error TS2322: Type 'unknown' is not assignable to type 'string'.
lib/services/offline-mode-service.ts(497,5): error TS2322: Type 'unknown' is not assignable to type 'string'.
lib/services/offline-mode-service.ts(498,5): error TS2322: Type '{} | undefined' is not assignable to type 'string | undefined'.
  Type '{}' is not assignable to type 'string'.
lib/services/offline-mode-service.ts(500,5): error TS2322: Type 'unknown' is not assignable to type 'string'.
lib/services/offline-mode-service.ts(501,5): error TS2322: Type '{} | undefined' is not assignable to type 'string | undefined'.
  Type '{}' is not assignable to type 'string'.
lib/services/offline-mode-service.ts(502,5): error TS2322: Type 'unknown' is not assignable to type 'Record<string, unknown>'.
lib/services/offline-mode-service.ts(504,5): error TS2322: Type 'unknown' is not assignable to type 'number'.
lib/services/offline-mode-service.ts(505,5): error TS2322: Type 'unknown' is not assignable to type 'number'.
lib/services/offline-mode-service.ts(506,5): error TS2322: Type 'unknown' is not assignable to type 'number'.
lib/services/offline-mode-service.ts(507,5): error TS2322: Type 'unknown' is not assignable to type 'string[] | undefined'.
lib/services/offline-mode-service.ts(508,5): error TS2322: Type 'unknown' is not assignable to type 'string'.
lib/services/offline-mode-service.ts(540,3): error TS2322: Type '{ id: unknown; userId: {} | undefined; action: "update" | "create" | "delete"; entity: unknown; entityId: {} | undefined; data: unknown; status: QueueItemStatus; retryCount: unknown; maxRetries: unknown; errorMessage: {} | undefined; priority: unknown; dependsOn: unknown; createdAt: unknown; lastAttemptAt: {} | unde...' is not assignable to type 'OfflineQueueItem[]'.
  Type '{ id: unknown; userId: {} | undefined; action: "create" | "update" | "delete"; entity: unknown; entityId: {} | undefined; data: unknown; status: QueueItemStatus; retryCount: unknown; maxRetries: unknown; errorMessage: {} | undefined; priority: unknown; dependsOn: unknown; createdAt: unknown; lastAttemptAt: {} | unde...' is not assignable to type 'OfflineQueueItem'.
    Types of property 'id' are incompatible.
      Type 'unknown' is not assignable to type 'string'.
lib/services/offline-mode-service.ts(664,5): error TS2322: Type 'unknown' is not assignable to type 'string'.
lib/services/offline-mode-service.ts(665,5): error TS2322: Type 'unknown' is not assignable to type 'string | undefined'.
lib/services/offline-mode-service.ts(667,5): error TS2322: Type 'unknown' is not assignable to type 'string'.
lib/services/offline-mode-service.ts(789,3): error TS2322: Type '{ id: unknown; userId: unknown; status: SyncStatus; startedAt: unknown; completedAt: {} | undefined; itemsProcessed: unknown; itemsSucceeded: unknown; itemsFailed: unknown; bytesUploaded: unknown; bytesDownloaded: unknown; errors: {}; deviceInfo: {} | undefined; networkType: {} | undefined; }[]' is not assignable to type 'SyncSession[]'.
  Type '{ id: unknown; userId: unknown; status: SyncStatus; startedAt: unknown; completedAt: {} | undefined; itemsProcessed: unknown; itemsSucceeded: unknown; itemsFailed: unknown; bytesUploaded: unknown; bytesDownloaded: unknown; errors: {}; deviceInfo: {} | undefined; networkType: {} | undefined; }' is not assignable to type 'SyncSession'.
    Types of property 'id' are incompatible.
      Type 'unknown' is not assignable to type 'string'.
lib/services/offline-mode-service.ts(836,5): error TS2322: Type '{} | null' is not assignable to type 'string | null'.
  Type '{}' is not assignable to type 'string'.
lib/services/offline-mode-service.ts(878,5): error TS2322: Type 'unknown' is not assignable to type 'string'.
lib/services/offline-mode-service.ts(879,5): error TS2322: Type 'unknown' is not assignable to type 'string'.
lib/services/offline-mode-service.ts(880,5): error TS2322: Type 'unknown' is not assignable to type 'Record<string, unknown>'.
lib/services/offline-mode-service.ts(881,5): error TS2322: Type '{} | undefined' is not assignable to type 'string | undefined'.
  Type '{}' is not assignable to type 'string'.
lib/services/offline-mode-service.ts(882,5): error TS2322: Type 'unknown' is not assignable to type 'string | undefined'.
lib/services/offline-mode-service.ts(883,5): error TS2322: Type '{} | undefined' is not assignable to type 'string | undefined'.
  Type '{}' is not assignable to type 'string'.
lib/services/offline-mode-service.ts(885,5): error TS2322: Type 'unknown' is not assignable to type 'string'.
lib/services/offline-mode-service.ts(886,5): error TS2322: Type 'unknown' is not assignable to type 'string'.
lib/services/offline-mode-service.ts(909,35): error TS2769: No overload matches this call.
  Overload 1 of 4, '(value: string | number | Date): Date', gave the following error.
    Argument of type '{}' is not assignable to parameter of type 'string | number | Date'.
  Overload 2 of 4, '(value: string | number): Date', gave the following error.
    Argument of type '{}' is not assignable to parameter of type 'string | number'.
lib/services/offline-mode-service.ts(914,5): error TS2322: Type 'unknown' is not assignable to type 'string'.
lib/services/offline-mode-service.ts(915,5): error TS2322: Type 'unknown' is not assignable to type 'string'.
lib/services/offline-mode-service.ts(916,5): error TS2322: Type 'unknown' is not assignable to type 'Record<string, unknown>'.
lib/services/offline-mode-service.ts(917,5): error TS2322: Type '{} | undefined' is not assignable to type 'string | undefined'.
  Type '{}' is not assignable to type 'string'.
lib/services/offline-mode-service.ts(918,5): error TS2322: Type 'unknown' is not assignable to type 'string | undefined'.
lib/services/offline-mode-service.ts(919,5): error TS2322: Type '{} | undefined' is not assignable to type 'string | undefined'.
  Type '{}' is not assignable to type 'string'.
lib/services/offline-mode-service.ts(921,5): error TS2322: Type 'unknown' is not assignable to type 'string'.
lib/services/offline-mode-service.ts(922,5): error TS2322: Type 'unknown' is not assignable to type 'string'.
lib/services/offline-mode-service.ts(989,5): error TS2322: Type 'unknown' is not assignable to type 'string'.
lib/services/offline-mode-service.ts(991,5): error TS2322: Type 'unknown' is not assignable to type 'string'.
lib/services/offline-mode-service.ts(992,5): error TS2322: Type 'unknown' is not assignable to type 'string'.
lib/services/offline-mode-service.ts(993,5): error TS2322: Type '{} | undefined' is not assignable to type 'string | undefined'.
  Type '{}' is not assignable to type 'string'.
lib/services/offline-mode-service.ts(994,5): error TS2322: Type 'unknown' is not assignable to type 'Record<string, unknown>'.
lib/services/offline-mode-service.ts(995,5): error TS2322: Type 'unknown' is not assignable to type 'string'.
lib/services/offline-mode-service.ts(996,5): error TS2322: Type 'unknown' is not assignable to type 'string'.
lib/services/offline-mode-service.ts(997,5): error TS2322: Type 'unknown' is not assignable to type 'number'.
lib/services/offline-mode-service.ts(1001,5): error TS2322: Type 'unknown' is not assignable to type 'string'.
lib/services/offline-mode-service.ts(1030,18): error TS2345: Argument of type 'unknown' is not assignable to parameter of type '{}'.
lib/services/offline-mode-service.ts(1035,9): error TS2322: Type 'unknown' is not assignable to type 'string'.
lib/services/offline-mode-service.ts(1037,9): error TS2322: Type 'unknown' is not assignable to type 'string'.
lib/services/offline-mode-service.ts(1038,9): error TS2322: Type 'unknown' is not assignable to type 'string'.
lib/services/offline-mode-service.ts(1039,9): error TS2322: Type '{} | undefined' is not assignable to type 'string | undefined'.
  Type '{}' is not assignable to type 'string'.
lib/services/offline-mode-service.ts(1040,9): error TS2322: Type 'unknown' is not assignable to type 'Record<string, unknown>'.
lib/services/offline-mode-service.ts(1041,9): error TS2322: Type 'unknown' is not assignable to type 'string'.
lib/services/offline-mode-service.ts(1042,9): error TS2322: Type 'unknown' is not assignable to type 'string'.
lib/services/offline-mode-service.ts(1043,9): error TS2322: Type 'unknown' is not assignable to type 'number'.
lib/services/offline-mode-service.ts(1046,9): error TS2322: Type '{} | undefined' is not assignable to type 'string | undefined'.
  Type '{}' is not assignable to type 'string'.
lib/services/offline-mode-service.ts(1047,9): error TS2322: Type '{} | undefined' is not assignable to type 'string | undefined'.
  Type '{}' is not assignable to type 'string'.
lib/services/offline-mode-service.ts(1048,9): error TS2322: Type 'unknown' is not assignable to type 'string'.
lib/services/offline-mode-service.ts(1129,5): error TS2322: Type '{}' is not assignable to type 'boolean'.
lib/services/offline-mode-service.ts(1131,5): error TS2322: Type 'unknown' is not assignable to type 'number | undefined'.
lib/services/offline-mode-service.ts(1132,5): error TS2322: Type 'unknown' is not assignable to type 'number | undefined'.
lib/services/offline-mode-service.ts(1133,5): error TS2322: Type '{}' is not assignable to type 'string'.
lib/services/offline-mode-service.ts(1156,5): error TS2322: Type 'unknown' is not assignable to type 'boolean'.
lib/services/offline-mode-service.ts(1158,5): error TS2322: Type 'unknown' is not assignable to type 'number | undefined'.
lib/services/offline-mode-service.ts(1159,5): error TS2322: Type 'unknown' is not assignable to type 'number | undefined'.
lib/services/offline-mode-service.ts(1160,5): error TS2322: Type 'unknown' is not assignable to type 'string'.
lib/services/outage-report-service.ts(474,11): error TS2322: Type 'unknown' is not assignable to type 'number'.
lib/services/outage-report-service.ts(474,36): error TS2322: Type 'unknown' is not assignable to type 'number'.
lib/services/outage-report-service.ts(481,28): error TS7053: Element implicitly has an 'any' type because expression of type 'any' can't be used to index type '{ critical: number; high: number; medium: number; low: number; }'.
lib/services/outage-report-service.ts(481,44): error TS2339: Property 'severity' does not exist on type '{ distance: number; }'.
lib/services/outage-report-service.ts(481,56): error TS7053: Element implicitly has an 'any' type because expression of type 'any' can't be used to index type '{ critical: number; high: number; medium: number; low: number; }'.
lib/services/outage-report-service.ts(481,72): error TS2339: Property 'severity' does not exist on type '{ distance: number; }'.
lib/services/outage-report-service.ts(611,26): error TS2538: Type 'unknown' cannot be used as an index type.
lib/services/outage-report-service.ts(612,29): error TS2538: Type 'unknown' cannot be used as an index type.
lib/services/outage-report-service.ts(616,7): error TS2365: Operator '+=' cannot be applied to types 'number' and '{}'.
lib/services/outage-report-service.ts(627,32): error TS2769: No overload matches this call.
  Overload 1 of 4, '(value: string | number | Date): Date', gave the following error.
    Argument of type 'unknown' is not assignable to parameter of type 'string | number | Date'.
  Overload 2 of 4, '(value: string | number): Date', gave the following error.
    Argument of type 'unknown' is not assignable to parameter of type 'string | number'.
lib/services/outage-report-service.ts(628,33): error TS2769: No overload matches this call.
  Overload 1 of 4, '(value: string | number | Date): Date', gave the following error.
    Argument of type 'unknown' is not assignable to parameter of type 'string | number | Date'.
  Overload 2 of 4, '(value: string | number): Date', gave the following error.
    Argument of type 'unknown' is not assignable to parameter of type 'string | number'.
lib/services/outage-report-service.ts(712,5): error TS2322: Type 'unknown' is not assignable to type 'string'.
lib/services/outage-report-service.ts(713,5): error TS2322: Type 'unknown' is not assignable to type 'string'.
lib/services/outage-report-service.ts(718,5): error TS2322: Type 'unknown' is not assignable to type 'number'.
lib/services/outage-report-service.ts(719,5): error TS2322: Type 'unknown' is not assignable to type 'number'.
lib/services/outage-report-service.ts(721,5): error TS2322: Type 'unknown' is not assignable to type 'string'.
lib/services/outage-report-service.ts(731,5): error TS2322: Type 'unknown' is not assignable to type 'boolean'.
lib/services/outage-report-service.ts(732,5): error TS2322: Type 'unknown' is not assignable to type 'boolean'.
lib/services/outage-report-service.ts(734,5): error TS2322: Type 'unknown' is not assignable to type 'boolean'.
lib/services/outage-report-service.ts(735,5): error TS2322: Type 'unknown' is not assignable to type 'boolean'.
lib/services/outage-report-service.ts(736,5): error TS2322: Type 'unknown' is not assignable to type 'boolean'.
lib/services/outage-report-service.ts(743,5): error TS2322: Type 'unknown' is not assignable to type 'string'.
lib/services/outage-report-service.ts(744,5): error TS2322: Type 'unknown' is not assignable to type 'string'.
lib/services/outage-report-service.ts(745,5): error TS2322: Type 'unknown' is not assignable to type 'string'.
lib/services/password-reset-service.ts(398,20): error TS2345: Argument of type 'unknown' is not assignable to parameter of type '{}'.
lib/services/password-reset-service.ts(406,7): error TS2322: Type 'unknown' is not assignable to type 'string'.
lib/services/password-reset-service.ts(407,7): error TS2322: Type 'unknown' is not assignable to type 'string'.
lib/services/password-reset-service.ts(479,7): error TS18046: 'request.attempts' is of type 'unknown'.
lib/services/password-reset-service.ts(479,27): error TS18046: 'request.max_attempts' is of type 'unknown'.
lib/services/password-reset-service.ts(522,7): error TS18046: 'request.attempts' is of type 'unknown'.
lib/services/password-reset-service.ts(522,27): error TS18046: 'request.max_attempts' is of type 'unknown'.
lib/services/password-reset-service.ts(529,25): error TS18046: 'request.attempts' is of type 'unknown'.
lib/services/password-reset-service.ts(530,15): error TS2345: Argument of type 'unknown' is not assignable to parameter of type '{}'.
lib/services/password-reset-service.ts(581,15): error TS2345: Argument of type 'unknown' is not assignable to parameter of type '{}'.
lib/services/password-reset-service.ts(653,3): error TS2322: Type '{ id: unknown; userId: unknown; passwordHash: unknown; createdAt: unknown; }[]' is not assignable to type 'PasswordHistoryEntry[]'.
  Type '{ id: unknown; userId: unknown; passwordHash: unknown; createdAt: unknown; }' is not assignable to type 'PasswordHistoryEntry'.
    Types of property 'id' are incompatible.
      Type 'unknown' is not assignable to type 'string'.
lib/services/password-reset-service.ts(680,30): error TS2769: No overload matches this call.
  Overload 1 of 4, '(value: string | number | Date): Date', gave the following error.
    Argument of type '{}' is not assignable to parameter of type 'string | number | Date'.
  Overload 2 of 4, '(value: string | number): Date', gave the following error.
    Argument of type '{}' is not assignable to parameter of type 'string | number'.
lib/services/password-reset-service.ts(705,30): error TS2769: No overload matches this call.
  Overload 1 of 4, '(value: string | number | Date): Date', gave the following error.
    Argument of type '{}' is not assignable to parameter of type 'string | number | Date'.
  Overload 2 of 4, '(value: string | number): Date', gave the following error.
    Argument of type '{}' is not assignable to parameter of type 'string | number'.
lib/services/password-reset-service.ts(766,5): error TS2322: Type 'unknown' is not assignable to type 'string | undefined'.
lib/services/password-reset-service.ts(779,5): error TS2322: Type 'unknown' is not assignable to type 'string'.
lib/services/password-reset-service.ts(780,5): error TS2322: Type 'unknown' is not assignable to type 'string'.
lib/services/password-reset-service.ts(781,5): error TS2322: Type 'unknown' is not assignable to type 'string'.
lib/services/password-reset-service.ts(782,5): error TS2322: Type 'unknown' is not assignable to type 'string'.
lib/services/password-reset-service.ts(783,5): error TS2322: Type 'unknown' is not assignable to type 'string'.
lib/services/password-reset-service.ts(787,5): error TS2322: Type 'unknown' is not assignable to type 'number'.
lib/services/password-reset-service.ts(788,5): error TS2322: Type 'unknown' is not assignable to type 'number'.
lib/services/password-reset-service.ts(789,5): error TS2322: Type 'unknown' is not assignable to type 'string'.
lib/services/password-reset-service.ts(790,5): error TS2322: Type 'unknown' is not assignable to type 'string'.
lib/services/personal-dashboard-service.ts(320,14): error TS18048: 'stats.unreadAlerts' is possibly 'undefined'.
lib/services/personal-dashboard-service.ts(322,14): error TS18048: 'stats.unreadAlerts' is possibly 'undefined'.
lib/services/personal-dashboard-service.ts(392,27): error TS2339: Property 'title' does not exist on type '{ type: WidgetType; size?: WidgetSize | undefined; position?: number | undefined; }'.
lib/services/personal-dashboard-service.ts(396,28): error TS2339: Property 'config' does not exist on type '{ type: WidgetType; size?: WidgetSize | undefined; position?: number | undefined; }'.
lib/services/personal-dashboard-service.ts(801,5): error TS2322: Type '{}' is not assignable to type 'string'.
lib/services/personal-dashboard-service.ts(884,5): error TS2322: Type 'unknown' is not assignable to type 'string'.
lib/services/personal-dashboard-service.ts(885,5): error TS2322: Type 'unknown' is not assignable to type 'string'.
lib/services/personal-dashboard-service.ts(886,5): error TS2322: Type 'unknown' is not assignable to type 'string'.
lib/services/personal-dashboard-service.ts(889,5): error TS2322: Type 'unknown' is not assignable to type 'boolean'.
lib/services/personal-dashboard-service.ts(890,5): error TS2322: Type 'unknown' is not assignable to type 'string'.
lib/services/personal-dashboard-service.ts(891,5): error TS2322: Type 'unknown' is not assignable to type 'string'.
lib/services/power-outage-map-service.ts(439,29): error TS2339: Property 'verifiedBy' does not exist on type 'PowerOutage'.
lib/services/power-outage-map-service.ts(539,5): error TS2322: Type 'unknown' is not assignable to type 'string'.
lib/services/power-outage-map-service.ts(545,5): error TS2322: Type 'unknown' is not assignable to type 'number'.
lib/services/power-outage-map-service.ts(546,5): error TS2322: Type 'unknown' is not assignable to type 'string'.
lib/services/power-outage-map-service.ts(550,5): error TS2322: Type 'unknown' is not assignable to type 'string'.
lib/services/power-outage-map-service.ts(558,5): error TS2322: Type 'unknown' is not assignable to type 'number'.
lib/services/power-outage-map-service.ts(562,5): error TS2322: Type 'unknown' is not assignable to type 'string'.
lib/services/power-outage-map-service.ts(563,5): error TS2322: Type 'unknown' is not assignable to type 'string'.
lib/services/power-outage-service.ts(516,7): error TS2322: Type 'unknown' is not assignable to type 'string | undefined'.
lib/services/power-outage-service.ts(552,5): error TS2322: Type 'unknown' is not assignable to type 'string'.
lib/services/power-outage-service.ts(553,5): error TS2322: Type '{} | undefined' is not assignable to type 'string | undefined'.
  Type '{}' is not assignable to type 'string'.
lib/services/power-outage-service.ts(554,5): error TS2322: Type 'unknown' is not assignable to type 'number'.
lib/services/power-outage-service.ts(555,5): error TS2322: Type 'unknown' is not assignable to type 'number'.
lib/services/power-outage-service.ts(556,5): error TS2322: Type '{} | undefined' is not assignable to type 'string | undefined'.
  Type '{}' is not assignable to type 'string'.
lib/services/power-outage-service.ts(557,5): error TS2322: Type '{} | undefined' is not assignable to type 'string | undefined'.
  Type '{}' is not assignable to type 'string'.
lib/services/power-outage-service.ts(558,5): error TS2322: Type '{} | undefined' is not assignable to type 'string | undefined'.
  Type '{}' is not assignable to type 'string'.
lib/services/power-outage-service.ts(559,5): error TS2322: Type '{} | undefined' is not assignable to type 'string | undefined'.
  Type '{}' is not assignable to type 'string'.
lib/services/power-outage-service.ts(561,5): error TS2322: Type '{} | undefined' is not assignable to type 'string | undefined'.
  Type '{}' is not assignable to type 'string'.
lib/services/power-outage-service.ts(562,5): error TS2322: Type 'unknown' is not assignable to type 'boolean'.
lib/services/power-outage-service.ts(563,5): error TS2322: Type 'unknown' is not assignable to type 'boolean'.
lib/services/power-outage-service.ts(564,5): error TS2322: Type 'unknown' is not assignable to type 'string'.
lib/services/power-outage-service.ts(588,3): error TS2322: Type '{ id: unknown; outageId: {} | undefined; latitude: unknown; longitude: unknown; address: {} | undefined; municipality: {} | undefined; parish: {} | undefined; reporterId: {} | undefined; reporterType: "user" | "utility" | "government" | "automated" | undefined; ... 4 more ...; createdAt: unknown; }[]' is not assignable to type 'OutageReport[]'.
  Type '{ id: unknown; outageId: {} | undefined; latitude: unknown; longitude: unknown; address: {} | undefined; municipality: {} | undefined; parish: {} | undefined; reporterId: {} | undefined; reporterType: "user" | "automated" | "utility" | "government" | undefined; ... 4 more ...; createdAt: unknown; }' is not assignable to type 'OutageReport'.
    Types of property 'id' are incompatible.
      Type 'unknown' is not assignable to type 'string'.
lib/services/power-outage-service.ts(678,3): error TS2322: Type '{ id: unknown; outageId: unknown; title: {} | undefined; description: unknown; previousStatus: unknown; newStatus: unknown; customersRestored: {} | undefined; progressPercentage: {} | undefined; crewId: {} | undefined; crewStatus: {} | undefined; estimatedRestoration: {} | undefined; createdAt: unknown; }[]' is not assignable to type 'OutageUpdate[]'.
  Type '{ id: unknown; outageId: unknown; title: {} | undefined; description: unknown; previousStatus: unknown; newStatus: unknown; customersRestored: {} | undefined; progressPercentage: {} | undefined; crewId: {} | undefined; crewStatus: {} | undefined; estimatedRestoration: {} | undefined; createdAt: unknown; }' is not assignable to type 'OutageUpdate'.
    Types of property 'id' are incompatible.
      Type 'unknown' is not assignable to type 'string'.
lib/services/power-outage-service.ts(775,125): error TS2345: Argument of type 'unknown' is not assignable to parameter of type 'string'.
lib/services/power-outage-service.ts(782,7): error TS2365: Operator '+=' cannot be applied to types 'number' and '{}'.
lib/services/power-outage-service.ts(785,30): error TS2538: Type '{}' cannot be used as an index type.
lib/services/power-outage-service.ts(785,75): error TS2538: Type '{}' cannot be used as an index type.
lib/services/power-outage-service.ts(793,18): error TS2339: Property 'actual_restoration' does not exist on type '{ status: unknown; severity: unknown; cause: unknown; municipality: unknown; affected_customers_total: unknown; }'.
lib/services/power-outage-service.ts(793,47): error TS2339: Property 'outage_started_at' does not exist on type '{ status: unknown; severity: unknown; cause: unknown; municipality: unknown; affected_customers_total: unknown; }'.
lib/services/power-outage-service.ts(794,39): error TS2339: Property 'outage_started_at' does not exist on type '{ status: unknown; severity: unknown; cause: unknown; municipality: unknown; affected_customers_total: unknown; }'.
lib/services/power-outage-service.ts(795,37): error TS2339: Property 'actual_restoration' does not exist on type '{ status: unknown; severity: unknown; cause: unknown; municipality: unknown; affected_customers_total: unknown; }'.
lib/services/power-outage-service.ts(915,30): error TS2769: No overload matches this call.
  Overload 1 of 4, '(value: string | number | Date): Date', gave the following error.
    Argument of type '{}' is not assignable to parameter of type 'string | number | Date'.
  Overload 2 of 4, '(value: string | number): Date', gave the following error.
    Argument of type '{}' is not assignable to parameter of type 'string | number'.
lib/services/power-outage-service.ts(916,28): error TS2769: No overload matches this call.
  Overload 1 of 4, '(value: string | number | Date): Date', gave the following error.
    Argument of type '{}' is not assignable to parameter of type 'string | number | Date'.
  Overload 2 of 4, '(value: string | number): Date', gave the following error.
    Argument of type '{}' is not assignable to parameter of type 'string | number'.
lib/services/power-outage-service.ts(934,5): error TS2322: Type 'unknown' is not assignable to type 'string'.
lib/services/power-outage-service.ts(959,5): error TS2322: Type '{}' is not assignable to type 'number'.
lib/services/power-outage-service.ts(963,5): error TS2322: Type '{}' is not assignable to type 'number'.
lib/services/power-outage-service.ts(964,5): error TS2322: Type 'unknown' is not assignable to type 'string'.
lib/services/power-outage-service.ts(965,5): error TS2322: Type 'unknown' is not assignable to type 'string'.
lib/services/privacy-controls-service.ts(100,3): error TS2300: Duplicate identifier 'expiresAt'.
lib/services/privacy-controls-service.ts(108,3): error TS2300: Duplicate identifier 'expiresAt'.
lib/services/privacy-controls-service.ts(490,17): error TS2345: Argument of type 'unknown' is not assignable to parameter of type '{}'.
lib/services/privacy-controls-service.ts(599,5): error TS2322: Type 'unknown' is not assignable to type 'string'.
lib/services/privacy-controls-service.ts(600,5): error TS2322: Type 'unknown' is not assignable to type 'string'.
lib/services/privacy-controls-service.ts(601,5): error TS2322: Type 'unknown' is not assignable to type '("alerts" | "preferences" | "reports" | "emergency_contacts" | "profile" | "location_history" | "communications" | "analytics")[]'.
lib/services/privacy-controls-service.ts(602,5): error TS2322: Type 'unknown' is not assignable to type '"json" | "csv" | "pdf"'.
lib/services/privacy-controls-service.ts(603,5): error TS2322: Type 'unknown' is not assignable to type '"failed" | "pending" | "completed" | "processing"'.
lib/services/privacy-controls-service.ts(604,5): error TS2322: Type 'unknown' is not assignable to type 'number | undefined'.
lib/services/privacy-controls-service.ts(605,5): error TS2322: Type '{} | undefined' is not assignable to type 'string | undefined'.
  Type '{}' is not assignable to type 'string'.
lib/services/privacy-controls-service.ts(606,5): error TS2322: Type '{} | undefined' is not assignable to type 'string | undefined'.
  Type '{}' is not assignable to type 'string'.
lib/services/privacy-controls-service.ts(607,5): error TS2322: Type '{} | undefined' is not assignable to type 'number | undefined'.
  Type '{}' is not assignable to type 'number'.
lib/services/privacy-controls-service.ts(608,5): error TS2322: Type 'unknown' is not assignable to type 'string'.
lib/services/privacy-controls-service.ts(609,5): error TS2322: Type '{} | undefined' is not assignable to type 'string | undefined'.
  Type '{}' is not assignable to type 'string'.
lib/services/privacy-controls-service.ts(639,5): error TS2322: Type 'unknown' is not assignable to type 'string'.
lib/services/privacy-controls-service.ts(640,5): error TS2322: Type 'unknown' is not assignable to type 'string'.
lib/services/privacy-controls-service.ts(641,5): error TS2322: Type 'unknown' is not assignable to type '("alerts" | "preferences" | "reports" | "emergency_contacts" | "profile" | "location_history" | "communications" | "analytics")[]'.
lib/services/privacy-controls-service.ts(642,5): error TS2322: Type 'unknown' is not assignable to type '"json" | "csv" | "pdf"'.
lib/services/privacy-controls-service.ts(643,5): error TS2322: Type 'unknown' is not assignable to type '"failed" | "pending" | "completed" | "processing"'.
lib/services/privacy-controls-service.ts(644,5): error TS2322: Type 'unknown' is not assignable to type 'number | undefined'.
lib/services/privacy-controls-service.ts(645,5): error TS2322: Type '{} | undefined' is not assignable to type 'string | undefined'.
  Type '{}' is not assignable to type 'string'.
lib/services/privacy-controls-service.ts(646,5): error TS2322: Type '{} | undefined' is not assignable to type 'string | undefined'.
  Type '{}' is not assignable to type 'string'.
lib/services/privacy-controls-service.ts(647,5): error TS2322: Type '{} | undefined' is not assignable to type 'number | undefined'.
  Type '{}' is not assignable to type 'number'.
lib/services/privacy-controls-service.ts(648,5): error TS2322: Type 'unknown' is not assignable to type 'string'.
lib/services/privacy-controls-service.ts(649,5): error TS2322: Type '{} | undefined' is not assignable to type 'string | undefined'.
  Type '{}' is not assignable to type 'string'.
lib/services/privacy-controls-service.ts(672,3): error TS2322: Type '{ id: unknown; userId: unknown; dataTypes: unknown; format: unknown; status: unknown; progress: unknown; downloadUrl: {} | undefined; expiresAt: {} | undefined; fileSize: {} | undefined; requestedAt: unknown; completedAt: {} | undefined; }[]' is not assignable to type 'DataExport[]'.
  Type '{ id: unknown; userId: unknown; dataTypes: unknown; format: unknown; status: unknown; progress: unknown; downloadUrl: {} | undefined; expiresAt: {} | undefined; fileSize: {} | undefined; requestedAt: unknown; completedAt: {} | undefined; }' is not assignable to type 'DataExport'.
    Types of property 'id' are incompatible.
      Type 'unknown' is not assignable to type 'string'.
lib/services/privacy-controls-service.ts(747,5): error TS2322: Type 'unknown' is not assignable to type 'string'.
lib/services/privacy-controls-service.ts(748,5): error TS2322: Type 'unknown' is not assignable to type 'string'.
lib/services/privacy-controls-service.ts(749,5): error TS2322: Type '{} | undefined' is not assignable to type 'string | undefined'.
  Type '{}' is not assignable to type 'string'.
lib/services/privacy-controls-service.ts(750,5): error TS2322: Type 'unknown' is not assignable to type 'string'.
lib/services/privacy-controls-service.ts(751,5): error TS2322: Type 'unknown' is not assignable to type '("all" | "alerts" | "preferences" | "reports" | "emergency_contacts" | "profile" | "location_history" | "communications" | "analytics")[]'.
lib/services/privacy-controls-service.ts(752,5): error TS2322: Type '{} | undefined' is not assignable to type 'string[] | undefined'.
  Type '{}' is missing the following properties from type 'string[]': length, pop, push, concat, and 35 more.
lib/services/privacy-controls-service.ts(753,5): error TS2322: Type 'unknown' is not assignable to type '"pending" | "completed" | "cancelled" | "processing"'.
lib/services/privacy-controls-service.ts(754,5): error TS2322: Type 'unknown' is not assignable to type 'string'.
lib/services/privacy-controls-service.ts(755,5): error TS2322: Type '{} | undefined' is not assignable to type 'string | undefined'.
  Type '{}' is not assignable to type 'string'.
lib/services/privacy-controls-service.ts(756,5): error TS2322: Type '{} | undefined' is not assignable to type 'string | undefined'.
  Type '{}' is not assignable to type 'string'.
lib/services/privacy-controls-service.ts(757,5): error TS2322: Type '{} | undefined' is not assignable to type 'string | undefined'.
  Type '{}' is not assignable to type 'string'.
lib/services/privacy-controls-service.ts(758,5): error TS2322: Type 'unknown' is not assignable to type 'string'.
lib/services/privacy-controls-service.ts(759,5): error TS2322: Type 'unknown' is not assignable to type 'string'.
lib/services/privacy-controls-service.ts(810,5): error TS2322: Type 'unknown' is not assignable to type 'string'.
lib/services/privacy-controls-service.ts(811,5): error TS2322: Type 'unknown' is not assignable to type 'string'.
lib/services/privacy-controls-service.ts(812,5): error TS2322: Type '{} | undefined' is not assignable to type 'string | undefined'.
  Type '{}' is not assignable to type 'string'.
lib/services/privacy-controls-service.ts(813,5): error TS2322: Type 'unknown' is not assignable to type 'string'.
lib/services/privacy-controls-service.ts(814,5): error TS2322: Type 'unknown' is not assignable to type '("all" | "alerts" | "preferences" | "reports" | "emergency_contacts" | "profile" | "location_history" | "communications" | "analytics")[]'.
lib/services/privacy-controls-service.ts(815,5): error TS2322: Type '{} | undefined' is not assignable to type 'string[] | undefined'.
  Type '{}' is missing the following properties from type 'string[]': length, pop, push, concat, and 35 more.
lib/services/privacy-controls-service.ts(816,5): error TS2322: Type 'unknown' is not assignable to type '"pending" | "completed" | "cancelled" | "processing"'.
lib/services/privacy-controls-service.ts(817,5): error TS2322: Type 'unknown' is not assignable to type 'string'.
lib/services/privacy-controls-service.ts(818,5): error TS2322: Type '{} | undefined' is not assignable to type 'string | undefined'.
  Type '{}' is not assignable to type 'string'.
lib/services/privacy-controls-service.ts(819,5): error TS2322: Type '{} | undefined' is not assignable to type 'string | undefined'.
  Type '{}' is not assignable to type 'string'.
lib/services/privacy-controls-service.ts(820,5): error TS2322: Type '{} | undefined' is not assignable to type 'string | undefined'.
  Type '{}' is not assignable to type 'string'.
lib/services/privacy-controls-service.ts(821,5): error TS2322: Type 'unknown' is not assignable to type 'string'.
lib/services/privacy-controls-service.ts(822,5): error TS2322: Type 'unknown' is not assignable to type 'string'.
lib/services/privacy-controls-service.ts(875,5): error TS2322: Type 'unknown' is not assignable to type 'string'.
lib/services/privacy-controls-service.ts(876,5): error TS2322: Type 'unknown' is not assignable to type 'string'.
lib/services/privacy-controls-service.ts(877,5): error TS2322: Type 'unknown' is not assignable to type 'string'.
lib/services/privacy-controls-service.ts(878,5): error TS2322: Type '{} | undefined' is not assignable to type 'string | undefined'.
  Type '{}' is not assignable to type 'string'.
lib/services/privacy-controls-service.ts(879,5): error TS2322: Type '{} | undefined' is not assignable to type 'string | undefined'.
  Type '{}' is not assignable to type 'string'.
lib/services/privacy-controls-service.ts(880,5): error TS2322: Type 'unknown' is not assignable to type 'boolean'.
lib/services/privacy-controls-service.ts(881,5): error TS2322: Type '{} | undefined' is not assignable to type 'string | undefined'.
  Type '{}' is not assignable to type 'string'.
lib/services/privacy-controls-service.ts(882,5): error TS2322: Type 'unknown' is not assignable to type '"web" | "mobile" | "api" | "import"'.
lib/services/privacy-controls-service.ts(883,5): error TS2322: Type '{} | undefined' is not assignable to type 'string | undefined'.
  Type '{}' is not assignable to type 'string'.
lib/services/privacy-controls-service.ts(884,5): error TS2322: Type '{} | undefined' is not assignable to type 'string | undefined'.
  Type '{}' is not assignable to type 'string'.
lib/services/privacy-controls-service.ts(885,5): error TS2322: Type '{} | undefined' is not assignable to type 'string[] | undefined'.
  Type '{}' is missing the following properties from type 'string[]': length, pop, push, concat, and 35 more.
lib/services/privacy-controls-service.ts(886,5): error TS2322: Type '{} | undefined' is not assignable to type 'string | undefined'.
  Type '{}' is not assignable to type 'string'.
lib/services/privacy-controls-service.ts(887,5): error TS2322: Type 'unknown' is not assignable to type 'string'.
lib/services/privacy-controls-service.ts(888,5): error TS2322: Type 'unknown' is not assignable to type 'string'.
lib/services/privacy-controls-service.ts(911,3): error TS2322: Type '{ id: unknown; consentType: unknown; consentVersion: unknown; userId: {} | undefined; anonymousId: {} | undefined; granted: unknown; revokedAt: {} | undefined; source: unknown; ipAddress: {} | undefined; userAgent: {} | undefined; scope: {} | undefined; purpose: {} | undefined; grantedAt: unknown; updatedAt: unknown...' is not assignable to type 'ConsentRecord[]'.
  Type '{ id: unknown; consentType: unknown; consentVersion: unknown; userId: {} | undefined; anonymousId: {} | undefined; granted: unknown; revokedAt: {} | undefined; source: unknown; ipAddress: {} | undefined; userAgent: {} | undefined; scope: {} | undefined; purpose: {} | undefined; grantedAt: unknown; updatedAt: unknown...' is not assignable to type 'ConsentRecord'.
    Types of property 'id' are incompatible.
      Type 'unknown' is not assignable to type 'string'.
lib/services/privacy-controls-service.ts(1014,3): error TS2322: Type '{ id: unknown; action: unknown; targetType: unknown; targetId: {} | undefined; userId: {} | undefined; actorId: {} | undefined; ipAddress: {} | undefined; userAgent: {} | undefined; location: {} | undefined; description: unknown; changes: {} | undefined; timestamp: unknown; }[]' is not assignable to type 'PrivacyAuditLog[]'.
  Type '{ id: unknown; action: unknown; targetType: unknown; targetId: {} | undefined; userId: {} | undefined; actorId: {} | undefined; ipAddress: {} | undefined; userAgent: {} | undefined; location: {} | undefined; description: unknown; changes: {} | undefined; timestamp: unknown; }' is not assignable to type 'PrivacyAuditLog'.
    Types of property 'id' are incompatible.
      Type 'unknown' is not assignable to type 'string'.
lib/services/privacy-controls-service.ts(1073,5): error TS2322: Type '{}' is not assignable to type 'string'.
lib/services/privacy-controls-service.ts(1074,5): error TS2322: Type '{}' is not assignable to type 'string'.
lib/services/privacy-controls-service.ts(1114,6): error TS2551: Property 'catch' does not exist on type 'PostgrestFilterBuilder<GenericSchema, Record<string, unknown>, null, "privacy_audit_log", GenericRelationship[]>'. Did you mean 'match'?
lib/services/privacy-controls-service.ts(1114,12): error TS7006: Parameter 'error' implicitly has an 'any' type.
lib/services/privacy-controls-service.ts(1124,5): error TS2322: Type 'unknown' is not assignable to type 'string'.
lib/services/privacy-controls-service.ts(1132,5): error TS2322: Type 'unknown' is not assignable to type 'string'.
lib/services/privacy-controls-service.ts(1133,5): error TS2322: Type 'unknown' is not assignable to type 'string'.
lib/services/privacy-controls-service.ts(1164,10): error TS2551: Property 'catch' does not exist on type 'PostgrestFilterBuilder<GenericSchema, Record<string, unknown>, null, string, GenericRelationship[]>'. Did you mean 'match'?
lib/services/privacy-controls-service.ts(1164,16): error TS7006: Parameter 'error' implicitly has an 'any' type.
lib/services/professional-alerts-service.ts(531,60): error TS2345: Argument of type 'string[]' is not assignable to parameter of type 'ProfessionalRole[]'.
  Type 'string' is not assignable to type 'ProfessionalRole'.
lib/services/professional-alerts-service.ts(570,10): error TS2352: Conversion of type '{ [x: string]: unknown; }[]' to type 'ProfessionalResponder[]' may be a mistake because neither type sufficiently overlaps with the other. If this was intentional, convert the expression to 'unknown' first.
  Type '{ [x: string]: unknown; }' is missing the following properties from type 'ProfessionalResponder': id, userId, organization, role, and 4 more.
lib/services/professional-alerts-service.ts(760,9): error TS2345: Argument of type '{}' is not assignable to parameter of type 'number'.
lib/services/professional-alerts-service.ts(764,25): error TS2352: Conversion of type '{ [x: string]: unknown; }' to type 'ProfessionalResponder' may be a mistake because neither type sufficiently overlaps with the other. If this was intentional, convert the expression to 'unknown' first.
  Type '{ [x: string]: unknown; }' is missing the following properties from type 'ProfessionalResponder': id, userId, organization, role, and 4 more.
lib/services/professional-alerts-service.ts(791,5): error TS2353: Object literal may only specify known properties, and 'createdAt' does not exist in type 'ProfessionalResponder'.
lib/services/professional-alerts-service.ts(859,14): error TS2538: Type 'unknown' cannot be used as an index type.
lib/services/professional-alerts-service.ts(859,40): error TS2538: Type 'unknown' cannot be used as an index type.
lib/services/professional-alerts-service.ts(860,12): error TS2538: Type 'unknown' cannot be used as an index type.
lib/services/professional-alerts-service.ts(860,40): error TS2538: Type 'unknown' cannot be used as an index type.
lib/services/professional-alerts-service.ts(861,16): error TS2538: Type 'unknown' cannot be used as an index type.
lib/services/professional-alerts-service.ts(861,46): error TS2538: Type 'unknown' cannot be used as an index type.
lib/services/professional-alerts-service.ts(869,32): error TS2769: No overload matches this call.
  Overload 1 of 4, '(value: string | number | Date): Date', gave the following error.
    Argument of type 'unknown' is not assignable to parameter of type 'string | number | Date'.
  Overload 2 of 4, '(value: string | number): Date', gave the following error.
    Argument of type 'unknown' is not assignable to parameter of type 'string | number'.
lib/services/professional-alerts-service.ts(870,33): error TS2769: No overload matches this call.
  Overload 1 of 4, '(value: string | number | Date): Date', gave the following error.
    Argument of type 'unknown' is not assignable to parameter of type 'string | number | Date'.
  Overload 2 of 4, '(value: string | number): Date', gave the following error.
    Argument of type 'unknown' is not assignable to parameter of type 'string | number'.
lib/services/professional-alerts-service.ts(877,96): error TS2339: Property 'length' does not exist on type '{}'.
lib/services/professional-alerts-service.ts(898,5): error TS2322: Type 'unknown' is not assignable to type 'string'.
lib/services/professional-alerts-service.ts(901,5): error TS2322: Type 'unknown' is not assignable to type 'string'.
lib/services/professional-alerts-service.ts(902,5): error TS2322: Type 'unknown' is not assignable to type 'string'.
lib/services/professional-alerts-service.ts(903,5): error TS2322: Type 'unknown' is not assignable to type 'number'.
lib/services/professional-alerts-service.ts(904,5): error TS2322: Type 'unknown' is not assignable to type 'number'.
lib/services/professional-alerts-service.ts(907,5): error TS2322: Type 'unknown' is not assignable to type 'number'.
lib/services/professional-alerts-service.ts(915,5): error TS2322: Type 'unknown' is not assignable to type 'string'.
lib/services/professional-alerts-service.ts(918,5): error TS2322: Type 'unknown' is not assignable to type 'string'.
lib/services/professional-alerts-service.ts(919,5): error TS2322: Type 'unknown' is not assignable to type 'string'.
lib/services/profile-management-service.ts(326,5): error TS2322: Type 'unknown' is not assignable to type 'string | undefined'.
lib/services/profile-management-service.ts(327,5): error TS2322: Type 'unknown' is not assignable to type 'string | undefined'.
lib/services/profile-management-service.ts(328,5): error TS2322: Type 'unknown' is not assignable to type 'string | undefined'.
lib/services/profile-management-service.ts(329,5): error TS2322: Type 'unknown' is not assignable to type 'string | undefined'.
lib/services/profile-management-service.ts(330,5): error TS2322: Type 'unknown' is not assignable to type '{ city?: string | undefined; state?: string | undefined; country?: string | undefined; coordinates?: { latitude: number; longitude: number; } | undefined; } | undefined'.
lib/services/profile-management-service.ts(331,5): error TS2322: Type 'unknown' is not assignable to type 'boolean | undefined'.
lib/services/profile-management-service.ts(442,23): error TS2339: Property 'map' does not exist on type '{}'.
lib/services/profile-management-service.ts(451,5): error TS2322: Type 'unknown' is not assignable to type 'string'.
lib/services/profile-management-service.ts(452,5): error TS2322: Type 'unknown' is not assignable to type 'string'.
lib/services/profile-management-service.ts(453,5): error TS2322: Type 'unknown' is not assignable to type 'string'.
lib/services/profile-management-service.ts(454,5): error TS2322: Type 'unknown' is not assignable to type 'string'.
lib/services/profile-management-service.ts(459,5): error TS2322: Type 'unknown' is not assignable to type 'string'.
lib/services/profile-management-service.ts(460,5): error TS2322: Type 'unknown' is not assignable to type 'string'.
lib/services/profile-management-service.ts(463,5): error TS2322: Type 'unknown' is not assignable to type 'boolean'.
lib/services/profile-management-service.ts(465,5): error TS2322: Type 'unknown' is not assignable to type 'boolean'.
lib/services/profile-management-service.ts(467,5): error TS2322: Type 'unknown' is not assignable to type 'string'.
lib/services/profile-management-service.ts(468,5): error TS2322: Type 'unknown' is not assignable to type 'string'.
lib/services/public-api-service.ts(603,51): error TS2345: Argument of type 'unknown' is not assignable to parameter of type 'string'.
lib/services/public-api-service.ts(628,32): error TS2345: Argument of type 'unknown' is not assignable to parameter of type 'string'.
lib/services/public-api-service.ts(670,32): error TS2345: Argument of type 'unknown' is not assignable to parameter of type 'string'.
lib/services/public-api-service.ts(945,15): error TS2538: Type 'unknown' cannot be used as an index type.
lib/services/public-api-service.ts(949,28): error TS2538: Type 'unknown' cannot be used as an index type.
lib/services/public-api-service.ts(950,9): error TS7053: Element implicitly has an 'any' type because expression of type 'any' can't be used to index type 'Record<APIKeyTier, { requests: number; apiKeys: number; percentage: number; }>'.
lib/services/public-api-service.ts(951,7): error TS7053: Element implicitly has an 'any' type because expression of type 'any' can't be used to index type 'Record<APIKeyTier, { requests: number; apiKeys: number; percentage: number; }>'.
lib/services/public-api-service.ts(1035,5): error TS2741: Property 'cacheable' is missing in type '{ id: string; path: string; method: "POST"; category: "outages"; summary: string; description: string; authRequired: true; authMethods: ("api_key" | "oauth2" | "jwt")[]; rateLimited: true; status: "stable"; version: string; }' but required in type 'APIEndpoint'.
lib/services/public-api-service.ts(1148,5): error TS2322: Type 'unknown' is not assignable to type 'string'.
lib/services/public-api-service.ts(1149,5): error TS2322: Type 'unknown' is not assignable to type 'string'.
lib/services/public-api-service.ts(1150,5): error TS2322: Type 'unknown' is not assignable to type 'string'.
lib/services/public-api-service.ts(1154,5): error TS2322: Type 'unknown' is not assignable to type 'string'.
lib/services/public-api-service.ts(1155,5): error TS2322: Type 'unknown' is not assignable to type 'string | undefined'.
lib/services/public-api-service.ts(1157,5): error TS2322: Type 'unknown' is not assignable to type 'string[]'.
lib/services/public-api-service.ts(1158,5): error TS2322: Type 'unknown' is not assignable to type 'APIEndpointCategory[]'.
lib/services/public-api-service.ts(1159,5): error TS2322: Type 'unknown' is not assignable to type 'string[] | undefined'.
lib/services/public-api-service.ts(1160,5): error TS2322: Type 'unknown' is not assignable to type 'string[] | undefined'.
lib/services/public-api-service.ts(1162,5): error TS2322: Type 'unknown' is not assignable to type '{ requestsToday: number; requestsThisMonth: number; quotaUsed: number; quotaTotal: number; }'.
lib/services/public-api-service.ts(1166,5): error TS2322: Type 'unknown' is not assignable to type 'string'.
lib/services/public-api-service.ts(1167,5): error TS2322: Type 'unknown' is not assignable to type 'string'.
lib/services/public-api-service.ts(1176,5): error TS2322: Type 'unknown' is not assignable to type 'string'.
lib/services/public-api-service.ts(1177,5): error TS2322: Type 'unknown' is not assignable to type 'string'.
lib/services/public-api-service.ts(1178,5): error TS2322: Type 'unknown' is not assignable to type 'string'.
lib/services/public-api-service.ts(1180,5): error TS2322: Type 'unknown' is not assignable to type 'string'.
lib/services/public-api-service.ts(1181,5): error TS2322: Type 'unknown' is not assignable to type 'string'.
lib/services/public-api-service.ts(1182,5): error TS2322: Type 'unknown' is not assignable to type 'string[]'.
lib/services/public-api-service.ts(1183,5): error TS2322: Type 'unknown' is not assignable to type '{ alertTypes?: string[] | undefined; severities?: string[] | undefined; regions?: string[] | undefined; } | undefined'.
lib/services/public-api-service.ts(1186,5): error TS2322: Type 'unknown' is not assignable to type 'Record<string, unknown> | undefined'.
lib/services/public-api-service.ts(1187,5): error TS2322: Type 'unknown' is not assignable to type '{ maxRetries: number; retryDelayMs: number; backoffMultiplier: number; }'.
lib/services/public-api-service.ts(1188,5): error TS2322: Type 'unknown' is not assignable to type '{ totalDeliveries: number; successfulDeliveries: number; failedDeliveries: number; lastDeliveryAt?: string | undefined; } | undefined'.
lib/services/public-api-service.ts(1189,5): error TS2322: Type 'unknown' is not assignable to type 'string'.
lib/services/public-api-service.ts(1190,5): error TS2322: Type 'unknown' is not assignable to type 'string'.
lib/services/push-notification-service.ts(494,17): error TS2345: Argument of type 'unknown' is not assignable to parameter of type '{}'.
lib/services/report-scheduling-service.ts(336,5): error TS2322: Type '{ filters?: Record<string, unknown> | undefined; columns?: string[] | undefined; groupBy?: string[] | undefined; sortBy?: string | undefined; sortOrder?: "asc" | "desc" | undefined; customQuery?: string | undefined; } | undefined' is not assignable to type '{ filters?: Record<string, unknown> | undefined; columns?: string[] | undefined; groupBy?: string[] | undefined; sortBy?: string | undefined; sortOrder?: "asc" | "desc" | undefined; customQuery?: string | undefined; }'.
  Type 'undefined' is not assignable to type '{ filters?: Record<string, unknown> | undefined; columns?: string[] | undefined; groupBy?: string[] | undefined; sortBy?: string | undefined; sortOrder?: "asc" | "desc" | undefined; customQuery?: string | undefined; }'.
lib/services/report-scheduling-service.ts(732,3): error TS2322: Type '{ id: unknown; deliveredAt: unknown; recipients: unknown; format: unknown; status: unknown; }[]' is not assignable to type '{ id: string; deliveredAt: string; recipients: string[]; format: DeliveryFormat; status: string; }[]'.
  Type '{ id: unknown; deliveredAt: unknown; recipients: unknown; format: unknown; status: unknown; }' is not assignable to type '{ id: string; deliveredAt: string; recipients: string[]; format: DeliveryFormat; status: string; }'.
    Types of property 'id' are incompatible.
      Type 'unknown' is not assignable to type 'string'.
lib/services/report-scheduling-service.ts(771,5): error TS2322: Type 'unknown' is not assignable to type 'string'.
lib/services/report-scheduling-service.ts(772,5): error TS2322: Type 'unknown' is not assignable to type 'string'.
lib/services/report-scheduling-service.ts(776,5): error TS2322: Type 'unknown' is not assignable to type 'string'.
lib/services/report-scheduling-service.ts(778,5): error TS2322: Type 'unknown' is not assignable to type 'string'.
lib/services/report-scheduling-service.ts(779,5): error TS2322: Type 'unknown' is not assignable to type 'string'.
lib/services/report-scheduling-service.ts(781,5): error TS2322: Type '{ filters?: Record<string, unknown> | undefined; columns?: string[] | undefined; groupBy?: string[] | undefined; sortBy?: string | undefined; sortOrder?: "asc" | "desc" | undefined; customQuery?: string | undefined; } | undefined' is not assignable to type '{ filters?: Record<string, unknown> | undefined; columns?: string[] | undefined; groupBy?: string[] | undefined; sortBy?: string | undefined; sortOrder?: "asc" | "desc" | undefined; customQuery?: string | undefined; }'.
  Type 'undefined' is not assignable to type '{ filters?: Record<string, unknown> | undefined; columns?: string[] | undefined; groupBy?: string[] | undefined; sortBy?: string | undefined; sortOrder?: "asc" | "desc" | undefined; customQuery?: string | undefined; }'.
lib/services/report-scheduling-service.ts(783,5): error TS2322: Type 'unknown' is not assignable to type 'string'.
lib/services/report-scheduling-service.ts(786,5): error TS2322: Type 'unknown' is not assignable to type 'number'.
lib/services/report-scheduling-service.ts(787,5): error TS2322: Type 'unknown' is not assignable to type 'string'.
lib/services/report-scheduling-service.ts(788,5): error TS2322: Type 'unknown' is not assignable to type 'string'.
lib/services/restoration-tracking-service.ts(633,19): error TS2365: Operator '+' cannot be applied to types '{}' and 'number'.
lib/services/restoration-tracking-service.ts(659,5): error TS2322: Type 'unknown' is not assignable to type 'string'.
lib/services/restoration-tracking-service.ts(660,5): error TS2322: Type 'unknown' is not assignable to type 'string'.
lib/services/restoration-tracking-service.ts(661,5): error TS2322: Type '{} | undefined' is not assignable to type 'string | undefined'.
  Type '{}' is not assignable to type 'string'.
lib/services/restoration-tracking-service.ts(662,5): error TS2322: Type 'unknown' is not assignable to type 'string'.
lib/services/restoration-tracking-service.ts(663,5): error TS2322: Type 'unknown' is not assignable to type 'RestorationStatus | undefined'.
lib/services/restoration-tracking-service.ts(664,5): error TS2322: Type 'unknown' is not assignable to type 'RestorationStatus'.
lib/services/restoration-tracking-service.ts(665,5): error TS2322: Type '{} | undefined' is not assignable to type 'number | undefined'.
  Type '{}' is not assignable to type 'number'.
lib/services/restoration-tracking-service.ts(666,5): error TS2322: Type '{} | undefined' is not assignable to type 'string | undefined'.
  Type '{}' is not assignable to type 'string'.
lib/services/restoration-tracking-service.ts(667,5): error TS2322: Type '{} | undefined' is not assignable to type 'UpdateSource | undefined'.
  Type '{}' is not assignable to type 'UpdateSource | undefined'.
lib/services/restoration-tracking-service.ts(668,5): error TS2322: Type '{} | undefined' is not assignable to type 'string | undefined'.
  Type '{}' is not assignable to type 'string'.
lib/services/restoration-tracking-service.ts(669,5): error TS2322: Type '{} | undefined' is not assignable to type 'number | undefined'.
  Type '{}' is not assignable to type 'number'.
lib/services/restoration-tracking-service.ts(670,5): error TS2322: Type '{} | undefined' is not assignable to type 'number | undefined'.
  Type '{}' is not assignable to type 'number'.
lib/services/restoration-tracking-service.ts(671,5): error TS2322: Type 'unknown' is not assignable to type 'Record<string, unknown> | undefined'.
lib/services/restoration-tracking-service.ts(672,5): error TS2322: Type 'unknown' is not assignable to type 'string'.
lib/services/restoration-tracking-service.ts(697,3): error TS2322: Type '{ id: unknown; restorationId: unknown; title: {} | undefined; description: unknown; previousStatus: {} | undefined; newStatus: unknown; progressPercentage: {} | undefined; estimatedRestoration: {} | undefined; source: {} | undefined; ... 4 more ...; createdAt: unknown; }[]' is not assignable to type 'RestorationUpdate[]'.
  Type '{ id: unknown; restorationId: unknown; title: {} | undefined; description: unknown; previousStatus: {} | undefined; newStatus: unknown; progressPercentage: {} | undefined; estimatedRestoration: {} | undefined; source: {} | undefined; ... 4 more ...; createdAt: unknown; }' is not assignable to type 'RestorationUpdate'.
    Types of property 'id' are incompatible.
      Type 'unknown' is not assignable to type 'string'.
lib/services/restoration-tracking-service.ts(764,5): error TS2322: Type 'string[] | undefined' is not assignable to type 'RestorationStatus[] | undefined'.
  Type 'string[]' is not assignable to type 'RestorationStatus[]'.
    Type 'string' is not assignable to type 'RestorationStatus'.
lib/services/restoration-tracking-service.ts(823,5): error TS2365: Operator '+=' cannot be applied to types 'number' and '{}'.
lib/services/restoration-tracking-service.ts(830,7): error TS2365: Operator '+=' cannot be applied to types 'number' and '{}'.
lib/services/restoration-tracking-service.ts(830,24): error TS18048: 'entry.progress_percentage' is possibly 'undefined'.
lib/services/restoration-tracking-service.ts(972,63): error TS2345: Argument of type 'unknown' is not assignable to parameter of type 'string'.
lib/services/restoration-tracking-service.ts(976,35): error TS2345: Argument of type 'unknown' is not assignable to parameter of type 'string'.
lib/services/restoration-tracking-service.ts(984,9): error TS2365: Operator '+=' cannot be applied to types 'number' and '{}'.
lib/services/restoration-tracking-service.ts(984,26): error TS18048: 'entry.progress_percentage' is possibly 'undefined'.
lib/services/restoration-tracking-service.ts(996,53): error TS2365: Operator '+' cannot be applied to types 'number' and '{}'.
lib/services/restoration-tracking-service.ts(1013,5): error TS2322: Type 'unknown' is not assignable to type 'string'.
lib/services/restoration-tracking-service.ts(1039,5): error TS2322: Type '{}' is not assignable to type 'number'.
lib/services/restoration-tracking-service.ts(1044,5): error TS2322: Type 'unknown' is not assignable to type 'string'.
lib/services/restoration-tracking-service.ts(1045,5): error TS2322: Type 'unknown' is not assignable to type 'string'.
